dwspy succeeded.

C:\svil_11\Gestione_Associati\web.pbt_build\web>csc
Compilatore Microsoft (R) Visual C# 2005 versione 8.00.50727.3053
per Microsoft (R) Windows (R) 2005 Framework versione 2.0.50727
Copyright (C) Microsoft Corporation 2001-2005. Tutti i diritti riservati.

fatal error CS2008: Nessun input specificato

C:\svil_11\Gestione_Associati\web.pbt_build\web>if errorlevel 9009 exit 3 

C:\svil_11\Gestione_Associati\web.pbt_build\web>if exist "C:\svil_11\Gestione_Associati\web.pbt_build\web\*.asmx" del "C:\svil_11\Gestione_Associati\web.pbt_build\web\*.asmx" 

C:\svil_11\Gestione_Associati\web.pbt_build\web>if exist "C:\svil_11\Gestione_Associati\web.pbt_build\web\*.html" del "C:\svil_11\Gestione_Associati\web.pbt_build\web\*.html" 

C:\svil_11\Gestione_Associati\web.pbt_build\web>if exist "C:\svil_11\Gestione_Associati\web.pbt_build\web\*.css" del "C:\svil_11\Gestione_Associati\web.pbt_build\web\*.css" 

C:\svil_11\Gestione_Associati\web.pbt_build\web>if exist "C:\svil_11\Gestione_Associati\web.pbt_build\web\*.aspx" del "C:\svil_11\Gestione_Associati\web.pbt_build\web\*.aspx" 

C:\svil_11\Gestione_Associati\web.pbt_build\web>if exist "C:\svil_11\Gestione_Associati\web.pbt_build\web\*.htm" del "C:\svil_11\Gestione_Associati\web.pbt_build\web\*.htm" 

C:\svil_11\Gestione_Associati\web.pbt_build\web>if exist "C:\svil_11\Gestione_Associati\web.pbt_build\web\*.js" del "C:\svil_11\Gestione_Associati\web.pbt_build\web\*.js" 

C:\svil_11\Gestione_Associati\web.pbt_build\web>if exist "C:\svil_11\Gestione_Associati\web.pbt_build\web\*.resx" del "C:\svil_11\Gestione_Associati\web.pbt_build\web\*.resx" 

C:\svil_11\Gestione_Associati\web.pbt_build\web>if exist "C:\svil_11\Gestione_Associati\web.pbt_build\web\*.asax" del "C:\svil_11\Gestione_Associati\web.pbt_build\web\*.asax" 

C:\svil_11\Gestione_Associati\web.pbt_build\web>if exist "C:\svil_11\Gestione_Associati\web.pbt_build\web\build.bat" del "C:\svil_11\Gestione_Associati\web.pbt_build\web\build.bat" 

C:\svil_11\Gestione_Associati\web.pbt_build\web>if exist "C:\svil_11\Gestione_Associati\web.pbt_build\web\web.config" del "C:\svil_11\Gestione_Associati\web.pbt_build\web\web.config" 

C:\svil_11\Gestione_Associati\web.pbt_build\web>if exist "C:\svil_11\Gestione_Associati\web.pbt_build\web\bin" rd /s /q "C:\svil_11\Gestione_Associati\web.pbt_build\web\bin" 

C:\svil_11\Gestione_Associati\web.pbt_build\web>if exist "C:\svil_11\Gestione_Associati\web.pbt_build\web\images" rd /s /q "C:\svil_11\Gestione_Associati\web.pbt_build\web\images" 

C:\svil_11\Gestione_Associati\web.pbt_build\web>if exist "C:\svil_11\Gestione_Associati\web.pbt_build\web\scripts" rd /s /q "C:\svil_11\Gestione_Associati\web.pbt_build\web\scripts" 

C:\svil_11\Gestione_Associati\web.pbt_build\web>if exist "C:\svil_11\Gestione_Associati\web.pbt_build\web\temp" rd /s /q "C:\svil_11\Gestione_Associati\web.pbt_build\web\temp" 

C:\svil_11\Gestione_Associati\web.pbt_build\web>if exist "C:\svil_11\Gestione_Associati\web.pbt_build\web\..\web_root\file\common\Registry.xml" del "C:\svil_11\Gestione_Associati\web.pbt_build\web\..\web_root\file\common\Registry.xml" 

C:\svil_11\Gestione_Associati\web.pbt_build\web>if exist "C:\svil_11\Gestione_Associati\web.pbt_build\web\..\web_root\file\common\a" rd /s /q "C:\svil_11\Gestione_Associati\web.pbt_build\web\..\web_root\file\common\a" 

C:\svil_11\Gestione_Associati\web.pbt_build\web>if exist "C:\svil_11\Gestione_Associati\web.pbt_build\web\..\web_root\file\common\b" rd /s /q "C:\svil_11\Gestione_Associati\web.pbt_build\web\..\web_root\file\common\b" 

C:\svil_11\Gestione_Associati\web.pbt_build\web>if exist "C:\svil_11\Gestione_Associati\web.pbt_build\web\..\web_root\file\common\c" rd /s /q "C:\svil_11\Gestione_Associati\web.pbt_build\web\..\web_root\file\common\c" 

C:\svil_11\Gestione_Associati\web.pbt_build\web>if exist "C:\svil_11\Gestione_Associati\web.pbt_build\web\..\web_root\file\common\d" rd /s /q "C:\svil_11\Gestione_Associati\web.pbt_build\web\..\web_root\file\common\d" 

C:\svil_11\Gestione_Associati\web.pbt_build\web>if exist "C:\svil_11\Gestione_Associati\web.pbt_build\web\..\web_root\file\common\e" rd /s /q "C:\svil_11\Gestione_Associati\web.pbt_build\web\..\web_root\file\common\e" 

C:\svil_11\Gestione_Associati\web.pbt_build\web>if exist "C:\svil_11\Gestione_Associati\web.pbt_build\web\..\web_root\file\common\f" rd /s /q "C:\svil_11\Gestione_Associati\web.pbt_build\web\..\web_root\file\common\f" 

C:\svil_11\Gestione_Associati\web.pbt_build\web>if exist "C:\svil_11\Gestione_Associati\web.pbt_build\web\..\web_root\file\common\g" rd /s /q "C:\svil_11\Gestione_Associati\web.pbt_build\web\..\web_root\file\common\g" 

C:\svil_11\Gestione_Associati\web.pbt_build\web>if exist "C:\svil_11\Gestione_Associati\web.pbt_build\web\..\web_root\file\common\h" rd /s /q "C:\svil_11\Gestione_Associati\web.pbt_build\web\..\web_root\file\common\h" 

C:\svil_11\Gestione_Associati\web.pbt_build\web>if exist "C:\svil_11\Gestione_Associati\web.pbt_build\web\..\web_root\file\common\i" rd /s /q "C:\svil_11\Gestione_Associati\web.pbt_build\web\..\web_root\file\common\i" 

C:\svil_11\Gestione_Associati\web.pbt_build\web>if exist "C:\svil_11\Gestione_Associati\web.pbt_build\web\..\web_root\file\common\j" rd /s /q "C:\svil_11\Gestione_Associati\web.pbt_build\web\..\web_root\file\common\j" 

C:\svil_11\Gestione_Associati\web.pbt_build\web>if exist "C:\svil_11\Gestione_Associati\web.pbt_build\web\..\web_root\file\common\k" rd /s /q "C:\svil_11\Gestione_Associati\web.pbt_build\web\..\web_root\file\common\k" 

C:\svil_11\Gestione_Associati\web.pbt_build\web>if exist "C:\svil_11\Gestione_Associati\web.pbt_build\web\..\web_root\file\common\l" rd /s /q "C:\svil_11\Gestione_Associati\web.pbt_build\web\..\web_root\file\common\l" 

C:\svil_11\Gestione_Associati\web.pbt_build\web>if exist "C:\svil_11\Gestione_Associati\web.pbt_build\web\..\web_root\file\common\m" rd /s /q "C:\svil_11\Gestione_Associati\web.pbt_build\web\..\web_root\file\common\m" 

C:\svil_11\Gestione_Associati\web.pbt_build\web>if exist "C:\svil_11\Gestione_Associati\web.pbt_build\web\..\web_root\file\common\n" rd /s /q "C:\svil_11\Gestione_Associati\web.pbt_build\web\..\web_root\file\common\n" 

C:\svil_11\Gestione_Associati\web.pbt_build\web>if exist "C:\svil_11\Gestione_Associati\web.pbt_build\web\..\web_root\file\common\o" rd /s /q "C:\svil_11\Gestione_Associati\web.pbt_build\web\..\web_root\file\common\o" 

C:\svil_11\Gestione_Associati\web.pbt_build\web>if exist "C:\svil_11\Gestione_Associati\web.pbt_build\web\..\web_root\file\common\p" rd /s /q "C:\svil_11\Gestione_Associati\web.pbt_build\web\..\web_root\file\common\p" 

C:\svil_11\Gestione_Associati\web.pbt_build\web>if exist "C:\svil_11\Gestione_Associati\web.pbt_build\web\..\web_root\file\common\q" rd /s /q "C:\svil_11\Gestione_Associati\web.pbt_build\web\..\web_root\file\common\q" 

C:\svil_11\Gestione_Associati\web.pbt_build\web>if exist "C:\svil_11\Gestione_Associati\web.pbt_build\web\..\web_root\file\common\r" rd /s /q "C:\svil_11\Gestione_Associati\web.pbt_build\web\..\web_root\file\common\r" 

C:\svil_11\Gestione_Associati\web.pbt_build\web>if exist "C:\svil_11\Gestione_Associati\web.pbt_build\web\..\web_root\file\common\s" rd /s /q "C:\svil_11\Gestione_Associati\web.pbt_build\web\..\web_root\file\common\s" 

C:\svil_11\Gestione_Associati\web.pbt_build\web>if exist "C:\svil_11\Gestione_Associati\web.pbt_build\web\..\web_root\file\common\t" rd /s /q "C:\svil_11\Gestione_Associati\web.pbt_build\web\..\web_root\file\common\t" 

C:\svil_11\Gestione_Associati\web.pbt_build\web>if exist "C:\svil_11\Gestione_Associati\web.pbt_build\web\..\web_root\file\common\u" rd /s /q "C:\svil_11\Gestione_Associati\web.pbt_build\web\..\web_root\file\common\u" 

C:\svil_11\Gestione_Associati\web.pbt_build\web>if exist "C:\svil_11\Gestione_Associati\web.pbt_build\web\..\web_root\file\common\v" rd /s /q "C:\svil_11\Gestione_Associati\web.pbt_build\web\..\web_root\file\common\v" 

C:\svil_11\Gestione_Associati\web.pbt_build\web>if exist "C:\svil_11\Gestione_Associati\web.pbt_build\web\..\web_root\file\common\w" rd /s /q "C:\svil_11\Gestione_Associati\web.pbt_build\web\..\web_root\file\common\w" 

C:\svil_11\Gestione_Associati\web.pbt_build\web>if exist "C:\svil_11\Gestione_Associati\web.pbt_build\web\..\web_root\file\common\x" rd /s /q "C:\svil_11\Gestione_Associati\web.pbt_build\web\..\web_root\file\common\x" 

C:\svil_11\Gestione_Associati\web.pbt_build\web>if exist "C:\svil_11\Gestione_Associati\web.pbt_build\web\..\web_root\file\common\y" rd /s /q "C:\svil_11\Gestione_Associati\web.pbt_build\web\..\web_root\file\common\y" 

C:\svil_11\Gestione_Associati\web.pbt_build\web>if exist "C:\svil_11\Gestione_Associati\web.pbt_build\web\..\web_root\file\common\z" rd /s /q "C:\svil_11\Gestione_Associati\web.pbt_build\web\..\web_root\file\common\z" 

C:\svil_11\Gestione_Associati\web.pbt_build\web>rename "C:\svil_11\Gestione_Associati\web.pbt_build\web\AssemblyInfo.bak" "AssemblyInfo.cs" 

C:\svil_11\Gestione_Associati\web.pbt_build\web>"C:\Programmi\Sybase\PowerBuilder 11.5\DotNET\bin\pb2cs" @"C:\svil_11\Gestione_Associati\web.pbt_build\projectinfo.txt" 
Type-checking (pass 1) system (system)
Parsing c:\svil_11\gestione_associati\web.pbl (web)
Parsing c:\svil_11\gestione_associati\web.pbl (w_web)
Type-checking (pass 1) c:\svil_11\gestione_associati\web.pbl (w_web)
Type-checking (pass 1) c:\svil_11\gestione_associati\web.pbl (web)
Type-checking (pass 1) c:\svil_11\gestione_associati\web.pbl (w_web)
Type-checking (pass 1) c:\svil_11\gestione_associati\web.pbl (web)
Type-checking (pass 1) c:\svil_11\gestione_associati\web.pbl (w_web)
Type-checking (pass 1) c:\svil_11\gestione_associati\web.pbl (web)
Type-checking prototypes/instance variables(pass 2) 
Type-checking prototypes/instance variables(pass 2) 
Type-checking methods(pass 2) c:\svil_11\gestione_associati\web.pbl (w_web)
Type-checking methods(pass 2) c:\svil_11\gestione_associati\web.pbl (web)
Emitting c:\svil_11\gestione_associati\web.pbl (web)
Emitting c:\svil_11\gestione_associati\web.pbl (w_web)
Emitting c:\svil_11\gestione_associati\web.pbl (web)
Emitting c:\svil_11\gestione_associati\web.pbl (w_web)


Error Summary : 0 error(s) 



Warning Summary : 0 warning(s) 



Compile complete -- 0 error(s), 0 warning(s)


C:\svil_11\Gestione_Associati\web.pbt_build\web>if ERRORLEVEL 1 exit 1 

C:\svil_11\Gestione_Associati\web.pbt_build\web>call build.bat c- "C:\svil_11\Gestione_Associati\web.pbt_build\csc_output_file_name.txt" 

C:\svil_11\Gestione_Associati\web.pbt_build\web>rem setlocal 

C:\svil_11\Gestione_Associati\web.pbt_build\web>if "c-" == "" goto usage  

C:\svil_11\Gestione_Associati\web.pbt_build\web>if "C:\Programmi\Sybase\PowerBuilder 11.5\DotNET" == "" goto sethome 

C:\svil_11\Gestione_Associati\web.pbt_build\web>if "" == "" set PB_WEBROOT=C:\Programmi\Sybase\PowerBuilder 11.5\DotNET\webroot 

C:\svil_11\Gestione_Associati\web.pbt_build\web>if "" == "" set MS_AJAX_EXT_DLL=C:\WINDOWS\assembly\GAC_MSIL\System.Web.Extensions\1.0.61025.0__31bf3856ad364e35\System.Web.Extensions.dll 

C:\svil_11\Gestione_Associati\web.pbt_build\web>if "" == "" set NET_FRAMEWORK=C:\WINDOWS\Microsoft.NET\Framework\v2.0.50727 

C:\svil_11\Gestione_Associati\web.pbt_build\web>md debug 

C:\svil_11\Gestione_Associati\web.pbt_build\web>md images 

C:\svil_11\Gestione_Associati\web.pbt_build\web>md scripts 

C:\svil_11\Gestione_Associati\web.pbt_build\web>md temp 

C:\svil_11\Gestione_Associati\web.pbt_build\web>set PBROOTDIR="..\web_root" 

C:\svil_11\Gestione_Associati\web.pbt_build\web>md "..\web_root"\mail\users 

C:\svil_11\Gestione_Associati\web.pbt_build\web>md "..\web_root"\mail\session 

C:\svil_11\Gestione_Associati\web.pbt_build\web>md "..\web_root"\print\users 

C:\svil_11\Gestione_Associati\web.pbt_build\web>md "..\web_root"\print\session 

C:\svil_11\Gestione_Associati\web.pbt_build\web>md "..\web_root"\log 

C:\svil_11\Gestione_Associati\web.pbt_build\web>md "..\web_root"\file\icon 

C:\svil_11\Gestione_Associati\web.pbt_build\web>md "..\web_root"\file\users 

C:\svil_11\Gestione_Associati\web.pbt_build\web>md "..\web_root"\file\session 

C:\svil_11\Gestione_Associati\web.pbt_build\web>set PB_WEBFILEC="..\web_root"\file\common\c 

C:\svil_11\Gestione_Associati\web.pbt_build\web>md "..\web_root"\file\common\c\temp 

C:\svil_11\Gestione_Associati\web.pbt_build\web>set PB_WEBLIBDIR="..\web_root"\file\common\c\~pl_ 

C:\svil_11\Gestione_Associati\web.pbt_build\web>md "..\web_root"\file\common\c\~pl_ 

C:\svil_11\Gestione_Associati\web.pbt_build\web>if "C:\svil_11\Gestione_Associati\web.pbt_build\csc_output_file_name.txt" == "" (
net user ASPNET  
  
 goto groupstep_iis6  
 cacls temp /t /e /c /g ASPNET:f  
 cacls "..\web_root" /t /e /c /g ASPNET:f  
 net localgroup IIS_WPG  
  
 goto groupstep_iis7  
 cacls temp /t /e /c /g IIS_WPG:f  
 cacls "..\web_root" /t /e /c /g IIS_WPG:f  
 net localgroup IIS_IUSRS  
  
 goto copystep  
 cacls temp /t /e /c /g IIS_IUSRS:f  
 cacls "..\web_root" /t /e /c /g IIS_IUSRS:f 
) 

C:\svil_11\Gestione_Associati\web.pbt_build\web>if "c-" == "c-" goto notcopy 

C:\svil_11\Gestione_Associati\web.pbt_build\web>xcopy /D /Y /E "C:\Programmi\Sybase\PowerBuilder 11.5\DotNET\webroot\*.*" . 
C:\Programmi\Sybase\PowerBuilder 11.5\DotNET\webroot\classic.css
C:\Programmi\Sybase\PowerBuilder 11.5\DotNET\webroot\default.htm
C:\Programmi\Sybase\PowerBuilder 11.5\DotNET\webroot\download.htm
C:\Programmi\Sybase\PowerBuilder 11.5\DotNET\webroot\execute_error.htm
C:\Programmi\Sybase\PowerBuilder 11.5\DotNET\webroot\Global.asax
C:\Programmi\Sybase\PowerBuilder 11.5\DotNET\webroot\Global.asax.cs
C:\Programmi\Sybase\PowerBuilder 11.5\DotNET\webroot\Global.asax.resx
C:\Programmi\Sybase\PowerBuilder 11.5\DotNET\webroot\GraphStreamImageContainerPage.aspx
C:\Programmi\Sybase\PowerBuilder 11.5\DotNET\webroot\iframe_control.htm
C:\Programmi\Sybase\PowerBuilder 11.5\DotNET\webroot\Login.aspx
C:\Programmi\Sybase\PowerBuilder 11.5\DotNET\webroot\pbopenfile.aspx
C:\Programmi\Sybase\PowerBuilder 11.5\DotNET\webroot\pbopenfile.aspx.cs
C:\Programmi\Sybase\PowerBuilder 11.5\DotNET\webroot\pbuploadfile.aspx
C:\Programmi\Sybase\PowerBuilder 11.5\DotNET\webroot\pbuploadfile.aspx.cs
C:\Programmi\Sybase\PowerBuilder 11.5\DotNET\webroot\StreamImageContainerPage.aspx
C:\Programmi\Sybase\PowerBuilder 11.5\DotNET\webroot\too_many_users.htm
C:\Programmi\Sybase\PowerBuilder 11.5\DotNET\webroot\UsersInit.aspx
C:\Programmi\Sybase\PowerBuilder 11.5\DotNET\webroot\wait.htm
C:\Programmi\Sybase\PowerBuilder 11.5\DotNET\webroot\xp.css
C:\Programmi\Sybase\PowerBuilder 11.5\DotNET\webroot\admin\UserAdd.aspx
C:\Programmi\Sybase\PowerBuilder 11.5\DotNET\webroot\admin\UserAdd.aspx.cs
C:\Programmi\Sybase\PowerBuilder 11.5\DotNET\webroot\admin\UserEdit.aspx
C:\Programmi\Sybase\PowerBuilder 11.5\DotNET\webroot\admin\UserEdit.aspx.cs
C:\Programmi\Sybase\PowerBuilder 11.5\DotNET\webroot\admin\Users.aspx
C:\Programmi\Sybase\PowerBuilder 11.5\DotNET\webroot\admin\Users.aspx.cs
C:\Programmi\Sybase\PowerBuilder 11.5\DotNET\webroot\images\ajax-loader.gif
C:\Programmi\Sybase\PowerBuilder 11.5\DotNET\webroot\images\arrow_black.gif
C:\Programmi\Sybase\PowerBuilder 11.5\DotNET\webroot\images\bg.gif
C:\Programmi\Sybase\PowerBuilder 11.5\DotNET\webroot\images\Bgcolor.gif
C:\Programmi\Sybase\PowerBuilder 11.5\DotNET\webroot\images\Bold.gif
C:\Programmi\Sybase\PowerBuilder 11.5\DotNET\webroot\images\break.gif
C:\Programmi\Sybase\PowerBuilder 11.5\DotNET\webroot\images\Bullist.gif
C:\Programmi\Sybase\PowerBuilder 11.5\DotNET\webroot\images\Center.gif
C:\Programmi\Sybase\PowerBuilder 11.5\DotNET\webroot\images\checkbox_1_2.jpg
C:\Programmi\Sybase\PowerBuilder 11.5\DotNET\webroot\images\classic_checkbox_1_1_0.jpg
C:\Programmi\Sybase\PowerBuilder 11.5\DotNET\webroot\images\classic_checkbox_1_1_1.jpg
C:\Programmi\Sybase\PowerBuilder 11.5\DotNET\webroot\images\classic_checkbox_1_2_0.jpg
C:\Programmi\Sybase\PowerBuilder 11.5\DotNET\webroot\images\classic_checkbox_1_2_1.jpg
C:\Programmi\Sybase\PowerBuilder 11.5\DotNET\webroot\images\classic_checkbox_1_3_0.jpg
C:\Programmi\Sybase\PowerBuilder 11.5\DotNET\webroot\images\classic_checkbox_1_3_1.jpg
C:\Programmi\Sybase\PowerBuilder 11.5\DotNET\webroot\images\classic_checkbox_2_1_0.jpg
C:\Programmi\Sybase\PowerBuilder 11.5\DotNET\webroot\images\classic_checkbox_2_1_1.jpg
C:\Programmi\Sybase\PowerBuilder 11.5\DotNET\webroot\images\classic_checkbox_2_2_0.jpg
C:\Programmi\Sybase\PowerBuilder 11.5\DotNET\webroot\images\classic_checkbox_2_2_1.jpg
C:\Programmi\Sybase\PowerBuilder 11.5\DotNET\webroot\images\classic_checkbox_2_3_0.jpg
C:\Programmi\Sybase\PowerBuilder 11.5\DotNET\webroot\images\classic_checkbox_2_3_1.jpg
C:\Programmi\Sybase\PowerBuilder 11.5\DotNET\webroot\images\classic_close.gif
C:\Programmi\Sybase\PowerBuilder 11.5\DotNET\webroot\images\classic_max.gif
C:\Programmi\Sybase\PowerBuilder 11.5\DotNET\webroot\images\classic_min.gif
C:\Programmi\Sybase\PowerBuilder 11.5\DotNET\webroot\images\classic_restore.gif
C:\Programmi\Sybase\PowerBuilder 11.5\DotNET\webroot\images\classic_web_close.gif
C:\Programmi\Sybase\PowerBuilder 11.5\DotNET\webroot\images\ClipboardPaste.gif
C:\Programmi\Sybase\PowerBuilder 11.5\DotNET\webroot\images\close.gif
C:\Programmi\Sybase\PowerBuilder 11.5\DotNET\webroot\images\Copy.gif
C:\Programmi\Sybase\PowerBuilder 11.5\DotNET\webroot\images\Cut.gif
C:\Programmi\Sybase\PowerBuilder 11.5\DotNET\webroot\images\Date.gif
C:\Programmi\Sybase\PowerBuilder 11.5\DotNET\webroot\images\dddw.gif
C:\Programmi\Sybase\PowerBuilder 11.5\DotNET\webroot\images\dddw1.gif
C:\Programmi\Sybase\PowerBuilder 11.5\DotNET\webroot\images\def_top_left.PNG
C:\Programmi\Sybase\PowerBuilder 11.5\DotNET\webroot\images\def_top_right.PNG
C:\Programmi\Sybase\PowerBuilder 11.5\DotNET\webroot\images\disable_scr_down.PNG
C:\Programmi\Sybase\PowerBuilder 11.5\DotNET\webroot\images\disable_scr_down_xp.png
C:\Programmi\Sybase\PowerBuilder 11.5\DotNET\webroot\images\down.PNG
C:\Programmi\Sybase\PowerBuilder 11.5\DotNET\webroot\images\downdisable.bmp
C:\Programmi\Sybase\PowerBuilder 11.5\DotNET\webroot\images\downenable.bmp
C:\Programmi\Sybase\PowerBuilder 11.5\DotNET\webroot\images\drive.gif
C:\Programmi\Sybase\PowerBuilder 11.5\DotNET\webroot\images\editdisable.bmp
C:\Programmi\Sybase\PowerBuilder 11.5\DotNET\webroot\images\editenable.bmp
C:\Programmi\Sybase\PowerBuilder 11.5\DotNET\webroot\images\excl.GIF
C:\Programmi\Sybase\PowerBuilder 11.5\DotNET\webroot\images\Fgcolor.gif
C:\Programmi\Sybase\PowerBuilder 11.5\DotNET\webroot\images\filemanager.gif
C:\Programmi\Sybase\PowerBuilder 11.5\DotNET\webroot\images\fndragno.cur
C:\Programmi\Sybase\PowerBuilder 11.5\DotNET\webroot\images\folder.gif
C:\Programmi\Sybase\PowerBuilder 11.5\DotNET\webroot\images\folderopen.gif
C:\Programmi\Sybase\PowerBuilder 11.5\DotNET\webroot\images\gray.gif
C:\Programmi\Sybase\PowerBuilder 11.5\DotNET\webroot\images\HSeparator.gif
C:\Programmi\Sybase\PowerBuilder 11.5\DotNET\webroot\images\htrack.PNG
C:\Programmi\Sybase\PowerBuilder 11.5\DotNET\webroot\images\h_thumb_back_ground_xp.bmp
C:\Programmi\Sybase\PowerBuilder 11.5\DotNET\webroot\images\Image.gif
C:\Programmi\Sybase\PowerBuilder 11.5\DotNET\webroot\images\Indent.gif
C:\Programmi\Sybase\PowerBuilder 11.5\DotNET\webroot\images\info.GIF
C:\Programmi\Sybase\PowerBuilder 11.5\DotNET\webroot\images\InsertTable.gif
C:\Programmi\Sybase\PowerBuilder 11.5\DotNET\webroot\images\Italic.gif
C:\Programmi\Sybase\PowerBuilder 11.5\DotNET\webroot\images\Left.gif
C:\Programmi\Sybase\PowerBuilder 11.5\DotNET\webroot\images\left.png
C:\Programmi\Sybase\PowerBuilder 11.5\DotNET\webroot\images\Link.gif
C:\Programmi\Sybase\PowerBuilder 11.5\DotNET\webroot\images\mailprofilemgr.GIF
C:\Programmi\Sybase\PowerBuilder 11.5\DotNET\webroot\images\max.gif
C:\Programmi\Sybase\PowerBuilder 11.5\DotNET\webroot\images\min.gif
C:\Programmi\Sybase\PowerBuilder 11.5\DotNET\webroot\images\mode.gif
C:\Programmi\Sybase\PowerBuilder 11.5\DotNET\webroot\images\null.gif
C:\Programmi\Sybase\PowerBuilder 11.5\DotNET\webroot\images\Numlist.gif
C:\Programmi\Sybase\PowerBuilder 11.5\DotNET\webroot\images\Outdent.gif
C:\Programmi\Sybase\PowerBuilder 11.5\DotNET\webroot\images\Paste.gif
C:\Programmi\Sybase\PowerBuilder 11.5\DotNET\webroot\images\printer.gif
C:\Programmi\Sybase\PowerBuilder 11.5\DotNET\webroot\images\printmanager.gif
C:\Programmi\Sybase\PowerBuilder 11.5\DotNET\webroot\images\quest.GIF
C:\Programmi\Sybase\PowerBuilder 11.5\DotNET\webroot\images\RadToolbarLeft_c.bmp
C:\Programmi\Sybase\PowerBuilder 11.5\DotNET\webroot\images\removedisable.bmp
C:\Programmi\Sybase\PowerBuilder 11.5\DotNET\webroot\images\removeenable.bmp
C:\Programmi\Sybase\PowerBuilder 11.5\DotNET\webroot\images\restore.gif
C:\Programmi\Sybase\PowerBuilder 11.5\DotNET\webroot\images\Right.gif
C:\Programmi\Sybase\PowerBuilder 11.5\DotNET\webroot\images\right.PNG
C:\Programmi\Sybase\PowerBuilder 11.5\DotNET\webroot\images\root.gif
C:\Programmi\Sybase\PowerBuilder 11.5\DotNET\webroot\images\scr_down.PNG
C:\Programmi\Sybase\PowerBuilder 11.5\DotNET\webroot\images\scr_down_xp.PNG
C:\Programmi\Sybase\PowerBuilder 11.5\DotNET\webroot\images\scr_left.PNG
C:\Programmi\Sybase\PowerBuilder 11.5\DotNET\webroot\images\scr_left_xp.PNG
C:\Programmi\Sybase\PowerBuilder 11.5\DotNET\webroot\images\scr_right.PNG
C:\Programmi\Sybase\PowerBuilder 11.5\DotNET\webroot\images\scr_right_xp.PNG
C:\Programmi\Sybase\PowerBuilder 11.5\DotNET\webroot\images\scr_up.PNG
C:\Programmi\Sybase\PowerBuilder 11.5\DotNET\webroot\images\scr_up_xp.PNG
C:\Programmi\Sybase\PowerBuilder 11.5\DotNET\webroot\images\Show.gif
C:\Programmi\Sybase\PowerBuilder 11.5\DotNET\webroot\images\Spacer.gif
C:\Programmi\Sybase\PowerBuilder 11.5\DotNET\webroot\images\stop.GIF
C:\Programmi\Sybase\PowerBuilder 11.5\DotNET\webroot\images\Table.gif
C:\Programmi\Sybase\PowerBuilder 11.5\DotNET\webroot\images\tab_close_classic_normal.gif
C:\Programmi\Sybase\PowerBuilder 11.5\DotNET\webroot\images\tab_close_xp_normal.gif
C:\Programmi\Sybase\PowerBuilder 11.5\DotNET\webroot\images\tab_left.PNG
C:\Programmi\Sybase\PowerBuilder 11.5\DotNET\webroot\images\tab_left_bottom.PNG
C:\Programmi\Sybase\PowerBuilder 11.5\DotNET\webroot\images\tab_left_top.PNG
C:\Programmi\Sybase\PowerBuilder 11.5\DotNET\webroot\images\tab_scr_down.PNG
C:\Programmi\Sybase\PowerBuilder 11.5\DotNET\webroot\images\tab_scr_left.PNG
C:\Programmi\Sybase\PowerBuilder 11.5\DotNET\webroot\images\tab_scr_right.PNG
C:\Programmi\Sybase\PowerBuilder 11.5\DotNET\webroot\images\tab_scr_up.PNG
C:\Programmi\Sybase\PowerBuilder 11.5\DotNET\webroot\images\tab_top.PNG
C:\Programmi\Sybase\PowerBuilder 11.5\DotNET\webroot\images\tab_top_left.PNG
C:\Programmi\Sybase\PowerBuilder 11.5\DotNET\webroot\images\tab_top_right.PNG
C:\Programmi\Sybase\PowerBuilder 11.5\DotNET\webroot\images\thememanager.gif
C:\Programmi\Sybase\PowerBuilder 11.5\DotNET\webroot\images\thumb.png
C:\Programmi\Sybase\PowerBuilder 11.5\DotNET\webroot\images\thumb_mouse_down.png
C:\Programmi\Sybase\PowerBuilder 11.5\DotNET\webroot\images\Underline.gif
C:\Programmi\Sybase\PowerBuilder 11.5\DotNET\webroot\images\up.PNG
C:\Programmi\Sybase\PowerBuilder 11.5\DotNET\webroot\images\uparrow.cur
C:\Programmi\Sybase\PowerBuilder 11.5\DotNET\webroot\images\updisable.bmp
C:\Programmi\Sybase\PowerBuilder 11.5\DotNET\webroot\images\upenable.bmp
C:\Programmi\Sybase\PowerBuilder 11.5\DotNET\webroot\images\VSeparator.gif
C:\Programmi\Sybase\PowerBuilder 11.5\DotNET\webroot\images\vtrack.PNG
C:\Programmi\Sybase\PowerBuilder 11.5\DotNET\webroot\images\v_thumb_back_ground_xp.bmp
C:\Programmi\Sybase\PowerBuilder 11.5\DotNET\webroot\images\xp_checkbox_1_1_0.jpg
C:\Programmi\Sybase\PowerBuilder 11.5\DotNET\webroot\images\xp_checkbox_1_1_1.jpg
C:\Programmi\Sybase\PowerBuilder 11.5\DotNET\webroot\images\xp_checkbox_1_2_0.jpg
C:\Programmi\Sybase\PowerBuilder 11.5\DotNET\webroot\images\xp_checkbox_1_2_1.jpg
C:\Programmi\Sybase\PowerBuilder 11.5\DotNET\webroot\images\xp_checkbox_1_3_0.jpg
C:\Programmi\Sybase\PowerBuilder 11.5\DotNET\webroot\images\xp_checkbox_1_3_1.jpg
C:\Programmi\Sybase\PowerBuilder 11.5\DotNET\webroot\images\xp_checkbox_2_1_0.jpg
C:\Programmi\Sybase\PowerBuilder 11.5\DotNET\webroot\images\xp_checkbox_2_1_1.jpg
C:\Programmi\Sybase\PowerBuilder 11.5\DotNET\webroot\images\xp_checkbox_2_2_0.jpg
C:\Programmi\Sybase\PowerBuilder 11.5\DotNET\webroot\images\xp_checkbox_2_2_1.jpg
C:\Programmi\Sybase\PowerBuilder 11.5\DotNET\webroot\images\xp_checkbox_2_3_0.jpg
C:\Programmi\Sybase\PowerBuilder 11.5\DotNET\webroot\images\xp_checkbox_2_3_1.jpg
C:\Programmi\Sybase\PowerBuilder 11.5\DotNET\webroot\images\xp_close.gif
C:\Programmi\Sybase\PowerBuilder 11.5\DotNET\webroot\images\xp_max.gif
C:\Programmi\Sybase\PowerBuilder 11.5\DotNET\webroot\images\xp_min.gif
C:\Programmi\Sybase\PowerBuilder 11.5\DotNET\webroot\images\xp_restore.gif
C:\Programmi\Sybase\PowerBuilder 11.5\DotNET\webroot\images\xp_titlebar.JPG
C:\Programmi\Sybase\PowerBuilder 11.5\DotNET\webroot\images\xp_web_close.gif
C:\Programmi\Sybase\PowerBuilder 11.5\DotNET\webroot\images\res\algnbot.bmp
C:\Programmi\Sybase\PowerBuilder 11.5\DotNET\webroot\images\res\algncntr.bmp
C:\Programmi\Sybase\PowerBuilder 11.5\DotNET\webroot\images\res\algnhcnt.bmp
C:\Programmi\Sybase\PowerBuilder 11.5\DotNET\webroot\images\res\algnleft.bmp
C:\Programmi\Sybase\PowerBuilder 11.5\DotNET\webroot\images\res\algnrght.bmp
C:\Programmi\Sybase\PowerBuilder 11.5\DotNET\webroot\images\res\algntop.bmp
C:\Programmi\Sybase\PowerBuilder 11.5\DotNET\webroot\images\res\appstarting.bmp
C:\Programmi\Sybase\PowerBuilder 11.5\DotNET\webroot\images\res\area2d.ico
C:\Programmi\Sybase\PowerBuilder 11.5\DotNET\webroot\images\res\area3d.ico
C:\Programmi\Sybase\PowerBuilder 11.5\DotNET\webroot\images\res\bar2d.ico
C:\Programmi\Sybase\PowerBuilder 11.5\DotNET\webroot\images\res\bar3d.ico
C:\Programmi\Sybase\PowerBuilder 11.5\DotNET\webroot\images\res\bar3dobj.ico
C:\Programmi\Sybase\PowerBuilder 11.5\DotNET\webroot\images\res\barst3do.ico
C:\Programmi\Sybase\PowerBuilder 11.5\DotNET\webroot\images\res\barstack.ico
C:\Programmi\Sybase\PowerBuilder 11.5\DotNET\webroot\images\res\col2d.ico
C:\Programmi\Sybase\PowerBuilder 11.5\DotNET\webroot\images\res\col3d.ico
C:\Programmi\Sybase\PowerBuilder 11.5\DotNET\webroot\images\res\col3dobj.ico
C:\Programmi\Sybase\PowerBuilder 11.5\DotNET\webroot\images\res\colst3do.ico
C:\Programmi\Sybase\PowerBuilder 11.5\DotNET\webroot\images\res\colstack.ico
C:\Programmi\Sybase\PowerBuilder 11.5\DotNET\webroot\images\res\dtpmask.bmp
C:\Programmi\Sybase\PowerBuilder 11.5\DotNET\webroot\images\res\dwsyntax.ico
C:\Programmi\Sybase\PowerBuilder 11.5\DotNET\webroot\images\res\epgchkdd.bmp
C:\Programmi\Sybase\PowerBuilder 11.5\DotNET\webroot\images\res\epgchked.bmp
C:\Programmi\Sybase\PowerBuilder 11.5\DotNET\webroot\images\res\exclamation.ico
C:\Programmi\Sybase\PowerBuilder 11.5\DotNET\webroot\images\res\fn0600.bmp
C:\Programmi\Sybase\PowerBuilder 11.5\DotNET\webroot\images\res\fn0602.bmp
C:\Programmi\Sybase\PowerBuilder 11.5\DotNET\webroot\images\res\fn0604.bmp
C:\Programmi\Sybase\PowerBuilder 11.5\DotNET\webroot\images\res\fn0700.bmp
C:\Programmi\Sybase\PowerBuilder 11.5\DotNET\webroot\images\res\fn0702.bmp
C:\Programmi\Sybase\PowerBuilder 11.5\DotNET\webroot\images\res\fn0704.bmp
C:\Programmi\Sybase\PowerBuilder 11.5\DotNET\webroot\images\res\fn1000.bmp
C:\Programmi\Sybase\PowerBuilder 11.5\DotNET\webroot\images\res\fn1000.ico
C:\Programmi\Sybase\PowerBuilder 11.5\DotNET\webroot\images\res\fn1002.bmp
C:\Programmi\Sybase\PowerBuilder 11.5\DotNET\webroot\images\res\fn1002.ico
C:\Programmi\Sybase\PowerBuilder 11.5\DotNET\webroot\images\res\fn1004.bmp
C:\Programmi\Sybase\PowerBuilder 11.5\DotNET\webroot\images\res\fn1004.ico
C:\Programmi\Sybase\PowerBuilder 11.5\DotNET\webroot\images\res\fn1006.bmp
C:\Programmi\Sybase\PowerBuilder 11.5\DotNET\webroot\images\res\fn1006.ico
C:\Programmi\Sybase\PowerBuilder 11.5\DotNET\webroot\images\res\fn1008.bmp
C:\Programmi\Sybase\PowerBuilder 11.5\DotNET\webroot\images\res\fn1008.ico
C:\Programmi\Sybase\PowerBuilder 11.5\DotNET\webroot\images\res\fn1010.bmp
C:\Programmi\Sybase\PowerBuilder 11.5\DotNET\webroot\images\res\fn1012.bmp
C:\Programmi\Sybase\PowerBuilder 11.5\DotNET\webroot\images\res\fn1014.bmp
C:\Programmi\Sybase\PowerBuilder 11.5\DotNET\webroot\images\res\fn1014.ico
C:\Programmi\Sybase\PowerBuilder 11.5\DotNET\webroot\images\res\fn1016.bmp
C:\Programmi\Sybase\PowerBuilder 11.5\DotNET\webroot\images\res\fn1018.bmp
C:\Programmi\Sybase\PowerBuilder 11.5\DotNET\webroot\images\res\fn1018.ico
C:\Programmi\Sybase\PowerBuilder 11.5\DotNET\webroot\images\res\fn1020.bmp
C:\Programmi\Sybase\PowerBuilder 11.5\DotNET\webroot\images\res\fn1020.ico
C:\Programmi\Sybase\PowerBuilder 11.5\DotNET\webroot\images\res\fn1022.bmp
C:\Programmi\Sybase\PowerBuilder 11.5\DotNET\webroot\images\res\fn1022.ico
C:\Programmi\Sybase\PowerBuilder 11.5\DotNET\webroot\images\res\fn1024.bmp
C:\Programmi\Sybase\PowerBuilder 11.5\DotNET\webroot\images\res\fn1026.bmp
C:\Programmi\Sybase\PowerBuilder 11.5\DotNET\webroot\images\res\fn1026.ico
C:\Programmi\Sybase\PowerBuilder 11.5\DotNET\webroot\images\res\fn1030.bmp
C:\Programmi\Sybase\PowerBuilder 11.5\DotNET\webroot\images\res\fn1030.ico
C:\Programmi\Sybase\PowerBuilder 11.5\DotNET\webroot\images\res\fn1032.bmp
C:\Programmi\Sybase\PowerBuilder 11.5\DotNET\webroot\images\res\fn1032.ico
C:\Programmi\Sybase\PowerBuilder 11.5\DotNET\webroot\images\res\fn1034.bmp
C:\Programmi\Sybase\PowerBuilder 11.5\DotNET\webroot\images\res\fn1034.ico
C:\Programmi\Sybase\PowerBuilder 11.5\DotNET\webroot\images\res\fn1036.bmp
C:\Programmi\Sybase\PowerBuilder 11.5\DotNET\webroot\images\res\fn1038.bmp
C:\Programmi\Sybase\PowerBuilder 11.5\DotNET\webroot\images\res\fn1040.bmp
C:\Programmi\Sybase\PowerBuilder 11.5\DotNET\webroot\images\res\fn1042.bmp
C:\Programmi\Sybase\PowerBuilder 11.5\DotNET\webroot\images\res\fn1044.bmp
C:\Programmi\Sybase\PowerBuilder 11.5\DotNET\webroot\images\res\fn1048.bmp
C:\Programmi\Sybase\PowerBuilder 11.5\DotNET\webroot\images\res\fn1050.bmp
C:\Programmi\Sybase\PowerBuilder 11.5\DotNET\webroot\images\res\fn1052.bmp
C:\Programmi\Sybase\PowerBuilder 11.5\DotNET\webroot\images\res\fn1052.ico
C:\Programmi\Sybase\PowerBuilder 11.5\DotNET\webroot\images\res\fn1054.bmp
C:\Programmi\Sybase\PowerBuilder 11.5\DotNET\webroot\images\res\fn1056.bmp
C:\Programmi\Sybase\PowerBuilder 11.5\DotNET\webroot\images\res\fn1060.bmp
C:\Programmi\Sybase\PowerBuilder 11.5\DotNET\webroot\images\res\fn1060.ico
C:\Programmi\Sybase\PowerBuilder 11.5\DotNET\webroot\images\res\fn1062.bmp
C:\Programmi\Sybase\PowerBuilder 11.5\DotNET\webroot\images\res\fn1064.bmp
C:\Programmi\Sybase\PowerBuilder 11.5\DotNET\webroot\images\res\fn1064.ico
C:\Programmi\Sybase\PowerBuilder 11.5\DotNET\webroot\images\res\fn1068.bmp
C:\Programmi\Sybase\PowerBuilder 11.5\DotNET\webroot\images\res\fn1070.bmp
C:\Programmi\Sybase\PowerBuilder 11.5\DotNET\webroot\images\res\fn1074.bmp
C:\Programmi\Sybase\PowerBuilder 11.5\DotNET\webroot\images\res\fn1076.bmp
C:\Programmi\Sybase\PowerBuilder 11.5\DotNET\webroot\images\res\fn1076.ico
C:\Programmi\Sybase\PowerBuilder 11.5\DotNET\webroot\images\res\fn1078.bmp
C:\Programmi\Sybase\PowerBuilder 11.5\DotNET\webroot\images\res\fn1080.bmp
C:\Programmi\Sybase\PowerBuilder 11.5\DotNET\webroot\images\res\fn1082.bmp
C:\Programmi\Sybase\PowerBuilder 11.5\DotNET\webroot\images\res\fn1084.bmp
C:\Programmi\Sybase\PowerBuilder 11.5\DotNET\webroot\images\res\fn1086.bmp
C:\Programmi\Sybase\PowerBuilder 11.5\DotNET\webroot\images\res\fn1088.bmp
C:\Programmi\Sybase\PowerBuilder 11.5\DotNET\webroot\images\res\fn1090.bmp
C:\Programmi\Sybase\PowerBuilder 11.5\DotNET\webroot\images\res\fn1092.bmp
C:\Programmi\Sybase\PowerBuilder 11.5\DotNET\webroot\images\res\fn1094.bmp
C:\Programmi\Sybase\PowerBuilder 11.5\DotNET\webroot\images\res\fn1096.bmp
C:\Programmi\Sybase\PowerBuilder 11.5\DotNET\webroot\images\res\fn1098.bmp
C:\Programmi\Sybase\PowerBuilder 11.5\DotNET\webroot\images\res\fn1100.bmp
C:\Programmi\Sybase\PowerBuilder 11.5\DotNET\webroot\images\res\fn1100.ico
C:\Programmi\Sybase\PowerBuilder 11.5\DotNET\webroot\images\res\fn1102.bmp
C:\Programmi\Sybase\PowerBuilder 11.5\DotNET\webroot\images\res\fn1102.ico
C:\Programmi\Sybase\PowerBuilder 11.5\DotNET\webroot\images\res\fn1104.bmp
C:\Programmi\Sybase\PowerBuilder 11.5\DotNET\webroot\images\res\fn1106.bmp
C:\Programmi\Sybase\PowerBuilder 11.5\DotNET\webroot\images\res\fn1112.bmp
C:\Programmi\Sybase\PowerBuilder 11.5\DotNET\webroot\images\res\fn1116.bmp
C:\Programmi\Sybase\PowerBuilder 11.5\DotNET\webroot\images\res\fn1118.bmp
C:\Programmi\Sybase\PowerBuilder 11.5\DotNET\webroot\images\res\fn1118.ico
C:\Programmi\Sybase\PowerBuilder 11.5\DotNET\webroot\images\res\fn1120.bmp
C:\Programmi\Sybase\PowerBuilder 11.5\DotNET\webroot\images\res\fn1124.bmp
C:\Programmi\Sybase\PowerBuilder 11.5\DotNET\webroot\images\res\fn1126.ico
C:\Programmi\Sybase\PowerBuilder 11.5\DotNET\webroot\images\res\fn1128.bmp
C:\Programmi\Sybase\PowerBuilder 11.5\DotNET\webroot\images\res\fn1130.bmp
C:\Programmi\Sybase\PowerBuilder 11.5\DotNET\webroot\images\res\fn1132.bmp
C:\Programmi\Sybase\PowerBuilder 11.5\DotNET\webroot\images\res\fn1134.bmp
C:\Programmi\Sybase\PowerBuilder 11.5\DotNET\webroot\images\res\fn1136.bmp
C:\Programmi\Sybase\PowerBuilder 11.5\DotNET\webroot\images\res\fn1138.bmp
C:\Programmi\Sybase\PowerBuilder 11.5\DotNET\webroot\images\res\fn1140.bmp
C:\Programmi\Sybase\PowerBuilder 11.5\DotNET\webroot\images\res\fn1142.bmp
C:\Programmi\Sybase\PowerBuilder 11.5\DotNET\webroot\images\res\fn1144.bmp
C:\Programmi\Sybase\PowerBuilder 11.5\DotNET\webroot\images\res\fn1146.bmp
C:\Programmi\Sybase\PowerBuilder 11.5\DotNET\webroot\images\res\fn1148.bmp
C:\Programmi\Sybase\PowerBuilder 11.5\DotNET\webroot\images\res\fn1156.bmp
C:\Programmi\Sybase\PowerBuilder 11.5\DotNET\webroot\images\res\fn1158.bmp
C:\Programmi\Sybase\PowerBuilder 11.5\DotNET\webroot\images\res\fn1160.bmp
C:\Programmi\Sybase\PowerBuilder 11.5\DotNET\webroot\images\res\fn1258.bmp
C:\Programmi\Sybase\PowerBuilder 11.5\DotNET\webroot\images\res\fn1260.bmp
C:\Programmi\Sybase\PowerBuilder 11.5\DotNET\webroot\images\res\fn1262.bmp
C:\Programmi\Sybase\PowerBuilder 11.5\DotNET\webroot\images\res\fn1264.bmp
C:\Programmi\Sybase\PowerBuilder 11.5\DotNET\webroot\images\res\fn1266.bmp
C:\Programmi\Sybase\PowerBuilder 11.5\DotNET\webroot\images\res\fn1268.bmp
C:\Programmi\Sybase\PowerBuilder 11.5\DotNET\webroot\images\res\fn1270.bmp
C:\Programmi\Sybase\PowerBuilder 11.5\DotNET\webroot\images\res\fn1272.bmp
C:\Programmi\Sybase\PowerBuilder 11.5\DotNET\webroot\images\res\fn1274.bmp
C:\Programmi\Sybase\PowerBuilder 11.5\DotNET\webroot\images\res\fn1276.bmp
C:\Programmi\Sybase\PowerBuilder 11.5\DotNET\webroot\images\res\fn1278.bmp
C:\Programmi\Sybase\PowerBuilder 11.5\DotNET\webroot\images\res\fn1290.bmp
C:\Programmi\Sybase\PowerBuilder 11.5\DotNET\webroot\images\res\fn1292.bmp
C:\Programmi\Sybase\PowerBuilder 11.5\DotNET\webroot\images\res\fn1294.bmp
C:\Programmi\Sybase\PowerBuilder 11.5\DotNET\webroot\images\res\fn1296.bmp
C:\Programmi\Sybase\PowerBuilder 11.5\DotNET\webroot\images\res\fn1298.bmp
C:\Programmi\Sybase\PowerBuilder 11.5\DotNET\webroot\images\res\fn1300.bmp
C:\Programmi\Sybase\PowerBuilder 11.5\DotNET\webroot\images\res\fn1302.bmp
C:\Programmi\Sybase\PowerBuilder 11.5\DotNET\webroot\images\res\fn1304.bmp
C:\Programmi\Sybase\PowerBuilder 11.5\DotNET\webroot\images\res\fn1306.bmp
C:\Programmi\Sybase\PowerBuilder 11.5\DotNET\webroot\images\res\fn1308.bmp
C:\Programmi\Sybase\PowerBuilder 11.5\DotNET\webroot\images\res\fn1316.bmp
C:\Programmi\Sybase\PowerBuilder 11.5\DotNET\webroot\images\res\fn1318.bmp
C:\Programmi\Sybase\PowerBuilder 11.5\DotNET\webroot\images\res\fn1322.bmp
C:\Programmi\Sybase\PowerBuilder 11.5\DotNET\webroot\images\res\fn1324.bmp
C:\Programmi\Sybase\PowerBuilder 11.5\DotNET\webroot\images\res\fn1326.bmp
C:\Programmi\Sybase\PowerBuilder 11.5\DotNET\webroot\images\res\fn1328.bmp
C:\Programmi\Sybase\PowerBuilder 11.5\DotNET\webroot\images\res\fn1330.bmp
C:\Programmi\Sybase\PowerBuilder 11.5\DotNET\webroot\images\res\fn1332.bmp
C:\Programmi\Sybase\PowerBuilder 11.5\DotNET\webroot\images\res\fn1334.bmp
C:\Programmi\Sybase\PowerBuilder 11.5\DotNET\webroot\images\res\fn1336.bmp
C:\Programmi\Sybase\PowerBuilder 11.5\DotNET\webroot\images\res\fn1338.bmp
C:\Programmi\Sybase\PowerBuilder 11.5\DotNET\webroot\images\res\fn1340.bmp
C:\Programmi\Sybase\PowerBuilder 11.5\DotNET\webroot\images\res\fn1342.bmp
C:\Programmi\Sybase\PowerBuilder 11.5\DotNET\webroot\images\res\fn1344.bmp
C:\Programmi\Sybase\PowerBuilder 11.5\DotNET\webroot\images\res\fn1346.bmp
C:\Programmi\Sybase\PowerBuilder 11.5\DotNET\webroot\images\res\fn1348.bmp
C:\Programmi\Sybase\PowerBuilder 11.5\DotNET\webroot\images\res\fn1350.bmp
C:\Programmi\Sybase\PowerBuilder 11.5\DotNET\webroot\images\res\fn1352.bmp
C:\Programmi\Sybase\PowerBuilder 11.5\DotNET\webroot\images\res\fn1354.bmp
C:\Programmi\Sybase\PowerBuilder 11.5\DotNET\webroot\images\res\fn1356.bmp
C:\Programmi\Sybase\PowerBuilder 11.5\DotNET\webroot\images\res\fn1358.bmp
C:\Programmi\Sybase\PowerBuilder 11.5\DotNET\webroot\images\res\fn1360.bmp
C:\Programmi\Sybase\PowerBuilder 11.5\DotNET\webroot\images\res\fn1362.bmp
C:\Programmi\Sybase\PowerBuilder 11.5\DotNET\webroot\images\res\fn1364.bmp
C:\Programmi\Sybase\PowerBuilder 11.5\DotNET\webroot\images\res\fn1366.bmp
C:\Programmi\Sybase\PowerBuilder 11.5\DotNET\webroot\images\res\fn1368.bmp
C:\Programmi\Sybase\PowerBuilder 11.5\DotNET\webroot\images\res\fn1370.bmp
C:\Programmi\Sybase\PowerBuilder 11.5\DotNET\webroot\images\res\fn1372.bmp
C:\Programmi\Sybase\PowerBuilder 11.5\DotNET\webroot\images\res\fn1374.bmp
C:\Programmi\Sybase\PowerBuilder 11.5\DotNET\webroot\images\res\fn1386.bmp
C:\Programmi\Sybase\PowerBuilder 11.5\DotNET\webroot\images\res\fn1388.bmp
C:\Programmi\Sybase\PowerBuilder 11.5\DotNET\webroot\images\res\fn1390.bmp
C:\Programmi\Sybase\PowerBuilder 11.5\DotNET\webroot\images\res\fn1392.bmp
C:\Programmi\Sybase\PowerBuilder 11.5\DotNET\webroot\images\res\fn1394.bmp
C:\Programmi\Sybase\PowerBuilder 11.5\DotNET\webroot\images\res\fn1396.bmp
C:\Programmi\Sybase\PowerBuilder 11.5\DotNET\webroot\images\res\fn1398.bmp
C:\Programmi\Sybase\PowerBuilder 11.5\DotNET\webroot\images\res\fn1400.bmp
C:\Programmi\Sybase\PowerBuilder 11.5\DotNET\webroot\images\res\fn1402.bmp
C:\Programmi\Sybase\PowerBuilder 11.5\DotNET\webroot\images\res\fn1404.bmp
C:\Programmi\Sybase\PowerBuilder 11.5\DotNET\webroot\images\res\fn1406.bmp
C:\Programmi\Sybase\PowerBuilder 11.5\DotNET\webroot\images\res\fn1408.bmp
C:\Programmi\Sybase\PowerBuilder 11.5\DotNET\webroot\images\res\fn1410.bmp
C:\Programmi\Sybase\PowerBuilder 11.5\DotNET\webroot\images\res\fn1412.bmp
C:\Programmi\Sybase\PowerBuilder 11.5\DotNET\webroot\images\res\fn1414.bmp
C:\Programmi\Sybase\PowerBuilder 11.5\DotNET\webroot\images\res\fn1416.bmp
C:\Programmi\Sybase\PowerBuilder 11.5\DotNET\webroot\images\res\fn1418.bmp
C:\Programmi\Sybase\PowerBuilder 11.5\DotNET\webroot\images\res\fn1420.bmp
C:\Programmi\Sybase\PowerBuilder 11.5\DotNET\webroot\images\res\fn1422.bmp
C:\Programmi\Sybase\PowerBuilder 11.5\DotNET\webroot\images\res\fn1432.bmp
C:\Programmi\Sybase\PowerBuilder 11.5\DotNET\webroot\images\res\fn1436.bmp
C:\Programmi\Sybase\PowerBuilder 11.5\DotNET\webroot\images\res\fn1438.bmp
C:\Programmi\Sybase\PowerBuilder 11.5\DotNET\webroot\images\res\fn1440.bmp
C:\Programmi\Sybase\PowerBuilder 11.5\DotNET\webroot\images\res\fn1442.bmp
C:\Programmi\Sybase\PowerBuilder 11.5\DotNET\webroot\images\res\fn1444.bmp
C:\Programmi\Sybase\PowerBuilder 11.5\DotNET\webroot\images\res\fn1446.bmp
C:\Programmi\Sybase\PowerBuilder 11.5\DotNET\webroot\images\res\fn1448.bmp
C:\Programmi\Sybase\PowerBuilder 11.5\DotNET\webroot\images\res\fn1450.bmp
C:\Programmi\Sybase\PowerBuilder 11.5\DotNET\webroot\images\res\fn1452.bmp
C:\Programmi\Sybase\PowerBuilder 11.5\DotNET\webroot\images\res\fn1454.bmp
C:\Programmi\Sybase\PowerBuilder 11.5\DotNET\webroot\images\res\fn1456.bmp
C:\Programmi\Sybase\PowerBuilder 11.5\DotNET\webroot\images\res\fn1458.bmp
C:\Programmi\Sybase\PowerBuilder 11.5\DotNET\webroot\images\res\fn1460.bmp
C:\Programmi\Sybase\PowerBuilder 11.5\DotNET\webroot\images\res\fn1462.bmp
C:\Programmi\Sybase\PowerBuilder 11.5\DotNET\webroot\images\res\fn1464.bmp
C:\Programmi\Sybase\PowerBuilder 11.5\DotNET\webroot\images\res\fn1466.bmp
C:\Programmi\Sybase\PowerBuilder 11.5\DotNET\webroot\images\res\fn1468.bmp
C:\Programmi\Sybase\PowerBuilder 11.5\DotNET\webroot\images\res\fn1470.bmp
C:\Programmi\Sybase\PowerBuilder 11.5\DotNET\webroot\images\res\fn1472.bmp
C:\Programmi\Sybase\PowerBuilder 11.5\DotNET\webroot\images\res\fn1474.bmp
C:\Programmi\Sybase\PowerBuilder 11.5\DotNET\webroot\images\res\fn1476.bmp
C:\Programmi\Sybase\PowerBuilder 11.5\DotNET\webroot\images\res\fn1478.bmp
C:\Programmi\Sybase\PowerBuilder 11.5\DotNET\webroot\images\res\fn1480.bmp
C:\Programmi\Sybase\PowerBuilder 11.5\DotNET\webroot\images\res\fn1482.bmp
C:\Programmi\Sybase\PowerBuilder 11.5\DotNET\webroot\images\res\fn1484.bmp
C:\Programmi\Sybase\PowerBuilder 11.5\DotNET\webroot\images\res\fn1486.bmp
C:\Programmi\Sybase\PowerBuilder 11.5\DotNET\webroot\images\res\fn1488.bmp
C:\Programmi\Sybase\PowerBuilder 11.5\DotNET\webroot\images\res\fn1490.bmp
C:\Programmi\Sybase\PowerBuilder 11.5\DotNET\webroot\images\res\fn1492.bmp
C:\Programmi\Sybase\PowerBuilder 11.5\DotNET\webroot\images\res\fn1496.bmp
C:\Programmi\Sybase\PowerBuilder 11.5\DotNET\webroot\images\res\fn1497.bmp
C:\Programmi\Sybase\PowerBuilder 11.5\DotNET\webroot\images\res\fn1498minusxp.bmp
C:\Programmi\Sybase\PowerBuilder 11.5\DotNET\webroot\images\res\fn1499plusxp.bmp
C:\Programmi\Sybase\PowerBuilder 11.5\DotNET\webroot\images\res\fn1546.bmp
C:\Programmi\Sybase\PowerBuilder 11.5\DotNET\webroot\images\res\fn1548.bmp
C:\Programmi\Sybase\PowerBuilder 11.5\DotNET\webroot\images\res\fn1550.bmp
C:\Programmi\Sybase\PowerBuilder 11.5\DotNET\webroot\images\res\fn1552.bmp
C:\Programmi\Sybase\PowerBuilder 11.5\DotNET\webroot\images\res\fn1610.bmp
C:\Programmi\Sybase\PowerBuilder 11.5\DotNET\webroot\images\res\fn1610.ico
C:\Programmi\Sybase\PowerBuilder 11.5\DotNET\webroot\images\res\fn1612.bmp
C:\Programmi\Sybase\PowerBuilder 11.5\DotNET\webroot\images\res\fn1614.bmp
C:\Programmi\Sybase\PowerBuilder 11.5\DotNET\webroot\images\res\fn1616.bmp
C:\Programmi\Sybase\PowerBuilder 11.5\DotNET\webroot\images\res\fn1618.bmp
C:\Programmi\Sybase\PowerBuilder 11.5\DotNET\webroot\images\res\fn1620.bmp
C:\Programmi\Sybase\PowerBuilder 11.5\DotNET\webroot\images\res\fn1622.bmp
C:\Programmi\Sybase\PowerBuilder 11.5\DotNET\webroot\images\res\fn1624.bmp
C:\Programmi\Sybase\PowerBuilder 11.5\DotNET\webroot\images\res\fn1626.bmp
C:\Programmi\Sybase\PowerBuilder 11.5\DotNET\webroot\images\res\fn1628.bmp
C:\Programmi\Sybase\PowerBuilder 11.5\DotNET\webroot\images\res\fn1630.bmp
C:\Programmi\Sybase\PowerBuilder 11.5\DotNET\webroot\images\res\fn1632.bmp
C:\Programmi\Sybase\PowerBuilder 11.5\DotNET\webroot\images\res\fn1634.bmp
C:\Programmi\Sybase\PowerBuilder 11.5\DotNET\webroot\images\res\fn1636.ico
C:\Programmi\Sybase\PowerBuilder 11.5\DotNET\webroot\images\res\fn1638.ico
C:\Programmi\Sybase\PowerBuilder 11.5\DotNET\webroot\images\res\fn1640.bmp
C:\Programmi\Sybase\PowerBuilder 11.5\DotNET\webroot\images\res\fn1674.bmp
C:\Programmi\Sybase\PowerBuilder 11.5\DotNET\webroot\images\res\fn1676.bmp
C:\Programmi\Sybase\PowerBuilder 11.5\DotNET\webroot\images\res\fn1678.bmp
C:\Programmi\Sybase\PowerBuilder 11.5\DotNET\webroot\images\res\fn1680.bmp
C:\Programmi\Sybase\PowerBuilder 11.5\DotNET\webroot\images\res\fn1682.bmp
C:\Programmi\Sybase\PowerBuilder 11.5\DotNET\webroot\images\res\fn1684.bmp
C:\Programmi\Sybase\PowerBuilder 11.5\DotNET\webroot\images\res\fn1686.bmp
C:\Programmi\Sybase\PowerBuilder 11.5\DotNET\webroot\images\res\fn1688.bmp
C:\Programmi\Sybase\PowerBuilder 11.5\DotNET\webroot\images\res\fn1690.bmp
C:\Programmi\Sybase\PowerBuilder 11.5\DotNET\webroot\images\res\fn1692.bmp
C:\Programmi\Sybase\PowerBuilder 11.5\DotNET\webroot\images\res\fn1694.bmp
C:\Programmi\Sybase\PowerBuilder 11.5\DotNET\webroot\images\res\fn1696.bmp
C:\Programmi\Sybase\PowerBuilder 11.5\DotNET\webroot\images\res\fn1698.bmp
C:\Programmi\Sybase\PowerBuilder 11.5\DotNET\webroot\images\res\fn1700.bmp
C:\Programmi\Sybase\PowerBuilder 11.5\DotNET\webroot\images\res\fn1702.bmp
C:\Programmi\Sybase\PowerBuilder 11.5\DotNET\webroot\images\res\fn1704.bmp
C:\Programmi\Sybase\PowerBuilder 11.5\DotNET\webroot\images\res\fn1706.bmp
C:\Programmi\Sybase\PowerBuilder 11.5\DotNET\webroot\images\res\fn1708.bmp
C:\Programmi\Sybase\PowerBuilder 11.5\DotNET\webroot\images\res\fn1738.bmp
C:\Programmi\Sybase\PowerBuilder 11.5\DotNET\webroot\images\res\fn1740.bmp
C:\Programmi\Sybase\PowerBuilder 11.5\DotNET\webroot\images\res\fn1742.bmp
C:\Programmi\Sybase\PowerBuilder 11.5\DotNET\webroot\images\res\fn1744.bmp
C:\Programmi\Sybase\PowerBuilder 11.5\DotNET\webroot\images\res\fn1746.bmp
C:\Programmi\Sybase\PowerBuilder 11.5\DotNET\webroot\images\res\fn1748.bmp
C:\Programmi\Sybase\PowerBuilder 11.5\DotNET\webroot\images\res\fn1750.bmp
C:\Programmi\Sybase\PowerBuilder 11.5\DotNET\webroot\images\res\fn1752.bmp
C:\Programmi\Sybase\PowerBuilder 11.5\DotNET\webroot\images\res\fn1754.bmp
C:\Programmi\Sybase\PowerBuilder 11.5\DotNET\webroot\images\res\fn1756.bmp
C:\Programmi\Sybase\PowerBuilder 11.5\DotNET\webroot\images\res\fn1760.bmp
C:\Programmi\Sybase\PowerBuilder 11.5\DotNET\webroot\images\res\fn1762.bmp
C:\Programmi\Sybase\PowerBuilder 11.5\DotNET\webroot\images\res\fn1764.bmp
C:\Programmi\Sybase\PowerBuilder 11.5\DotNET\webroot\images\res\fn1766.bmp
C:\Programmi\Sybase\PowerBuilder 11.5\DotNET\webroot\images\res\fn1768.bmp
C:\Programmi\Sybase\PowerBuilder 11.5\DotNET\webroot\images\res\fn1770.bmp
C:\Programmi\Sybase\PowerBuilder 11.5\DotNET\webroot\images\res\fn1772.bmp
C:\Programmi\Sybase\PowerBuilder 11.5\DotNET\webroot\images\res\fn1774.bmp
C:\Programmi\Sybase\PowerBuilder 11.5\DotNET\webroot\images\res\fn1776.bmp
C:\Programmi\Sybase\PowerBuilder 11.5\DotNET\webroot\images\res\fn1778.bmp
C:\Programmi\Sybase\PowerBuilder 11.5\DotNET\webroot\images\res\fn1780.bmp
C:\Programmi\Sybase\PowerBuilder 11.5\DotNET\webroot\images\res\fn1782.bmp
C:\Programmi\Sybase\PowerBuilder 11.5\DotNET\webroot\images\res\fn1784.bmp
C:\Programmi\Sybase\PowerBuilder 11.5\DotNET\webroot\images\res\fn1786.bmp
C:\Programmi\Sybase\PowerBuilder 11.5\DotNET\webroot\images\res\fn1788.bmp
C:\Programmi\Sybase\PowerBuilder 11.5\DotNET\webroot\images\res\fn1790.bmp
C:\Programmi\Sybase\PowerBuilder 11.5\DotNET\webroot\images\res\fn1792.bmp
C:\Programmi\Sybase\PowerBuilder 11.5\DotNET\webroot\images\res\fn1796.bmp
C:\Programmi\Sybase\PowerBuilder 11.5\DotNET\webroot\images\res\fn1798.bmp
C:\Programmi\Sybase\PowerBuilder 11.5\DotNET\webroot\images\res\fn1800.bmp
C:\Programmi\Sybase\PowerBuilder 11.5\DotNET\webroot\images\res\fn1802.bmp
C:\Programmi\Sybase\PowerBuilder 11.5\DotNET\webroot\images\res\fn1804.bmp
C:\Programmi\Sybase\PowerBuilder 11.5\DotNET\webroot\images\res\fn1806.bmp
C:\Programmi\Sybase\PowerBuilder 11.5\DotNET\webroot\images\res\fn1808.bmp
C:\Programmi\Sybase\PowerBuilder 11.5\DotNET\webroot\images\res\fn1810.bmp
C:\Programmi\Sybase\PowerBuilder 11.5\DotNET\webroot\images\res\fn1812.bmp
C:\Programmi\Sybase\PowerBuilder 11.5\DotNET\webroot\images\res\fn1816.bmp
C:\Programmi\Sybase\PowerBuilder 11.5\DotNET\webroot\images\res\fn1850.bmp
C:\Programmi\Sybase\PowerBuilder 11.5\DotNET\webroot\images\res\fn1852.bmp
C:\Programmi\Sybase\PowerBuilder 11.5\DotNET\webroot\images\res\fn1854.bmp
C:\Programmi\Sybase\PowerBuilder 11.5\DotNET\webroot\images\res\fn1856.bmp
C:\Programmi\Sybase\PowerBuilder 11.5\DotNET\webroot\images\res\fn1858.bmp
C:\Programmi\Sybase\PowerBuilder 11.5\DotNET\webroot\images\res\fn1860.bmp
C:\Programmi\Sybase\PowerBuilder 11.5\DotNET\webroot\images\res\fn1862.bmp
C:\Programmi\Sybase\PowerBuilder 11.5\DotNET\webroot\images\res\fn1864.bmp
C:\Programmi\Sybase\PowerBuilder 11.5\DotNET\webroot\images\res\fn1866.bmp
C:\Programmi\Sybase\PowerBuilder 11.5\DotNET\webroot\images\res\fn1868.bmp
C:\Programmi\Sybase\PowerBuilder 11.5\DotNET\webroot\images\res\fn1934.bmp
C:\Programmi\Sybase\PowerBuilder 11.5\DotNET\webroot\images\res\fn1994.bmp
C:\Programmi\Sybase\PowerBuilder 11.5\DotNET\webroot\images\res\fn1996.bmp
C:\Programmi\Sybase\PowerBuilder 11.5\DotNET\webroot\images\res\fn1998.bmp
C:\Programmi\Sybase\PowerBuilder 11.5\DotNET\webroot\images\res\fn2000.bmp
C:\Programmi\Sybase\PowerBuilder 11.5\DotNET\webroot\images\res\fn2002.bmp
C:\Programmi\Sybase\PowerBuilder 11.5\DotNET\webroot\images\res\fn2004.bmp
C:\Programmi\Sybase\PowerBuilder 11.5\DotNET\webroot\images\res\fn2006.bmp
C:\Programmi\Sybase\PowerBuilder 11.5\DotNET\webroot\images\res\fn2122.bmp
C:\Programmi\Sybase\PowerBuilder 11.5\DotNET\webroot\images\res\fn2128.bmp
C:\Programmi\Sybase\PowerBuilder 11.5\DotNET\webroot\images\res\fn2130.bmp
C:\Programmi\Sybase\PowerBuilder 11.5\DotNET\webroot\images\res\fn2132.bmp
C:\Programmi\Sybase\PowerBuilder 11.5\DotNET\webroot\images\res\fn2134.bmp
C:\Programmi\Sybase\PowerBuilder 11.5\DotNET\webroot\images\res\fn2136.bmp
C:\Programmi\Sybase\PowerBuilder 11.5\DotNET\webroot\images\res\fn2140.bmp
C:\Programmi\Sybase\PowerBuilder 11.5\DotNET\webroot\images\res\fn2142.bmp
C:\Programmi\Sybase\PowerBuilder 11.5\DotNET\webroot\images\res\fn2144.bmp
C:\Programmi\Sybase\PowerBuilder 11.5\DotNET\webroot\images\res\fn2152.bmp
C:\Programmi\Sybase\PowerBuilder 11.5\DotNET\webroot\images\res\fn2156.bmp
C:\Programmi\Sybase\PowerBuilder 11.5\DotNET\webroot\images\res\fn2160.bmp
C:\Programmi\Sybase\PowerBuilder 11.5\DotNET\webroot\images\res\fn2164.bmp
C:\Programmi\Sybase\PowerBuilder 11.5\DotNET\webroot\images\res\fn2166.bmp
C:\Programmi\Sybase\PowerBuilder 11.5\DotNET\webroot\images\res\fn2168.bmp
C:\Programmi\Sybase\PowerBuilder 11.5\DotNET\webroot\images\res\fn2170.bmp
C:\Programmi\Sybase\PowerBuilder 11.5\DotNET\webroot\images\res\fn2172.bmp
C:\Programmi\Sybase\PowerBuilder 11.5\DotNET\webroot\images\res\fn2178.bmp
C:\Programmi\Sybase\PowerBuilder 11.5\DotNET\webroot\images\res\fn2282.bmp
C:\Programmi\Sybase\PowerBuilder 11.5\DotNET\webroot\images\res\fn2286.bmp
C:\Programmi\Sybase\PowerBuilder 11.5\DotNET\webroot\images\res\fn2288.bmp
C:\Programmi\Sybase\PowerBuilder 11.5\DotNET\webroot\images\res\fn2290.bmp
C:\Programmi\Sybase\PowerBuilder 11.5\DotNET\webroot\images\res\fn2292.bmp
C:\Programmi\Sybase\PowerBuilder 11.5\DotNET\webroot\images\res\fn2294.bmp
C:\Programmi\Sybase\PowerBuilder 11.5\DotNET\webroot\images\res\fn2298.bmp
C:\Programmi\Sybase\PowerBuilder 11.5\DotNET\webroot\images\res\fn2300.bmp
C:\Programmi\Sybase\PowerBuilder 11.5\DotNET\webroot\images\res\fn2348.bmp
C:\Programmi\Sybase\PowerBuilder 11.5\DotNET\webroot\images\res\fn2410.bmp
C:\Programmi\Sybase\PowerBuilder 11.5\DotNET\webroot\images\res\fn2412.bmp
C:\Programmi\Sybase\PowerBuilder 11.5\DotNET\webroot\images\res\fn2414.bmp
C:\Programmi\Sybase\PowerBuilder 11.5\DotNET\webroot\images\res\fn2416.bmp
C:\Programmi\Sybase\PowerBuilder 11.5\DotNET\webroot\images\res\fn2418.bmp
C:\Programmi\Sybase\PowerBuilder 11.5\DotNET\webroot\images\res\fn2420.bmp
C:\Programmi\Sybase\PowerBuilder 11.5\DotNET\webroot\images\res\fn2422.bmp
C:\Programmi\Sybase\PowerBuilder 11.5\DotNET\webroot\images\res\fn2424.bmp
C:\Programmi\Sybase\PowerBuilder 11.5\DotNET\webroot\images\res\fn2426.bmp
C:\Programmi\Sybase\PowerBuilder 11.5\DotNET\webroot\images\res\fn2428.bmp
C:\Programmi\Sybase\PowerBuilder 11.5\DotNET\webroot\images\res\fn2430.bmp
C:\Programmi\Sybase\PowerBuilder 11.5\DotNET\webroot\images\res\fn2432.bmp
C:\Programmi\Sybase\PowerBuilder 11.5\DotNET\webroot\images\res\fn2434.bmp
C:\Programmi\Sybase\PowerBuilder 11.5\DotNET\webroot\images\res\fn2436.bmp
C:\Programmi\Sybase\PowerBuilder 11.5\DotNET\webroot\images\res\fn2438.bmp
C:\Programmi\Sybase\PowerBuilder 11.5\DotNET\webroot\images\res\fn2440.bmp
C:\Programmi\Sybase\PowerBuilder 11.5\DotNET\webroot\images\res\fn2442.bmp
C:\Programmi\Sybase\PowerBuilder 11.5\DotNET\webroot\images\res\fn2444.bmp
C:\Programmi\Sybase\PowerBuilder 11.5\DotNET\webroot\images\res\fn2446.bmp
C:\Programmi\Sybase\PowerBuilder 11.5\DotNET\webroot\images\res\fn2448.bmp
C:\Programmi\Sybase\PowerBuilder 11.5\DotNET\webroot\images\res\fn2450.bmp
C:\Programmi\Sybase\PowerBuilder 11.5\DotNET\webroot\images\res\fn2452.bmp
C:\Programmi\Sybase\PowerBuilder 11.5\DotNET\webroot\images\res\fn2454.bmp
C:\Programmi\Sybase\PowerBuilder 11.5\DotNET\webroot\images\res\fn2456.bmp
C:\Programmi\Sybase\PowerBuilder 11.5\DotNET\webroot\images\res\fn2458.bmp
C:\Programmi\Sybase\PowerBuilder 11.5\DotNET\webroot\images\res\fn2460.bmp
C:\Programmi\Sybase\PowerBuilder 11.5\DotNET\webroot\images\res\fn2462.bmp
C:\Programmi\Sybase\PowerBuilder 11.5\DotNET\webroot\images\res\fn2464.bmp
C:\Programmi\Sybase\PowerBuilder 11.5\DotNET\webroot\images\res\fn2466.bmp
C:\Programmi\Sybase\PowerBuilder 11.5\DotNET\webroot\images\res\fn2468.bmp
C:\Programmi\Sybase\PowerBuilder 11.5\DotNET\webroot\images\res\fn2470.bmp
C:\Programmi\Sybase\PowerBuilder 11.5\DotNET\webroot\images\res\fn2472.bmp
C:\Programmi\Sybase\PowerBuilder 11.5\DotNET\webroot\images\res\fn2474.bmp
C:\Programmi\Sybase\PowerBuilder 11.5\DotNET\webroot\images\res\fn2476.bmp
C:\Programmi\Sybase\PowerBuilder 11.5\DotNET\webroot\images\res\fn2478.bmp
C:\Programmi\Sybase\PowerBuilder 11.5\DotNET\webroot\images\res\fn2480.bmp
C:\Programmi\Sybase\PowerBuilder 11.5\DotNET\webroot\images\res\fn2482.bmp
C:\Programmi\Sybase\PowerBuilder 11.5\DotNET\webroot\images\res\fn2484.bmp
C:\Programmi\Sybase\PowerBuilder 11.5\DotNET\webroot\images\res\fn2486.bmp
C:\Programmi\Sybase\PowerBuilder 11.5\DotNET\webroot\images\res\fn2488.bmp
C:\Programmi\Sybase\PowerBuilder 11.5\DotNET\webroot\images\res\fn2490.bmp
C:\Programmi\Sybase\PowerBuilder 11.5\DotNET\webroot\images\res\fn2492.bmp
C:\Programmi\Sybase\PowerBuilder 11.5\DotNET\webroot\images\res\fn2494.bmp
C:\Programmi\Sybase\PowerBuilder 11.5\DotNET\webroot\images\res\fn2496.bmp
C:\Programmi\Sybase\PowerBuilder 11.5\DotNET\webroot\images\res\fn2498.bmp
C:\Programmi\Sybase\PowerBuilder 11.5\DotNET\webroot\images\res\fn2500.bmp
C:\Programmi\Sybase\PowerBuilder 11.5\DotNET\webroot\images\res\fn2502.bmp
C:\Programmi\Sybase\PowerBuilder 11.5\DotNET\webroot\images\res\fn2504.bmp
C:\Programmi\Sybase\PowerBuilder 11.5\DotNET\webroot\images\res\fn2506.bmp
C:\Programmi\Sybase\PowerBuilder 11.5\DotNET\webroot\images\res\fn2508.bmp
C:\Programmi\Sybase\PowerBuilder 11.5\DotNET\webroot\images\res\fn2510.bmp
C:\Programmi\Sybase\PowerBuilder 11.5\DotNET\webroot\images\res\fn2512.bmp
C:\Programmi\Sybase\PowerBuilder 11.5\DotNET\webroot\images\res\fn2514.bmp
C:\Programmi\Sybase\PowerBuilder 11.5\DotNET\webroot\images\res\fn2516.bmp
C:\Programmi\Sybase\PowerBuilder 11.5\DotNET\webroot\images\res\fn2518.bmp
C:\Programmi\Sybase\PowerBuilder 11.5\DotNET\webroot\images\res\fn2520.bmp
C:\Programmi\Sybase\PowerBuilder 11.5\DotNET\webroot\images\res\fn2522.bmp
C:\Programmi\Sybase\PowerBuilder 11.5\DotNET\webroot\images\res\fn2524.bmp
C:\Programmi\Sybase\PowerBuilder 11.5\DotNET\webroot\images\res\fn2526.bmp
C:\Programmi\Sybase\PowerBuilder 11.5\DotNET\webroot\images\res\fn2528.bmp
C:\Programmi\Sybase\PowerBuilder 11.5\DotNET\webroot\images\res\fn2530.bmp
C:\Programmi\Sybase\PowerBuilder 11.5\DotNET\webroot\images\res\fn2532.bmp
C:\Programmi\Sybase\PowerBuilder 11.5\DotNET\webroot\images\res\fn2534.bmp
C:\Programmi\Sybase\PowerBuilder 11.5\DotNET\webroot\images\res\fn2536.bmp
C:\Programmi\Sybase\PowerBuilder 11.5\DotNET\webroot\images\res\fn2538.bmp
C:\Programmi\Sybase\PowerBuilder 11.5\DotNET\webroot\images\res\fn2540.bmp
C:\Programmi\Sybase\PowerBuilder 11.5\DotNET\webroot\images\res\fn2542.bmp
C:\Programmi\Sybase\PowerBuilder 11.5\DotNET\webroot\images\res\fn2544.bmp
C:\Programmi\Sybase\PowerBuilder 11.5\DotNET\webroot\images\res\fn2546.bmp
C:\Programmi\Sybase\PowerBuilder 11.5\DotNET\webroot\images\res\fn2548.bmp
C:\Programmi\Sybase\PowerBuilder 11.5\DotNET\webroot\images\res\fn2550.bmp
C:\Programmi\Sybase\PowerBuilder 11.5\DotNET\webroot\images\res\fn2552.bmp
C:\Programmi\Sybase\PowerBuilder 11.5\DotNET\webroot\images\res\fn2554.bmp
C:\Programmi\Sybase\PowerBuilder 11.5\DotNET\webroot\images\res\fn2556.bmp
C:\Programmi\Sybase\PowerBuilder 11.5\DotNET\webroot\images\res\fn2558.bmp
C:\Programmi\Sybase\PowerBuilder 11.5\DotNET\webroot\images\res\fn2560.bmp
C:\Programmi\Sybase\PowerBuilder 11.5\DotNET\webroot\images\res\fn2562.bmp
C:\Programmi\Sybase\PowerBuilder 11.5\DotNET\webroot\images\res\fn2564.bmp
C:\Programmi\Sybase\PowerBuilder 11.5\DotNET\webroot\images\res\fn2566.bmp
C:\Programmi\Sybase\PowerBuilder 11.5\DotNET\webroot\images\res\fn2568.bmp
C:\Programmi\Sybase\PowerBuilder 11.5\DotNET\webroot\images\res\fn2570.bmp
C:\Programmi\Sybase\PowerBuilder 11.5\DotNET\webroot\images\res\fn2572.bmp
C:\Programmi\Sybase\PowerBuilder 11.5\DotNET\webroot\images\res\fn2574.bmp
C:\Programmi\Sybase\PowerBuilder 11.5\DotNET\webroot\images\res\fn2576.bmp
C:\Programmi\Sybase\PowerBuilder 11.5\DotNET\webroot\images\res\fn2578.bmp
C:\Programmi\Sybase\PowerBuilder 11.5\DotNET\webroot\images\res\fn2580.bmp
C:\Programmi\Sybase\PowerBuilder 11.5\DotNET\webroot\images\res\fn2582.bmp
C:\Programmi\Sybase\PowerBuilder 11.5\DotNET\webroot\images\res\fn2584.bmp
C:\Programmi\Sybase\PowerBuilder 11.5\DotNET\webroot\images\res\fn2586.bmp
C:\Programmi\Sybase\PowerBuilder 11.5\DotNET\webroot\images\res\fn2588.bmp
C:\Programmi\Sybase\PowerBuilder 11.5\DotNET\webroot\images\res\fn2590.bmp
C:\Programmi\Sybase\PowerBuilder 11.5\DotNET\webroot\images\res\fn2592.bmp
C:\Programmi\Sybase\PowerBuilder 11.5\DotNET\webroot\images\res\fn2594.bmp
C:\Programmi\Sybase\PowerBuilder 11.5\DotNET\webroot\images\res\fn2596.bmp
C:\Programmi\Sybase\PowerBuilder 11.5\DotNET\webroot\images\res\fn2598.bmp
C:\Programmi\Sybase\PowerBuilder 11.5\DotNET\webroot\images\res\fn2600.bmp
C:\Programmi\Sybase\PowerBuilder 11.5\DotNET\webroot\images\res\fn2602.bmp
C:\Programmi\Sybase\PowerBuilder 11.5\DotNET\webroot\images\res\fn2604.bmp
C:\Programmi\Sybase\PowerBuilder 11.5\DotNET\webroot\images\res\fn2606.bmp
C:\Programmi\Sybase\PowerBuilder 11.5\DotNET\webroot\images\res\fn2608.bmp
C:\Programmi\Sybase\PowerBuilder 11.5\DotNET\webroot\images\res\fn2610.bmp
C:\Programmi\Sybase\PowerBuilder 11.5\DotNET\webroot\images\res\fn2668.bmp
C:\Programmi\Sybase\PowerBuilder 11.5\DotNET\webroot\images\res\fn2670.bmp
C:\Programmi\Sybase\PowerBuilder 11.5\DotNET\webroot\images\res\fn2672.bmp
C:\Programmi\Sybase\PowerBuilder 11.5\DotNET\webroot\images\res\fn2674.bmp
C:\Programmi\Sybase\PowerBuilder 11.5\DotNET\webroot\images\res\fn2676.bmp
C:\Programmi\Sybase\PowerBuilder 11.5\DotNET\webroot\images\res\fn2678.bmp
C:\Programmi\Sybase\PowerBuilder 11.5\DotNET\webroot\images\res\fn2680.bmp
C:\Programmi\Sybase\PowerBuilder 11.5\DotNET\webroot\images\res\fn2682.bmp
C:\Programmi\Sybase\PowerBuilder 11.5\DotNET\webroot\images\res\fn2684.bmp
C:\Programmi\Sybase\PowerBuilder 11.5\DotNET\webroot\images\res\fn2686.bmp
C:\Programmi\Sybase\PowerBuilder 11.5\DotNET\webroot\images\res\fn2688.bmp
C:\Programmi\Sybase\PowerBuilder 11.5\DotNET\webroot\images\res\fn2690.bmp
C:\Programmi\Sybase\PowerBuilder 11.5\DotNET\webroot\images\res\fn2692.bmp
C:\Programmi\Sybase\PowerBuilder 11.5\DotNET\webroot\images\res\fn2694.bmp
C:\Programmi\Sybase\PowerBuilder 11.5\DotNET\webroot\images\res\fn2696.bmp
C:\Programmi\Sybase\PowerBuilder 11.5\DotNET\webroot\images\res\fn2698.bmp
C:\Programmi\Sybase\PowerBuilder 11.5\DotNET\webroot\images\res\fn2700.bmp
C:\Programmi\Sybase\PowerBuilder 11.5\DotNET\webroot\images\res\fn2702.bmp
C:\Programmi\Sybase\PowerBuilder 11.5\DotNET\webroot\images\res\fn2704.bmp
C:\Programmi\Sybase\PowerBuilder 11.5\DotNET\webroot\images\res\fn2706.bmp
C:\Programmi\Sybase\PowerBuilder 11.5\DotNET\webroot\images\res\fn2708.bmp
C:\Programmi\Sybase\PowerBuilder 11.5\DotNET\webroot\images\res\fn2710.bmp
C:\Programmi\Sybase\PowerBuilder 11.5\DotNET\webroot\images\res\fn2712.bmp
C:\Programmi\Sybase\PowerBuilder 11.5\DotNET\webroot\images\res\fn2714.bmp
C:\Programmi\Sybase\PowerBuilder 11.5\DotNET\webroot\images\res\fn2716.bmp
C:\Programmi\Sybase\PowerBuilder 11.5\DotNET\webroot\images\res\fn2718.bmp
C:\Programmi\Sybase\PowerBuilder 11.5\DotNET\webroot\images\res\fn2720.bmp
C:\Programmi\Sybase\PowerBuilder 11.5\DotNET\webroot\images\res\fn2722.bmp
C:\Programmi\Sybase\PowerBuilder 11.5\DotNET\webroot\images\res\fn2724.bmp
C:\Programmi\Sybase\PowerBuilder 11.5\DotNET\webroot\images\res\fn2726.bmp
C:\Programmi\Sybase\PowerBuilder 11.5\DotNET\webroot\images\res\fn2728.bmp
C:\Programmi\Sybase\PowerBuilder 11.5\DotNET\webroot\images\res\fn2730.bmp
C:\Programmi\Sybase\PowerBuilder 11.5\DotNET\webroot\images\res\fn2732.bmp
C:\Programmi\Sybase\PowerBuilder 11.5\DotNET\webroot\images\res\fn2734.bmp
C:\Programmi\Sybase\PowerBuilder 11.5\DotNET\webroot\images\res\fn2736.bmp
C:\Programmi\Sybase\PowerBuilder 11.5\DotNET\webroot\images\res\fn2738.bmp
C:\Programmi\Sybase\PowerBuilder 11.5\DotNET\webroot\images\res\fn2740.bmp
C:\Programmi\Sybase\PowerBuilder 11.5\DotNET\webroot\images\res\fn2742.bmp
C:\Programmi\Sybase\PowerBuilder 11.5\DotNET\webroot\images\res\fn2744.bmp
C:\Programmi\Sybase\PowerBuilder 11.5\DotNET\webroot\images\res\fn2746.bmp
C:\Programmi\Sybase\PowerBuilder 11.5\DotNET\webroot\images\res\fn2748.bmp
C:\Programmi\Sybase\PowerBuilder 11.5\DotNET\webroot\images\res\fn2750.bmp
C:\Programmi\Sybase\PowerBuilder 11.5\DotNET\webroot\images\res\fn2752.bmp
C:\Programmi\Sybase\PowerBuilder 11.5\DotNET\webroot\images\res\fn2754.bmp
C:\Programmi\Sybase\PowerBuilder 11.5\DotNET\webroot\images\res\fn2756.bmp
C:\Programmi\Sybase\PowerBuilder 11.5\DotNET\webroot\images\res\fn2758.bmp
C:\Programmi\Sybase\PowerBuilder 11.5\DotNET\webroot\images\res\fn2760.bmp
C:\Programmi\Sybase\PowerBuilder 11.5\DotNET\webroot\images\res\fn2762.bmp
C:\Programmi\Sybase\PowerBuilder 11.5\DotNET\webroot\images\res\fn2764.bmp
C:\Programmi\Sybase\PowerBuilder 11.5\DotNET\webroot\images\res\fn2766.bmp
C:\Programmi\Sybase\PowerBuilder 11.5\DotNET\webroot\images\res\fn2768.bmp
C:\Programmi\Sybase\PowerBuilder 11.5\DotNET\webroot\images\res\fn2770.bmp
C:\Programmi\Sybase\PowerBuilder 11.5\DotNET\webroot\images\res\fn2772.bmp
C:\Programmi\Sybase\PowerBuilder 11.5\DotNET\webroot\images\res\fn2774.bmp
C:\Programmi\Sybase\PowerBuilder 11.5\DotNET\webroot\images\res\fn2776.bmp
C:\Programmi\Sybase\PowerBuilder 11.5\DotNET\webroot\images\res\fn2778.bmp
C:\Programmi\Sybase\PowerBuilder 11.5\DotNET\webroot\images\res\fn2780.bmp
C:\Programmi\Sybase\PowerBuilder 11.5\DotNET\webroot\images\res\fn2782.bmp
C:\Programmi\Sybase\PowerBuilder 11.5\DotNET\webroot\images\res\fn2784.bmp
C:\Programmi\Sybase\PowerBuilder 11.5\DotNET\webroot\images\res\fn2786.bmp
C:\Programmi\Sybase\PowerBuilder 11.5\DotNET\webroot\images\res\fn2788.bmp
C:\Programmi\Sybase\PowerBuilder 11.5\DotNET\webroot\images\res\fn2790.bmp
C:\Programmi\Sybase\PowerBuilder 11.5\DotNET\webroot\images\res\fn2792.bmp
C:\Programmi\Sybase\PowerBuilder 11.5\DotNET\webroot\images\res\fn2794.bmp
C:\Programmi\Sybase\PowerBuilder 11.5\DotNET\webroot\images\res\fn2796.bmp
C:\Programmi\Sybase\PowerBuilder 11.5\DotNET\webroot\images\res\fn2798.bmp
C:\Programmi\Sybase\PowerBuilder 11.5\DotNET\webroot\images\res\fn2800.bmp
C:\Programmi\Sybase\PowerBuilder 11.5\DotNET\webroot\images\res\fn2802.bmp
C:\Programmi\Sybase\PowerBuilder 11.5\DotNET\webroot\images\res\fn2804.bmp
C:\Programmi\Sybase\PowerBuilder 11.5\DotNET\webroot\images\res\fn2806.bmp
C:\Programmi\Sybase\PowerBuilder 11.5\DotNET\webroot\images\res\fn2808.bmp
C:\Programmi\Sybase\PowerBuilder 11.5\DotNET\webroot\images\res\fn2810.bmp
C:\Programmi\Sybase\PowerBuilder 11.5\DotNET\webroot\images\res\fn2812.bmp
C:\Programmi\Sybase\PowerBuilder 11.5\DotNET\webroot\images\res\fn2814.bmp
C:\Programmi\Sybase\PowerBuilder 11.5\DotNET\webroot\images\res\fn2816.bmp
C:\Programmi\Sybase\PowerBuilder 11.5\DotNET\webroot\images\res\fn2818.bmp
C:\Programmi\Sybase\PowerBuilder 11.5\DotNET\webroot\images\res\fn2820.bmp
C:\Programmi\Sybase\PowerBuilder 11.5\DotNET\webroot\images\res\fn2822.bmp
C:\Programmi\Sybase\PowerBuilder 11.5\DotNET\webroot\images\res\fn2824.bmp
C:\Programmi\Sybase\PowerBuilder 11.5\DotNET\webroot\images\res\fn2826.bmp
C:\Programmi\Sybase\PowerBuilder 11.5\DotNET\webroot\images\res\fn2828.bmp
C:\Programmi\Sybase\PowerBuilder 11.5\DotNET\webroot\images\res\fn2830.bmp
C:\Programmi\Sybase\PowerBuilder 11.5\DotNET\webroot\images\res\fn2832.bmp
C:\Programmi\Sybase\PowerBuilder 11.5\DotNET\webroot\images\res\fn2834.bmp
C:\Programmi\Sybase\PowerBuilder 11.5\DotNET\webroot\images\res\fn2836.bmp
C:\Programmi\Sybase\PowerBuilder 11.5\DotNET\webroot\images\res\fn2838.bmp
C:\Programmi\Sybase\PowerBuilder 11.5\DotNET\webroot\images\res\fn2840.bmp
C:\Programmi\Sybase\PowerBuilder 11.5\DotNET\webroot\images\res\fn2842.bmp
C:\Programmi\Sybase\PowerBuilder 11.5\DotNET\webroot\images\res\fn2844.bmp
C:\Programmi\Sybase\PowerBuilder 11.5\DotNET\webroot\images\res\fn2846.bmp
C:\Programmi\Sybase\PowerBuilder 11.5\DotNET\webroot\images\res\fn2848.bmp
C:\Programmi\Sybase\PowerBuilder 11.5\DotNET\webroot\images\res\fn2850.bmp
C:\Programmi\Sybase\PowerBuilder 11.5\DotNET\webroot\images\res\fn2852.bmp
C:\Programmi\Sybase\PowerBuilder 11.5\DotNET\webroot\images\res\fn2854.bmp
C:\Programmi\Sybase\PowerBuilder 11.5\DotNET\webroot\images\res\fn2856.bmp
C:\Programmi\Sybase\PowerBuilder 11.5\DotNET\webroot\images\res\fn2858.bmp
C:\Programmi\Sybase\PowerBuilder 11.5\DotNET\webroot\images\res\fn2860.bmp
C:\Programmi\Sybase\PowerBuilder 11.5\DotNET\webroot\images\res\fn2862.bmp
C:\Programmi\Sybase\PowerBuilder 11.5\DotNET\webroot\images\res\fn2864.bmp
C:\Programmi\Sybase\PowerBuilder 11.5\DotNET\webroot\images\res\fn2866.bmp
C:\Programmi\Sybase\PowerBuilder 11.5\DotNET\webroot\images\res\fn2868.bmp
C:\Programmi\Sybase\PowerBuilder 11.5\DotNET\webroot\images\res\fn2870.bmp
C:\Programmi\Sybase\PowerBuilder 11.5\DotNET\webroot\images\res\fn2872.bmp
C:\Programmi\Sybase\PowerBuilder 11.5\DotNET\webroot\images\res\fn2874.bmp
C:\Programmi\Sybase\PowerBuilder 11.5\DotNET\webroot\images\res\fn2876.bmp
C:\Programmi\Sybase\PowerBuilder 11.5\DotNET\webroot\images\res\fn2878.bmp
C:\Programmi\Sybase\PowerBuilder 11.5\DotNET\webroot\images\res\fn2880.bmp
C:\Programmi\Sybase\PowerBuilder 11.5\DotNET\webroot\images\res\fn2882.bmp
C:\Programmi\Sybase\PowerBuilder 11.5\DotNET\webroot\images\res\fn2884.bmp
C:\Programmi\Sybase\PowerBuilder 11.5\DotNET\webroot\images\res\fn2886.bmp
C:\Programmi\Sybase\PowerBuilder 11.5\DotNET\webroot\images\res\fn2888.bmp
C:\Programmi\Sybase\PowerBuilder 11.5\DotNET\webroot\images\res\fn2890.bmp
C:\Programmi\Sybase\PowerBuilder 11.5\DotNET\webroot\images\res\fn2892.bmp
C:\Programmi\Sybase\PowerBuilder 11.5\DotNET\webroot\images\res\fn2894.bmp
C:\Programmi\Sybase\PowerBuilder 11.5\DotNET\webroot\images\res\fn2896.bmp
C:\Programmi\Sybase\PowerBuilder 11.5\DotNET\webroot\images\res\fn2898.bmp
C:\Programmi\Sybase\PowerBuilder 11.5\DotNET\webroot\images\res\fn2900.bmp
C:\Programmi\Sybase\PowerBuilder 11.5\DotNET\webroot\images\res\fn2902.bmp
C:\Programmi\Sybase\PowerBuilder 11.5\DotNET\webroot\images\res\fn2904.bmp
C:\Programmi\Sybase\PowerBuilder 11.5\DotNET\webroot\images\res\fn2906.bmp
C:\Programmi\Sybase\PowerBuilder 11.5\DotNET\webroot\images\res\fn2908.bmp
C:\Programmi\Sybase\PowerBuilder 11.5\DotNET\webroot\images\res\fn2911.bmp
C:\Programmi\Sybase\PowerBuilder 11.5\DotNET\webroot\images\res\fn2912.bmp
C:\Programmi\Sybase\PowerBuilder 11.5\DotNET\webroot\images\res\fn2913.bmp
C:\Programmi\Sybase\PowerBuilder 11.5\DotNET\webroot\images\res\fn2914.bmp
C:\Programmi\Sybase\PowerBuilder 11.5\DotNET\webroot\images\res\fn2915.bmp
C:\Programmi\Sybase\PowerBuilder 11.5\DotNET\webroot\images\res\fn2916.bmp
C:\Programmi\Sybase\PowerBuilder 11.5\DotNET\webroot\images\res\fn2917.bmp
C:\Programmi\Sybase\PowerBuilder 11.5\DotNET\webroot\images\res\fn2918.bmp
C:\Programmi\Sybase\PowerBuilder 11.5\DotNET\webroot\images\res\fn2919.bmp
C:\Programmi\Sybase\PowerBuilder 11.5\DotNET\webroot\images\res\fn2920.bmp
C:\Programmi\Sybase\PowerBuilder 11.5\DotNET\webroot\images\res\fn2921.bmp
C:\Programmi\Sybase\PowerBuilder 11.5\DotNET\webroot\images\res\fn2922.bmp
C:\Programmi\Sybase\PowerBuilder 11.5\DotNET\webroot\images\res\fn2923.bmp
C:\Programmi\Sybase\PowerBuilder 11.5\DotNET\webroot\images\res\fn2924.bmp
C:\Programmi\Sybase\PowerBuilder 11.5\DotNET\webroot\images\res\fn2926.bmp
C:\Programmi\Sybase\PowerBuilder 11.5\DotNET\webroot\images\res\fn2928.ico
C:\Programmi\Sybase\PowerBuilder 11.5\DotNET\webroot\images\res\fn2930.ico
C:\Programmi\Sybase\PowerBuilder 11.5\DotNET\webroot\images\res\fnappend.bmp
C:\Programmi\Sybase\PowerBuilder 11.5\DotNET\webroot\images\res\fndddn.bmp
C:\Programmi\Sybase\PowerBuilder 11.5\DotNET\webroot\images\res\fnddup.bmp
C:\Programmi\Sybase\PowerBuilder 11.5\DotNET\webroot\images\res\fndither.bmp
C:\Programmi\Sybase\PowerBuilder 11.5\DotNET\webroot\images\res\fndragno.ico
C:\Programmi\Sybase\PowerBuilder 11.5\DotNET\webroot\images\res\fnhand.cur
C:\Programmi\Sybase\PowerBuilder 11.5\DotNET\webroot\images\res\fnmask.bmp
C:\Programmi\Sybase\PowerBuilder 11.5\DotNET\webroot\images\res\fnruler.bmp
C:\Programmi\Sybase\PowerBuilder 11.5\DotNET\webroot\images\res\fntooldn.bmp
C:\Programmi\Sybase\PowerBuilder 11.5\DotNET\webroot\images\res\fntoolup.bmp
C:\Programmi\Sybase\PowerBuilder 11.5\DotNET\webroot\images\res\hourglass.bmp
C:\Programmi\Sybase\PowerBuilder 11.5\DotNET\webroot\images\res\hyperlink.bmp
C:\Programmi\Sybase\PowerBuilder 11.5\DotNET\webroot\images\res\icon.bmp
C:\Programmi\Sybase\PowerBuilder 11.5\DotNET\webroot\images\res\information.ico
C:\Programmi\Sybase\PowerBuilder 11.5\DotNET\webroot\images\res\jagcomp.bmp
C:\Programmi\Sybase\PowerBuilder 11.5\DotNET\webroot\images\res\jagfldrs.bmp
C:\Programmi\Sybase\PowerBuilder 11.5\DotNET\webroot\images\res\jagpack.bmp
C:\Programmi\Sybase\PowerBuilder 11.5\DotNET\webroot\images\res\jagserv.bmp
C:\Programmi\Sybase\PowerBuilder 11.5\DotNET\webroot\images\res\jpgchkdd.bmp
C:\Programmi\Sybase\PowerBuilder 11.5\DotNET\webroot\images\res\jpgchked.bmp
C:\Programmi\Sybase\PowerBuilder 11.5\DotNET\webroot\images\res\line2d.ico
C:\Programmi\Sybase\PowerBuilder 11.5\DotNET\webroot\images\res\line3d.ico
C:\Programmi\Sybase\PowerBuilder 11.5\DotNET\webroot\images\res\meta.bmp
C:\Programmi\Sybase\PowerBuilder 11.5\DotNET\webroot\images\res\no.bmp
C:\Programmi\Sybase\PowerBuilder 11.5\DotNET\webroot\images\res\owactvx.ico
C:\Programmi\Sybase\PowerBuilder 11.5\DotNET\webroot\images\res\owapp.ico
C:\Programmi\Sybase\PowerBuilder 11.5\DotNET\webroot\images\res\owappsrv.ico
C:\Programmi\Sybase\PowerBuilder 11.5\DotNET\webroot\images\res\owapptpl.ico
C:\Programmi\Sybase\PowerBuilder 11.5\DotNET\webroot\images\res\owauto.ico
C:\Programmi\Sybase\PowerBuilder 11.5\DotNET\webroot\images\res\owcom.ico
C:\Programmi\Sybase\PowerBuilder 11.5\DotNET\webroot\images\res\owjag.ico
C:\Programmi\Sybase\PowerBuilder 11.5\DotNET\webroot\images\res\padata.bmp
C:\Programmi\Sybase\PowerBuilder 11.5\DotNET\webroot\images\res\PB.exe.manifest
C:\Programmi\Sybase\PowerBuilder 11.5\DotNET\webroot\images\res\pbcdrag.cur
C:\Programmi\Sybase\PowerBuilder 11.5\DotNET\webroot\images\res\pbcross.bmp
C:\Programmi\Sybase\PowerBuilder 11.5\DotNET\webroot\images\res\pbdpp.ico
C:\Programmi\Sybase\PowerBuilder 11.5\DotNET\webroot\images\res\pbewizd.ico
C:\Programmi\Sybase\PowerBuilder 11.5\DotNET\webroot\images\res\pbewize.ico
C:\Programmi\Sybase\PowerBuilder 11.5\DotNET\webroot\images\res\pbewizm.ico
C:\Programmi\Sybase\PowerBuilder 11.5\DotNET\webroot\images\res\pbewizq.ico
C:\Programmi\Sybase\PowerBuilder 11.5\DotNET\webroot\images\res\pbewizv.ico
C:\Programmi\Sybase\PowerBuilder 11.5\DotNET\webroot\images\res\pbhyp.ico
C:\Programmi\Sybase\PowerBuilder 11.5\DotNET\webroot\images\res\pbprfont.bmp
C:\Programmi\Sybase\PowerBuilder 11.5\DotNET\webroot\images\res\pbqcksel.ico
C:\Programmi\Sybase\PowerBuilder 11.5\DotNET\webroot\images\res\pbqry.ico
C:\Programmi\Sybase\PowerBuilder 11.5\DotNET\webroot\images\res\pbttfont.bmp
C:\Programmi\Sybase\PowerBuilder 11.5\DotNET\webroot\images\res\pb_b_dn.bmp
C:\Programmi\Sybase\PowerBuilder 11.5\DotNET\webroot\images\res\pb_b_up.bmp
C:\Programmi\Sybase\PowerBuilder 11.5\DotNET\webroot\images\res\pb_c_dn.bmp
C:\Programmi\Sybase\PowerBuilder 11.5\DotNET\webroot\images\res\pb_c_up.bmp
C:\Programmi\Sybase\PowerBuilder 11.5\DotNET\webroot\images\res\pb_i_dn.bmp
C:\Programmi\Sybase\PowerBuilder 11.5\DotNET\webroot\images\res\pb_i_up.bmp
C:\Programmi\Sybase\PowerBuilder 11.5\DotNET\webroot\images\res\pb_l_dn.bmp
C:\Programmi\Sybase\PowerBuilder 11.5\DotNET\webroot\images\res\pb_l_up.bmp
C:\Programmi\Sybase\PowerBuilder 11.5\DotNET\webroot\images\res\pb_r_dn.bmp
C:\Programmi\Sybase\PowerBuilder 11.5\DotNET\webroot\images\res\pb_r_up.bmp
C:\Programmi\Sybase\PowerBuilder 11.5\DotNET\webroot\images\res\pb_u_dn.bmp
C:\Programmi\Sybase\PowerBuilder 11.5\DotNET\webroot\images\res\pb_u_up.bmp
C:\Programmi\Sybase\PowerBuilder 11.5\DotNET\webroot\images\res\pdtdata.bmp
C:\Programmi\Sybase\PowerBuilder 11.5\DotNET\webroot\images\res\pdtes1.bmp
C:\Programmi\Sybase\PowerBuilder 11.5\DotNET\webroot\images\res\pdtes10.bmp
C:\Programmi\Sybase\PowerBuilder 11.5\DotNET\webroot\images\res\pdtes2.bmp
C:\Programmi\Sybase\PowerBuilder 11.5\DotNET\webroot\images\res\pdtes3.bmp
C:\Programmi\Sybase\PowerBuilder 11.5\DotNET\webroot\images\res\pdtes8.bmp
C:\Programmi\Sybase\PowerBuilder 11.5\DotNET\webroot\images\res\pdtes9.bmp
C:\Programmi\Sybase\PowerBuilder 11.5\DotNET\webroot\images\res\pdthand.bmp
C:\Programmi\Sybase\PowerBuilder 11.5\DotNET\webroot\images\res\pdvcalc.bmp
C:\Programmi\Sybase\PowerBuilder 11.5\DotNET\webroot\images\res\pdvcurs.ico
C:\Programmi\Sybase\PowerBuilder 11.5\DotNET\webroot\images\res\pdvdcur.ico
C:\Programmi\Sybase\PowerBuilder 11.5\DotNET\webroot\images\res\pdvdel.ico
C:\Programmi\Sybase\PowerBuilder 11.5\DotNET\webroot\images\res\pdvdproc.ico
C:\Programmi\Sybase\PowerBuilder 11.5\DotNET\webroot\images\res\pdvdrtn.bmp
C:\Programmi\Sybase\PowerBuilder 11.5\DotNET\webroot\images\res\pdvfet.ico
C:\Programmi\Sybase\PowerBuilder 11.5\DotNET\webroot\images\res\pdvfproc.ico
C:\Programmi\Sybase\PowerBuilder 11.5\DotNET\webroot\images\res\pdvins.ico
C:\Programmi\Sybase\PowerBuilder 11.5\DotNET\webroot\images\res\pdvjoin.cur
C:\Programmi\Sybase\PowerBuilder 11.5\DotNET\webroot\images\res\pdvscrpt.bmp
C:\Programmi\Sybase\PowerBuilder 11.5\DotNET\webroot\images\res\pdvsel.cur
C:\Programmi\Sybase\PowerBuilder 11.5\DotNET\webroot\images\res\pdvsel.ico
C:\Programmi\Sybase\PowerBuilder 11.5\DotNET\webroot\images\res\pdvucur.ico
C:\Programmi\Sybase\PowerBuilder 11.5\DotNET\webroot\images\res\pdvupd.ico
C:\Programmi\Sybase\PowerBuilder 11.5\DotNET\webroot\images\res\pdwcol.bmp
C:\Programmi\Sybase\PowerBuilder 11.5\DotNET\webroot\images\res\pdwcross.ico
C:\Programmi\Sybase\PowerBuilder 11.5\DotNET\webroot\images\res\pdwewiz.ico
C:\Programmi\Sybase\PowerBuilder 11.5\DotNET\webroot\images\res\pdwexpr1.bmp
C:\Programmi\Sybase\PowerBuilder 11.5\DotNET\webroot\images\res\pdwexpr2.bmp
C:\Programmi\Sybase\PowerBuilder 11.5\DotNET\webroot\images\res\pdwform.ico
C:\Programmi\Sybase\PowerBuilder 11.5\DotNET\webroot\images\res\pdwgrid.ico
C:\Programmi\Sybase\PowerBuilder 11.5\DotNET\webroot\images\res\pdwgroup.ico
C:\Programmi\Sybase\PowerBuilder 11.5\DotNET\webroot\images\res\pdwlabel.ico
C:\Programmi\Sybase\PowerBuilder 11.5\DotNET\webroot\images\res\pdwnst.ico
C:\Programmi\Sybase\PowerBuilder 11.5\DotNET\webroot\images\res\pdwnup.ico
C:\Programmi\Sybase\PowerBuilder 11.5\DotNET\webroot\images\res\pdwole.ico
C:\Programmi\Sybase\PowerBuilder 11.5\DotNET\webroot\images\res\pdwoval.bmp
C:\Programmi\Sybase\PowerBuilder 11.5\DotNET\webroot\images\res\pdwrrect.bmp
C:\Programmi\Sybase\PowerBuilder 11.5\DotNET\webroot\images\res\pdwrte.ico
C:\Programmi\Sybase\PowerBuilder 11.5\DotNET\webroot\images\res\pdwscrpt.ico
C:\Programmi\Sybase\PowerBuilder 11.5\DotNET\webroot\images\res\pdwsp.ico
C:\Programmi\Sybase\PowerBuilder 11.5\DotNET\webroot\images\res\pdwsqls.ico
C:\Programmi\Sybase\PowerBuilder 11.5\DotNET\webroot\images\res\pdwsqlsa.ico
C:\Programmi\Sybase\PowerBuilder 11.5\DotNET\webroot\images\res\pdwtabl.ico
C:\Programmi\Sybase\PowerBuilder 11.5\DotNET\webroot\images\res\pdwtree.ico
C:\Programmi\Sybase\PowerBuilder 11.5\DotNET\webroot\images\res\pdx1.bmp
C:\Programmi\Sybase\PowerBuilder 11.5\DotNET\webroot\images\res\pdx10.bmp
C:\Programmi\Sybase\PowerBuilder 11.5\DotNET\webroot\images\res\pdx2.bmp
C:\Programmi\Sybase\PowerBuilder 11.5\DotNET\webroot\images\res\pdx3.bmp
C:\Programmi\Sybase\PowerBuilder 11.5\DotNET\webroot\images\res\pdx8.bmp
C:\Programmi\Sybase\PowerBuilder 11.5\DotNET\webroot\images\res\pdx9.bmp
C:\Programmi\Sybase\PowerBuilder 11.5\DotNET\webroot\images\res\pdxbut1.bmp
C:\Programmi\Sybase\PowerBuilder 11.5\DotNET\webroot\images\res\pdxbut10.bmp
C:\Programmi\Sybase\PowerBuilder 11.5\DotNET\webroot\images\res\pdxbut2.bmp
C:\Programmi\Sybase\PowerBuilder 11.5\DotNET\webroot\images\res\pdxbut3.bmp
C:\Programmi\Sybase\PowerBuilder 11.5\DotNET\webroot\images\res\pdxbut8.bmp
C:\Programmi\Sybase\PowerBuilder 11.5\DotNET\webroot\images\res\pdxbut9.bmp
C:\Programmi\Sybase\PowerBuilder 11.5\DotNET\webroot\images\res\pdxshare.bmp
C:\Programmi\Sybase\PowerBuilder 11.5\DotNET\webroot\images\res\pgactvx.ico
C:\Programmi\Sybase\PowerBuilder 11.5\DotNET\webroot\images\res\pgapptpl.ico
C:\Programmi\Sybase\PowerBuilder 11.5\DotNET\webroot\images\res\pgauto.ico
C:\Programmi\Sybase\PowerBuilder 11.5\DotNET\webroot\images\res\pgcom.ico
C:\Programmi\Sybase\PowerBuilder 11.5\DotNET\webroot\images\res\pgejbpxy.ico
C:\Programmi\Sybase\PowerBuilder 11.5\DotNET\webroot\images\res\pgjag.ico
C:\Programmi\Sybase\PowerBuilder 11.5\DotNET\webroot\images\res\pgjagpxy.ico
C:\Programmi\Sybase\PowerBuilder 11.5\DotNET\webroot\images\res\pgwsprxy.ico
C:\Programmi\Sybase\PowerBuilder 11.5\DotNET\webroot\images\res\pie2d.ico
C:\Programmi\Sybase\PowerBuilder 11.5\DotNET\webroot\images\res\pie3d.ico
C:\Programmi\Sybase\PowerBuilder 11.5\DotNET\webroot\images\res\pjwsprxy.ico
C:\Programmi\Sybase\PowerBuilder 11.5\DotNET\webroot\images\res\plappl.bmp
C:\Programmi\Sybase\PowerBuilder 11.5\DotNET\webroot\images\res\pldatwin.bmp
C:\Programmi\Sybase\PowerBuilder 11.5\DotNET\webroot\images\res\plfunc.bmp
C:\Programmi\Sybase\PowerBuilder 11.5\DotNET\webroot\images\res\plmenu.bmp
C:\Programmi\Sybase\PowerBuilder 11.5\DotNET\webroot\images\res\plstruct.bmp
C:\Programmi\Sybase\PowerBuilder 11.5\DotNET\webroot\images\res\pludo.bmp
C:\Programmi\Sybase\PowerBuilder 11.5\DotNET\webroot\images\res\plwindow.bmp
C:\Programmi\Sybase\PowerBuilder 11.5\DotNET\webroot\images\res\pl_0pb00.bmp
C:\Programmi\Sybase\PowerBuilder 11.5\DotNET\webroot\images\res\pl_0pb11.bmp
C:\Programmi\Sybase\PowerBuilder 11.5\DotNET\webroot\images\res\pl_0pb12.bmp
C:\Programmi\Sybase\PowerBuilder 11.5\DotNET\webroot\images\res\pl_0pb13.bmp
C:\Programmi\Sybase\PowerBuilder 11.5\DotNET\webroot\images\res\pl_0pb14.bmp
C:\Programmi\Sybase\PowerBuilder 11.5\DotNET\webroot\images\res\pl_0pb21.bmp
C:\Programmi\Sybase\PowerBuilder 11.5\DotNET\webroot\images\res\pl_0pb22.bmp
C:\Programmi\Sybase\PowerBuilder 11.5\DotNET\webroot\images\res\pl_0pb23.bmp
C:\Programmi\Sybase\PowerBuilder 11.5\DotNET\webroot\images\res\pl_0pb24.bmp
C:\Programmi\Sybase\PowerBuilder 11.5\DotNET\webroot\images\res\pl_0pb31.bmp
C:\Programmi\Sybase\PowerBuilder 11.5\DotNET\webroot\images\res\pl_0pb32.bmp
C:\Programmi\Sybase\PowerBuilder 11.5\DotNET\webroot\images\res\pl_0pb33.bmp
C:\Programmi\Sybase\PowerBuilder 11.5\DotNET\webroot\images\res\pl_0pb34.bmp
C:\Programmi\Sybase\PowerBuilder 11.5\DotNET\webroot\images\res\pl_0pb41.bmp
C:\Programmi\Sybase\PowerBuilder 11.5\DotNET\webroot\images\res\pl_0pb42.bmp
C:\Programmi\Sybase\PowerBuilder 11.5\DotNET\webroot\images\res\pl_0pb43.bmp
C:\Programmi\Sybase\PowerBuilder 11.5\DotNET\webroot\images\res\pl_0pb44.bmp
C:\Programmi\Sybase\PowerBuilder 11.5\DotNET\webroot\images\res\pl_0pt00.bmp
C:\Programmi\Sybase\PowerBuilder 11.5\DotNET\webroot\images\res\pl_0pt11.bmp
C:\Programmi\Sybase\PowerBuilder 11.5\DotNET\webroot\images\res\pl_0pt12.bmp
C:\Programmi\Sybase\PowerBuilder 11.5\DotNET\webroot\images\res\pl_0pt13.bmp
C:\Programmi\Sybase\PowerBuilder 11.5\DotNET\webroot\images\res\pl_0pt14.bmp
C:\Programmi\Sybase\PowerBuilder 11.5\DotNET\webroot\images\res\pl_0pt21.bmp
C:\Programmi\Sybase\PowerBuilder 11.5\DotNET\webroot\images\res\pl_0pt22.bmp
C:\Programmi\Sybase\PowerBuilder 11.5\DotNET\webroot\images\res\pl_0pt23.bmp
C:\Programmi\Sybase\PowerBuilder 11.5\DotNET\webroot\images\res\pl_0pt24.bmp
C:\Programmi\Sybase\PowerBuilder 11.5\DotNET\webroot\images\res\pl_0pt31.bmp
C:\Programmi\Sybase\PowerBuilder 11.5\DotNET\webroot\images\res\pl_0pt32.bmp
C:\Programmi\Sybase\PowerBuilder 11.5\DotNET\webroot\images\res\pl_0pt33.bmp
C:\Programmi\Sybase\PowerBuilder 11.5\DotNET\webroot\images\res\pl_0pt34.bmp
C:\Programmi\Sybase\PowerBuilder 11.5\DotNET\webroot\images\res\pl_0pt41.bmp
C:\Programmi\Sybase\PowerBuilder 11.5\DotNET\webroot\images\res\pl_0pt42.bmp
C:\Programmi\Sybase\PowerBuilder 11.5\DotNET\webroot\images\res\pl_0pt43.bmp
C:\Programmi\Sybase\PowerBuilder 11.5\DotNET\webroot\images\res\pl_0pt44.bmp
C:\Programmi\Sybase\PowerBuilder 11.5\DotNET\webroot\images\res\pl_0pv00.bmp
C:\Programmi\Sybase\PowerBuilder 11.5\DotNET\webroot\images\res\pl_0pv11.bmp
C:\Programmi\Sybase\PowerBuilder 11.5\DotNET\webroot\images\res\pl_0pv12.bmp
C:\Programmi\Sybase\PowerBuilder 11.5\DotNET\webroot\images\res\pl_0pv13.bmp
C:\Programmi\Sybase\PowerBuilder 11.5\DotNET\webroot\images\res\pl_0pv14.bmp
C:\Programmi\Sybase\PowerBuilder 11.5\DotNET\webroot\images\res\pl_0pv21.bmp
C:\Programmi\Sybase\PowerBuilder 11.5\DotNET\webroot\images\res\pl_0pv22.bmp
C:\Programmi\Sybase\PowerBuilder 11.5\DotNET\webroot\images\res\pl_0pv23.bmp
C:\Programmi\Sybase\PowerBuilder 11.5\DotNET\webroot\images\res\pl_0pv24.bmp
C:\Programmi\Sybase\PowerBuilder 11.5\DotNET\webroot\images\res\pl_0pv31.bmp
C:\Programmi\Sybase\PowerBuilder 11.5\DotNET\webroot\images\res\pl_0pv32.bmp
C:\Programmi\Sybase\PowerBuilder 11.5\DotNET\webroot\images\res\pl_0pv33.bmp
C:\Programmi\Sybase\PowerBuilder 11.5\DotNET\webroot\images\res\pl_0pv34.bmp
C:\Programmi\Sybase\PowerBuilder 11.5\DotNET\webroot\images\res\pl_0pv41.bmp
C:\Programmi\Sybase\PowerBuilder 11.5\DotNET\webroot\images\res\pl_0pv42.bmp
C:\Programmi\Sybase\PowerBuilder 11.5\DotNET\webroot\images\res\pl_0pv43.bmp
C:\Programmi\Sybase\PowerBuilder 11.5\DotNET\webroot\images\res\pl_0pv44.bmp
C:\Programmi\Sybase\PowerBuilder 11.5\DotNET\webroot\images\res\pl_blank.bmp
C:\Programmi\Sybase\PowerBuilder 11.5\DotNET\webroot\images\res\pl_fold.bmp
C:\Programmi\Sybase\PowerBuilder 11.5\DotNET\webroot\images\res\pl_ipb00.bmp
C:\Programmi\Sybase\PowerBuilder 11.5\DotNET\webroot\images\res\pl_ipb11.bmp
C:\Programmi\Sybase\PowerBuilder 11.5\DotNET\webroot\images\res\pl_ipb12.bmp
C:\Programmi\Sybase\PowerBuilder 11.5\DotNET\webroot\images\res\pl_ipb13.bmp
C:\Programmi\Sybase\PowerBuilder 11.5\DotNET\webroot\images\res\pl_ipb14.bmp
C:\Programmi\Sybase\PowerBuilder 11.5\DotNET\webroot\images\res\pl_ipb21.bmp
C:\Programmi\Sybase\PowerBuilder 11.5\DotNET\webroot\images\res\pl_ipb22.bmp
C:\Programmi\Sybase\PowerBuilder 11.5\DotNET\webroot\images\res\pl_ipb23.bmp
C:\Programmi\Sybase\PowerBuilder 11.5\DotNET\webroot\images\res\pl_ipb24.bmp
C:\Programmi\Sybase\PowerBuilder 11.5\DotNET\webroot\images\res\pl_ipb31.bmp
C:\Programmi\Sybase\PowerBuilder 11.5\DotNET\webroot\images\res\pl_ipb32.bmp
C:\Programmi\Sybase\PowerBuilder 11.5\DotNET\webroot\images\res\pl_ipb33.bmp
C:\Programmi\Sybase\PowerBuilder 11.5\DotNET\webroot\images\res\pl_ipb34.bmp
C:\Programmi\Sybase\PowerBuilder 11.5\DotNET\webroot\images\res\pl_ipb41.bmp
C:\Programmi\Sybase\PowerBuilder 11.5\DotNET\webroot\images\res\pl_ipb42.bmp
C:\Programmi\Sybase\PowerBuilder 11.5\DotNET\webroot\images\res\pl_ipb43.bmp
C:\Programmi\Sybase\PowerBuilder 11.5\DotNET\webroot\images\res\pl_ipb44.bmp
C:\Programmi\Sybase\PowerBuilder 11.5\DotNET\webroot\images\res\pl_ipt00.bmp
C:\Programmi\Sybase\PowerBuilder 11.5\DotNET\webroot\images\res\pl_ipt11.bmp
C:\Programmi\Sybase\PowerBuilder 11.5\DotNET\webroot\images\res\pl_ipt12.bmp
C:\Programmi\Sybase\PowerBuilder 11.5\DotNET\webroot\images\res\pl_ipt13.bmp
C:\Programmi\Sybase\PowerBuilder 11.5\DotNET\webroot\images\res\pl_ipt14.bmp
C:\Programmi\Sybase\PowerBuilder 11.5\DotNET\webroot\images\res\pl_ipt21.bmp
C:\Programmi\Sybase\PowerBuilder 11.5\DotNET\webroot\images\res\pl_ipt22.bmp
C:\Programmi\Sybase\PowerBuilder 11.5\DotNET\webroot\images\res\pl_ipt23.bmp
C:\Programmi\Sybase\PowerBuilder 11.5\DotNET\webroot\images\res\pl_ipt24.bmp
C:\Programmi\Sybase\PowerBuilder 11.5\DotNET\webroot\images\res\pl_ipt31.bmp
C:\Programmi\Sybase\PowerBuilder 11.5\DotNET\webroot\images\res\pl_ipt32.bmp
C:\Programmi\Sybase\PowerBuilder 11.5\DotNET\webroot\images\res\pl_ipt33.bmp
C:\Programmi\Sybase\PowerBuilder 11.5\DotNET\webroot\images\res\pl_ipt34.bmp
C:\Programmi\Sybase\PowerBuilder 11.5\DotNET\webroot\images\res\pl_ipt41.bmp
C:\Programmi\Sybase\PowerBuilder 11.5\DotNET\webroot\images\res\pl_ipt42.bmp
C:\Programmi\Sybase\PowerBuilder 11.5\DotNET\webroot\images\res\pl_ipt43.bmp
C:\Programmi\Sybase\PowerBuilder 11.5\DotNET\webroot\images\res\pl_ipt44.bmp
C:\Programmi\Sybase\PowerBuilder 11.5\DotNET\webroot\images\res\pl_ipv00.bmp
C:\Programmi\Sybase\PowerBuilder 11.5\DotNET\webroot\images\res\pl_ipv11.bmp
C:\Programmi\Sybase\PowerBuilder 11.5\DotNET\webroot\images\res\pl_ipv12.bmp
C:\Programmi\Sybase\PowerBuilder 11.5\DotNET\webroot\images\res\pl_ipv13.bmp
C:\Programmi\Sybase\PowerBuilder 11.5\DotNET\webroot\images\res\pl_ipv14.bmp
C:\Programmi\Sybase\PowerBuilder 11.5\DotNET\webroot\images\res\pl_ipv21.bmp
C:\Programmi\Sybase\PowerBuilder 11.5\DotNET\webroot\images\res\pl_ipv22.bmp
C:\Programmi\Sybase\PowerBuilder 11.5\DotNET\webroot\images\res\pl_ipv23.bmp
C:\Programmi\Sybase\PowerBuilder 11.5\DotNET\webroot\images\res\pl_ipv24.bmp
C:\Programmi\Sybase\PowerBuilder 11.5\DotNET\webroot\images\res\pl_ipv31.bmp
C:\Programmi\Sybase\PowerBuilder 11.5\DotNET\webroot\images\res\pl_ipv32.bmp
C:\Programmi\Sybase\PowerBuilder 11.5\DotNET\webroot\images\res\pl_ipv33.bmp
C:\Programmi\Sybase\PowerBuilder 11.5\DotNET\webroot\images\res\pl_ipv34.bmp
C:\Programmi\Sybase\PowerBuilder 11.5\DotNET\webroot\images\res\pl_ipv41.bmp
C:\Programmi\Sybase\PowerBuilder 11.5\DotNET\webroot\images\res\pl_ipv42.bmp
C:\Programmi\Sybase\PowerBuilder 11.5\DotNET\webroot\images\res\pl_ipv43.bmp
C:\Programmi\Sybase\PowerBuilder 11.5\DotNET\webroot\images\res\pl_ipv44.bmp
C:\Programmi\Sybase\PowerBuilder 11.5\DotNET\webroot\images\res\pst_drag.cur
C:\Programmi\Sybase\PowerBuilder 11.5\DotNET\webroot\images\res\pwactvx.ico
C:\Programmi\Sybase\PowerBuilder 11.5\DotNET\webroot\images\res\pwapptpl.ico
C:\Programmi\Sybase\PowerBuilder 11.5\DotNET\webroot\images\res\pwarrow.bmp
C:\Programmi\Sybase\PowerBuilder 11.5\DotNET\webroot\images\res\pwauto.ico
C:\Programmi\Sybase\PowerBuilder 11.5\DotNET\webroot\images\res\pwbmap.bmp
C:\Programmi\Sybase\PowerBuilder 11.5\DotNET\webroot\images\res\pwcom.ico
C:\Programmi\Sybase\PowerBuilder 11.5\DotNET\webroot\images\res\pwdebug.bmp
C:\Programmi\Sybase\PowerBuilder 11.5\DotNET\webroot\images\res\pwejbpxy.ico
C:\Programmi\Sybase\PowerBuilder 11.5\DotNET\webroot\images\res\pwjag.ico
C:\Programmi\Sybase\PowerBuilder 11.5\DotNET\webroot\images\res\pwjagpxy.ico
C:\Programmi\Sybase\PowerBuilder 11.5\DotNET\webroot\images\res\pwline.bmp
C:\Programmi\Sybase\PowerBuilder 11.5\DotNET\webroot\images\res\pwrect.bmp
C:\Programmi\Sybase\PowerBuilder 11.5\DotNET\webroot\images\res\pwrun.bmp
C:\Programmi\Sybase\PowerBuilder 11.5\DotNET\webroot\images\res\pwtext.bmp
C:\Programmi\Sybase\PowerBuilder 11.5\DotNET\webroot\images\res\pwwsprxy.ico
C:\Programmi\Sybase\PowerBuilder 11.5\DotNET\webroot\images\res\question.ico
C:\Programmi\Sybase\PowerBuilder 11.5\DotNET\webroot\images\res\rtc.resources
C:\Programmi\Sybase\PowerBuilder 11.5\DotNET\webroot\images\res\rtc.resX
C:\Programmi\Sybase\PowerBuilder 11.5\DotNET\webroot\images\res\scat2d.ico
C:\Programmi\Sybase\PowerBuilder 11.5\DotNET\webroot\images\res\size.bmp
C:\Programmi\Sybase\PowerBuilder 11.5\DotNET\webroot\images\res\sizenesw.bmp
C:\Programmi\Sybase\PowerBuilder 11.5\DotNET\webroot\images\res\sizens.bmp
C:\Programmi\Sybase\PowerBuilder 11.5\DotNET\webroot\images\res\sizenwse.bmp
C:\Programmi\Sybase\PowerBuilder 11.5\DotNET\webroot\images\res\sizewe.bmp
C:\Programmi\Sybase\PowerBuilder 11.5\DotNET\webroot\images\res\sizhght.bmp
C:\Programmi\Sybase\PowerBuilder 11.5\DotNET\webroot\images\res\sizwidth.bmp
C:\Programmi\Sybase\PowerBuilder 11.5\DotNET\webroot\images\res\spchorz.bmp
C:\Programmi\Sybase\PowerBuilder 11.5\DotNET\webroot\images\res\spcvert.bmp
C:\Programmi\Sybase\PowerBuilder 11.5\DotNET\webroot\images\res\stopsign.ico
C:\Programmi\Sybase\PowerBuilder 11.5\DotNET\webroot\images\res\swactvx.ico
C:\Programmi\Sybase\PowerBuilder 11.5\DotNET\webroot\images\res\swapp.ico
C:\Programmi\Sybase\PowerBuilder 11.5\DotNET\webroot\images\res\swappsrv.ico
C:\Programmi\Sybase\PowerBuilder 11.5\DotNET\webroot\images\res\swapptpl.ico
C:\Programmi\Sybase\PowerBuilder 11.5\DotNET\webroot\images\res\swauto.ico
C:\Programmi\Sybase\PowerBuilder 11.5\DotNET\webroot\images\res\swcom.ico
C:\Programmi\Sybase\PowerBuilder 11.5\DotNET\webroot\images\res\swjag.ico
C:\Programmi\Sybase\PowerBuilder 11.5\DotNET\webroot\images\res\uparrow.bmp
C:\Programmi\Sybase\PowerBuilder 11.5\DotNET\webroot\images\res\winlogo.ico
C:\Programmi\Sybase\PowerBuilder 11.5\DotNET\webroot\images\res\wpgchkdd.bmp
C:\Programmi\Sybase\PowerBuilder 11.5\DotNET\webroot\images\res\wpgchked.bmp
C:\Programmi\Sybase\PowerBuilder 11.5\DotNET\webroot\images\res\wpgfldrs.bmp
C:\Programmi\Sybase\PowerBuilder 11.5\DotNET\webroot\images\res\wpgport.bmp
C:\Programmi\Sybase\PowerBuilder 11.5\DotNET\webroot\images\res\wpgserv.bmp
C:\Programmi\Sybase\PowerBuilder 11.5\DotNET\webroot\images\res\wpgsvc.bmp
C:\Programmi\Sybase\PowerBuilder 11.5\DotNET\webroot\RadControls\LicenseFile.xml
C:\Programmi\Sybase\PowerBuilder 11.5\DotNET\webroot\RadControls\Calendar\Images\arrow.gif
C:\Programmi\Sybase\PowerBuilder 11.5\DotNET\webroot\RadControls\Calendar\Skins\PB\Calendar.css
C:\Programmi\Sybase\PowerBuilder 11.5\DotNET\webroot\RadControls\Calendar\Skins\PB\RadTimePicker.css
C:\Programmi\Sybase\PowerBuilder 11.5\DotNET\webroot\RadControls\Calendar\Skins\PB\Img\arrowLeft.gif
C:\Programmi\Sybase\PowerBuilder 11.5\DotNET\webroot\RadControls\Calendar\Skins\PB\Img\arrowRight.gif
C:\Programmi\Sybase\PowerBuilder 11.5\DotNET\webroot\RadControls\Calendar\Skins\PB\Img\calendarBg.gif
C:\Programmi\Sybase\PowerBuilder 11.5\DotNET\webroot\RadControls\Calendar\Skins\PB\Img\clock.gif
C:\Programmi\Sybase\PowerBuilder 11.5\DotNET\webroot\RadControls\Calendar\Skins\PB\Img\clockHover.gif
C:\Programmi\Sybase\PowerBuilder 11.5\DotNET\webroot\RadControls\Calendar\Skins\PB\Img\ContextMenuInputBg.gif
C:\Programmi\Sybase\PowerBuilder 11.5\DotNET\webroot\RadControls\Calendar\Skins\PB\Img\datePickerPopup.gif
C:\Programmi\Sybase\PowerBuilder 11.5\DotNET\webroot\RadControls\Calendar\Skins\PB\Img\datePickerPopupHover.gif
C:\Programmi\Sybase\PowerBuilder 11.5\DotNET\webroot\RadControls\Calendar\Skins\PB\Img\fastNavLeft.gif
C:\Programmi\Sybase\PowerBuilder 11.5\DotNET\webroot\RadControls\Calendar\Skins\PB\Img\fastNavRight.gif
C:\Programmi\Sybase\PowerBuilder 11.5\DotNET\webroot\RadControls\Calendar\Skins\PB\Img\HoverBg.gif
C:\Programmi\Sybase\PowerBuilder 11.5\DotNET\webroot\RadControls\Calendar\Skins\PB\Img\MonthYearFastNavBtnBg.gif
C:\Programmi\Sybase\PowerBuilder 11.5\DotNET\webroot\RadControls\Calendar\Skins\PB\Img\selectBg.gif
C:\Programmi\Sybase\PowerBuilder 11.5\DotNET\webroot\RadControls\Calendar\Skins\PB\Img\TodayBg.gif
C:\Programmi\Sybase\PowerBuilder 11.5\DotNET\webroot\RadControls\Input\Skins\Default\styles.css
C:\Programmi\Sybase\PowerBuilder 11.5\DotNET\webroot\RadControls\Input\Skins\Default\Img\button.gif
C:\Programmi\Sybase\PowerBuilder 11.5\DotNET\webroot\RadControls\Input\Skins\Default\Img\buttondown.gif
C:\Programmi\Sybase\PowerBuilder 11.5\DotNET\webroot\RadControls\Input\Skins\Default\Img\buttonup.gif
C:\Programmi\Sybase\PowerBuilder 11.5\DotNET\webroot\RadControls\Input\Skins\Default\Img\default.gif
C:\Programmi\Sybase\PowerBuilder 11.5\DotNET\webroot\RadControls\Input\Skins\Default\Img\error.gif
C:\Programmi\Sybase\PowerBuilder 11.5\DotNET\webroot\RadControls\Input\Skins\Default\Img\focus.gif
C:\Programmi\Sybase\PowerBuilder 11.5\DotNET\webroot\RadControls\Input\Skins\Default\Img\over.gif
C:\Programmi\Sybase\PowerBuilder 11.5\DotNET\webroot\RadControls\Menu\Scripts\4_3_2\menu.css
C:\Programmi\Sybase\PowerBuilder 11.5\DotNET\webroot\RadControls\Menu\Skins\PBContemporary\styles.css
C:\Programmi\Sybase\PowerBuilder 11.5\DotNET\webroot\RadControls\Menu\Skins\PBContemporary\Img\bottom.gif
C:\Programmi\Sybase\PowerBuilder 11.5\DotNET\webroot\RadControls\Menu\Skins\PBContemporary\Img\GroupBkg.gif
C:\Programmi\Sybase\PowerBuilder 11.5\DotNET\webroot\RadControls\Menu\Skins\PBContemporary\Img\groupImage.gif
C:\Programmi\Sybase\PowerBuilder 11.5\DotNET\webroot\RadControls\Menu\Skins\PBContemporary\Img\groupImageRTL.gif
C:\Programmi\Sybase\PowerBuilder 11.5\DotNET\webroot\RadControls\Menu\Skins\PBContemporary\Img\left.gif
C:\Programmi\Sybase\PowerBuilder 11.5\DotNET\webroot\RadControls\Menu\Skins\PBContemporary\Img\right.gif
C:\Programmi\Sybase\PowerBuilder 11.5\DotNET\webroot\RadControls\Menu\Skins\PBContemporary\Img\RootItemBkg.gif
C:\Programmi\Sybase\PowerBuilder 11.5\DotNET\webroot\RadControls\Menu\Skins\PBContemporary\Img\RootItemFocusedBkg.gif
C:\Programmi\Sybase\PowerBuilder 11.5\DotNET\webroot\RadControls\Menu\Skins\PBContemporary\Img\top.gif
C:\Programmi\Sybase\PowerBuilder 11.5\DotNET\webroot\RadControls\Menu\Skins\PBTraditional\styles.css
C:\Programmi\Sybase\PowerBuilder 11.5\DotNET\webroot\RadControls\Menu\Skins\PBTraditional\img\bottom.gif
C:\Programmi\Sybase\PowerBuilder 11.5\DotNET\webroot\RadControls\Menu\Skins\PBTraditional\img\groupImage.gif
C:\Programmi\Sybase\PowerBuilder 11.5\DotNET\webroot\RadControls\Menu\Skins\PBTraditional\img\invertedGroupImage.gif
C:\Programmi\Sybase\PowerBuilder 11.5\DotNET\webroot\RadControls\Menu\Skins\PBTraditional\img\left.gif
C:\Programmi\Sybase\PowerBuilder 11.5\DotNET\webroot\RadControls\Menu\Skins\PBTraditional\img\right.gif
C:\Programmi\Sybase\PowerBuilder 11.5\DotNET\webroot\RadControls\Menu\Skins\PBTraditional\img\top.gif
C:\Programmi\Sybase\PowerBuilder 11.5\DotNET\webroot\RadControls\Toolbar\Skins\PBContemporary\PBContemporary.css
C:\Programmi\Sybase\PowerBuilder 11.5\DotNET\webroot\RadControls\Toolbar\Skins\PBContemporary\img\separator_h.gif
C:\Programmi\Sybase\PowerBuilder 11.5\DotNET\webroot\RadControls\Toolbar\Skins\PBContemporary\img\toolbarLeft.bmp
C:\Programmi\Sybase\PowerBuilder 11.5\DotNET\webroot\RadControls\Toolbar\Skins\PBContemporary\img\toolbarRight.bmp
C:\Programmi\Sybase\PowerBuilder 11.5\DotNET\webroot\RadControls\Toolbar\Skins\PBTraditional\PBTraditional.css
C:\Programmi\Sybase\PowerBuilder 11.5\DotNET\webroot\RadControls\Toolbar\Skins\PBTraditional\img\separator_h.gif
C:\Programmi\Sybase\PowerBuilder 11.5\DotNET\webroot\RadControls\Toolbar\Skins\PBTraditional\img\toolbarLeft.bmp
C:\Programmi\Sybase\PowerBuilder 11.5\DotNET\webroot\RadControls\Toolbar\Skins\PBTraditional\img\toolbarRight.bmp
C:\Programmi\Sybase\PowerBuilder 11.5\DotNET\webroot\scripts\AppendRow.gif
C:\Programmi\Sybase\PowerBuilder 11.5\DotNET\webroot\scripts\Cancel.gif
C:\Programmi\Sybase\PowerBuilder 11.5\DotNET\webroot\scripts\DeleteRow.gif
C:\Programmi\Sybase\PowerBuilder 11.5\DotNET\webroot\scripts\dwcommon.js
C:\Programmi\Sybase\PowerBuilder 11.5\DotNET\webroot\scripts\dwdatetime.js
C:\Programmi\Sybase\PowerBuilder 11.5\DotNET\webroot\scripts\dwnumber.js
C:\Programmi\Sybase\PowerBuilder 11.5\DotNET\webroot\scripts\dwstring.js
C:\Programmi\Sybase\PowerBuilder 11.5\DotNET\webroot\scripts\Filter.gif
C:\Programmi\Sybase\PowerBuilder 11.5\DotNET\webroot\scripts\InsertRow.gif
C:\Programmi\Sybase\PowerBuilder 11.5\DotNET\webroot\scripts\PageFirst.gif
C:\Programmi\Sybase\PowerBuilder 11.5\DotNET\webroot\scripts\PageLast.gif
C:\Programmi\Sybase\PowerBuilder 11.5\DotNET\webroot\scripts\PageNext.gif
C:\Programmi\Sybase\PowerBuilder 11.5\DotNET\webroot\scripts\PagePrior.gif
C:\Programmi\Sybase\PowerBuilder 11.5\DotNET\webroot\scripts\PBCheckBox.js
C:\Programmi\Sybase\PowerBuilder 11.5\DotNET\webroot\scripts\PBCollections.js
C:\Programmi\Sybase\PowerBuilder 11.5\DotNET\webroot\scripts\PBCommonUtil.js
C:\Programmi\Sybase\PowerBuilder 11.5\DotNET\webroot\scripts\PBConst.js
C:\Programmi\Sybase\PowerBuilder 11.5\DotNET\webroot\scripts\PBDataWindow.js
C:\Programmi\Sybase\PowerBuilder 11.5\DotNET\webroot\scripts\PBDatePicker.js
C:\Programmi\Sybase\PowerBuilder 11.5\DotNET\webroot\scripts\PBEditMask.js
C:\Programmi\Sybase\PowerBuilder 11.5\DotNET\webroot\scripts\PBFile.js
C:\Programmi\Sybase\PowerBuilder 11.5\DotNET\webroot\scripts\PBGraph.js
C:\Programmi\Sybase\PowerBuilder 11.5\DotNET\webroot\scripts\PBListView.js
C:\Programmi\Sybase\PowerBuilder 11.5\DotNET\webroot\scripts\PBMenu.htc
C:\Programmi\Sybase\PowerBuilder 11.5\DotNET\webroot\scripts\PBPDFPrinting.js
C:\Programmi\Sybase\PowerBuilder 11.5\DotNET\webroot\scripts\PBPicture.js
C:\Programmi\Sybase\PowerBuilder 11.5\DotNET\webroot\scripts\PBPictureListBox.js
C:\Programmi\Sybase\PowerBuilder 11.5\DotNET\webroot\scripts\PBProgressBar.js
C:\Programmi\Sybase\PowerBuilder 11.5\DotNET\webroot\scripts\PBRichEdit.js
C:\Programmi\Sybase\PowerBuilder 11.5\DotNET\webroot\scripts\PBScrollBar.js
C:\Programmi\Sybase\PowerBuilder 11.5\DotNET\webroot\scripts\PBStatic.js
C:\Programmi\Sybase\PowerBuilder 11.5\DotNET\webroot\scripts\PBTab.js
C:\Programmi\Sybase\PowerBuilder 11.5\DotNET\webroot\scripts\PBTextBox.js
C:\Programmi\Sybase\PowerBuilder 11.5\DotNET\webroot\scripts\PBTextBoxWithoutClipboard.js
C:\Programmi\Sybase\PowerBuilder 11.5\DotNET\webroot\scripts\PBTreeView.js
C:\Programmi\Sybase\PowerBuilder 11.5\DotNET\webroot\scripts\PBWindow.js
C:\Programmi\Sybase\PowerBuilder 11.5\DotNET\webroot\scripts\Preview.gif
C:\Programmi\Sybase\PowerBuilder 11.5\DotNET\webroot\scripts\Print2.gif
C:\Programmi\Sybase\PowerBuilder 11.5\DotNET\webroot\scripts\QueryClear.gif
C:\Programmi\Sybase\PowerBuilder 11.5\DotNET\webroot\scripts\QueryModeOn.gif
C:\Programmi\Sybase\PowerBuilder 11.5\DotNET\webroot\scripts\QuerySortOn.gif
C:\Programmi\Sybase\PowerBuilder 11.5\DotNET\webroot\scripts\Retrieve.gif
C:\Programmi\Sybase\PowerBuilder 11.5\DotNET\webroot\scripts\Ruler.gif
C:\Programmi\Sybase\PowerBuilder 11.5\DotNET\webroot\scripts\SaveRowsAs.gif
C:\Programmi\Sybase\PowerBuilder 11.5\DotNET\webroot\scripts\Sort.gif
C:\Programmi\Sybase\PowerBuilder 11.5\DotNET\webroot\scripts\Update.gif
1119 File copiati

C:\svil_11\Gestione_Associati\web.pbt_build\web>xcopy /D /Y "C:\Programmi\Sybase\PowerBuilder 11.5\DotNET\bin\Sybase.PowerBuilder.System.pbd" "..\web_root"\file\common\c\~pl_\ 
C:\Programmi\Sybase\PowerBuilder 11.5\DotNET\bin\Sybase.PowerBuilder.System.pbd
1 File copiati

C:\svil_11\Gestione_Associati\web.pbt_build\web>if exist "C:\Programmi\Sybase\PowerBuilder 11.5\DotNET\bin\RadTreeView.Net2.dll" xcopy /D /Y "C:\Programmi\Sybase\PowerBuilder 11.5\DotNET\bin\RadTreeView.Net2.dll" debug\ 
C:\Programmi\Sybase\PowerBuilder 11.5\DotNET\bin\RadTreeView.Net2.dll
1 File copiati

C:\svil_11\Gestione_Associati\web.pbt_build\web>if exist "C:\Programmi\Sybase\PowerBuilder 11.5\DotNET\bin\RadMenu.Net2.dll" xcopy /D /Y "C:\Programmi\Sybase\PowerBuilder 11.5\DotNET\bin\RadMenu.Net2.dll" debug\ 
C:\Programmi\Sybase\PowerBuilder 11.5\DotNET\bin\RadMenu.Net2.dll
1 File copiati

C:\svil_11\Gestione_Associati\web.pbt_build\web>if exist "C:\Programmi\Sybase\PowerBuilder 11.5\DotNET\bin\RadToolbar.Net2.dll" xcopy /D /Y "C:\Programmi\Sybase\PowerBuilder 11.5\DotNET\bin\RadToolbar.Net2.dll" debug\ 
C:\Programmi\Sybase\PowerBuilder 11.5\DotNET\bin\RadToolbar.Net2.dll
1 File copiati

C:\svil_11\Gestione_Associati\web.pbt_build\web>if exist "C:\Programmi\Sybase\PowerBuilder 11.5\DotNET\bin\RadCalendar.Net2.dll" xcopy /D /Y "C:\Programmi\Sybase\PowerBuilder 11.5\DotNET\bin\RadCalendar.Net2.dll" debug\ 
C:\Programmi\Sybase\PowerBuilder 11.5\DotNET\bin\RadCalendar.Net2.dll
1 File copiati

C:\svil_11\Gestione_Associati\web.pbt_build\web>if exist "C:\Programmi\Sybase\PowerBuilder 11.5\DotNET\bin\RadInput.Net2.dll" xcopy /D /Y "C:\Programmi\Sybase\PowerBuilder 11.5\DotNET\bin\RadInput.Net2.dll" debug\ 
C:\Programmi\Sybase\PowerBuilder 11.5\DotNET\bin\RadInput.Net2.dll
1 File copiati

C:\svil_11\Gestione_Associati\web.pbt_build\web>if exist "C:\Programmi\Sybase\PowerBuilder 11.5\DotNET\bin\PBRTCFileTransform115.exe" xcopy /D /Y "C:\Programmi\Sybase\PowerBuilder 11.5\DotNET\bin\PBRTCFileTransform115.exe" debug\ 
C:\Programmi\Sybase\PowerBuilder 11.5\DotNET\bin\PBRTCFileTransform115.exe
1 File copiati

C:\svil_11\Gestione_Associati\web.pbt_build\web>reg import "C:\Programmi\Sybase\PowerBuilder 11.5\DotNET\bin\PBExceptionTrace.reg" 

Operazione terminata con successo.

C:\svil_11\Gestione_Associati\web.pbt_build\web>if "C:\svil_11\Gestione_Associati\web.pbt_build\csc_output_file_name.txt" == "" (C:\WINDOWS\Microsoft.NET\Framework\v2.0.50727\csc /t:library /debug   /platform:x86 "/r:C:\Programmi\Sybase\PowerBuilder 11.5\DotNET\bin\Sybase.PowerBuilder.Core.dll;C:\Programmi\Sybase\PowerBuilder 11.5\DotNET\bin\Sybase.PowerBuilder.Interop.dll;C:\Programmi\Sybase\PowerBuilder 11.5\DotNET\bin\Sybase.PowerBuilder.Common.dll;C:\Programmi\Sybase\PowerBuilder 11.5\DotNET\bin\Sybase.PowerBuilder.Web.dll;C:\Programmi\Sybase\PowerBuilder 11.5\DotNET\bin\com.sybase.ejb.net.dll;C:\Programmi\Sybase\PowerBuilder 11.5\DotNET\bin\com.sybase.iiop.net.dll;C:\WINDOWS\assembly\GAC_MSIL\System.Web.Extensions\1.0.61025.0__31bf3856ad364e35\System.Web.Extensions.dll" /out:"debug\web.dll" @mb.rsp )  else (C:\WINDOWS\Microsoft.NET\Framework\v2.0.50727\csc /t:library /debug   /platform:x86 "/r:C:\Programmi\Sybase\PowerBuilder 11.5\DotNET\bin\Sybase.PowerBuilder.Core.dll;C:\Programmi\Sybase\PowerBuilder 11.5\DotNET\bin\Sybase.PowerBuilder.Interop.dll;C:\Programmi\Sybase\PowerBuilder 11.5\DotNET\bin\Sybase.PowerBuilder.Common.dll;C:\Programmi\Sybase\PowerBuilder 11.5\DotNET\bin\Sybase.PowerBuilder.Web.dll;C:\Programmi\Sybase\PowerBuilder 11.5\DotNET\bin\com.sybase.ejb.net.dll;C:\Programmi\Sybase\PowerBuilder 11.5\DotNET\bin\com.sybase.iiop.net.dll;C:\WINDOWS\assembly\GAC_MSIL\System.Web.Extensions\1.0.61025.0__31bf3856ad364e35\System.Web.Extensions.dll" /out:"debug\web.dll" @mb.rsp  1>"C:\svil_11\Gestione_Associati\web.pbt_build\csc_output_file_name.txt" ) 
Build Succeeded.

C:\svil_11\Gestione_Associati\web.pbt_build\web>goto end 

C:\svil_11\Gestione_Associati\web.pbt_build\web>md bin 

C:\svil_11\Gestione_Associati\web.pbt_build\web>xcopy /D /Y /E debug\*.* bin\ 
debug\PBRTCFileTransform115.exe
debug\RadCalendar.Net2.dll
debug\RadInput.Net2.dll
debug\RadMenu.Net2.dll
debug\RadToolbar.Net2.dll
debug\RadTreeView.Net2.dll
debug\web.dll
debug\web.pdb
8 File copiati

C:\svil_11\Gestione_Associati\web.pbt_build\web>rem endlocal 

C:\svil_11\Gestione_Associati\web.pbt_build\web>if ERRORLEVEL 1 exit 2 
Generating PowerBuilder .NET assemblies succeeded.

C:\svil_11\Gestione_Associati\web.pbt_build>if not exist "C:\svil_11\Gestione_Associati\web.pbt_build\Debug" mkdir "C:\svil_11\Gestione_Associati\web.pbt_build\Debug"  

C:\svil_11\Gestione_Associati\web.pbt_build>xcopy /Y /E /D "C:\svil_11\Gestione_Associati\web.pbt_build\web\Debug" "C:\svil_11\Gestione_Associati\web.pbt_build\Debug"  
C:\svil_11\Gestione_Associati\web.pbt_build\web\Debug\PBRTCFileTransform115.exe
C:\svil_11\Gestione_Associati\web.pbt_build\web\Debug\RadCalendar.Net2.dll
C:\svil_11\Gestione_Associati\web.pbt_build\web\Debug\RadInput.Net2.dll
C:\svil_11\Gestione_Associati\web.pbt_build\web\Debug\RadMenu.Net2.dll
C:\svil_11\Gestione_Associati\web.pbt_build\web\Debug\RadToolbar.Net2.dll
C:\svil_11\Gestione_Associati\web.pbt_build\web\Debug\RadTreeView.Net2.dll
C:\svil_11\Gestione_Associati\web.pbt_build\web\Debug\web.dll
C:\svil_11\Gestione_Associati\web.pbt_build\web\Debug\web.pdb
8 File copiati

C:\svil_11\Gestione_Associati\web.pbt_build>rd /S /Q "C:\svil_11\Gestione_Associati\web.pbt_build\web\Debug"  
Copying files from C:\svil_11\Gestione_Associati\web.pbt_build\web\Debug to C:\svil_11\Gestione_Associati\web.pbt_build\Debug succeeded.

C:\svil_11\Gestione_Associati\web.pbt_build>if not exist "C:\svil_11\Gestione_Associati\web.pbt_build\_inc_src" mkdir "C:\svil_11\Gestione_Associati\web.pbt_build\_inc_src"  

C:\svil_11\Gestione_Associati\web.pbt_build>xcopy /Y /H /D /R "C:\svil_11\Gestione_Associati\web.pbt_build\web\*.cs" "C:\svil_11\Gestione_Associati\web.pbt_build\_inc_src"  
C:\svil_11\Gestione_Associati\web.pbt_build\web\AssemblyInfo.cs
C:\svil_11\Gestione_Associati\web.pbt_build\web\default.aspx.cs
C:\svil_11\Gestione_Associati\web.pbt_build\web\default_sy.aspx.cs
C:\svil_11\Gestione_Associati\web.pbt_build\web\Global.asax.cs
C:\svil_11\Gestione_Associati\web.pbt_build\web\pbopenfile.aspx.cs
C:\svil_11\Gestione_Associati\web.pbt_build\web\pbuploadfile.aspx.cs
C:\svil_11\Gestione_Associati\web.pbt_build\web\web.cs
C:\svil_11\Gestione_Associati\web.pbt_build\web\w_web.cs
8 File copiati

C:\svil_11\Gestione_Associati\web.pbt_build>del /F /Q "C:\svil_11\Gestione_Associati\web.pbt_build\web\*.cs"  

C:\svil_11\Gestione_Associati\web.pbt_build>call "C:\svil_11\Gestione_Associati\web.pbt_build\deploytoserver.bat"  

C:\svil_11\Gestione_Associati\web.pbt_build>if exist "c:\inetpub\wwwroot\web\bin" rd /S /Q "c:\inetpub\wwwroot\web\bin"  

C:\svil_11\Gestione_Associati\web.pbt_build>if not exist "c:\inetpub\wwwroot\web\..\web_root\file\common\C\svil_11\Gestione_Associati" mkdir "c:\inetpub\wwwroot\web\..\web_root\file\common\C\svil_11\Gestione_Associati" 

C:\svil_11\Gestione_Associati\web.pbt_build>xcopy /H /D /Y "C:\svil_11\Gestione_Associati\web.pbt_build\pbd\web.pbd" "c:\inetpub\wwwroot\web\..\web_root\file\common\c\~pl_\" 
C:\svil_11\Gestione_Associati\web.pbt_build\pbd\web.pbd
1 File copiati

C:\svil_11\Gestione_Associati\web.pbt_build>del "C:\svil_11\Gestione_Associati\web.pbt_build\deploytoserver.bat"  

C:\svil_11\Gestione_Associati\web.pbt_build>call "C:\svil_11\Gestione_Associati\web.pbt_build\createvdir_web.bat"  

C:\svil_11\Gestione_Associati\web.pbt_build>if not exist "c:\inetpub\wwwroot\web" mkdir "c:\inetpub\wwwroot\web" 

C:\svil_11\Gestione_Associati\web.pbt_build>"C:\svil_11\Gestione_Associati\web.pbt_build\createvroot_web.vbs"

C:\svil_11\Gestione_Associati\web.pbt_build>del "C:\svil_11\Gestione_Associati\web.pbt_build\createvroot_web.vbs" 

C:\svil_11\Gestione_Associati\web.pbt_build>del "C:\svil_11\Gestione_Associati\web.pbt_build\createvdir_web.bat" 
Impossibile trovare il file batch.

C:\svil_11\Gestione_Associati\web.pbt_build>if not exist "c:\inetpub\wwwroot\web" mkdir "c:\inetpub\wwwroot\web"  

C:\svil_11\Gestione_Associati\web.pbt_build>xcopy /Y /E /D "C:\svil_11\Gestione_Associati\web.pbt_build\web" "c:\inetpub\wwwroot\web"  
C:\svil_11\Gestione_Associati\web.pbt_build\web\classic.css
C:\svil_11\Gestione_Associati\web.pbt_build\web\default.aspx
C:\svil_11\Gestione_Associati\web.pbt_build\web\default.htm
C:\svil_11\Gestione_Associati\web.pbt_build\web\default_sy.aspx
C:\svil_11\Gestione_Associati\web.pbt_build\web\download.htm
C:\svil_11\Gestione_Associati\web.pbt_build\web\execute_error.htm
C:\svil_11\Gestione_Associati\web.pbt_build\web\Global.asax
C:\svil_11\Gestione_Associati\web.pbt_build\web\Global.asax.resx
C:\svil_11\Gestione_Associati\web.pbt_build\web\GraphStreamImageContainerPage.aspx
C:\svil_11\Gestione_Associati\web.pbt_build\web\iframe_control.htm
C:\svil_11\Gestione_Associati\web.pbt_build\web\insert_image.html
C:\svil_11\Gestione_Associati\web.pbt_build\web\insert_table.html
C:\svil_11\Gestione_Associati\web.pbt_build\web\log.txt
C:\svil_11\Gestione_Associati\web.pbt_build\web\Login.aspx
C:\svil_11\Gestione_Associati\web.pbt_build\web\mb.rsp
C:\svil_11\Gestione_Associati\web.pbt_build\web\pbopenfile.aspx
C:\svil_11\Gestione_Associati\web.pbt_build\web\pbuploadfile.aspx
C:\svil_11\Gestione_Associati\web.pbt_build\web\StreamImageContainerPage.aspx
C:\svil_11\Gestione_Associati\web.pbt_build\web\too_many_users.htm
C:\svil_11\Gestione_Associati\web.pbt_build\web\UsersInit.aspx
C:\svil_11\Gestione_Associati\web.pbt_build\web\wait.htm
C:\svil_11\Gestione_Associati\web.pbt_build\web\web.config
C:\svil_11\Gestione_Associati\web.pbt_build\web\xp.css
C:\svil_11\Gestione_Associati\web.pbt_build\web\admin\UserAdd.aspx
C:\svil_11\Gestione_Associati\web.pbt_build\web\admin\UserAdd.aspx.cs
C:\svil_11\Gestione_Associati\web.pbt_build\web\admin\UserEdit.aspx
C:\svil_11\Gestione_Associati\web.pbt_build\web\admin\UserEdit.aspx.cs
C:\svil_11\Gestione_Associati\web.pbt_build\web\admin\Users.aspx
C:\svil_11\Gestione_Associati\web.pbt_build\web\admin\Users.aspx.cs
C:\svil_11\Gestione_Associati\web.pbt_build\web\bin\PBRTCFileTransform115.exe
C:\svil_11\Gestione_Associati\web.pbt_build\web\bin\RadCalendar.Net2.dll
C:\svil_11\Gestione_Associati\web.pbt_build\web\bin\RadInput.Net2.dll
C:\svil_11\Gestione_Associati\web.pbt_build\web\bin\RadMenu.Net2.dll
C:\svil_11\Gestione_Associati\web.pbt_build\web\bin\RadToolbar.Net2.dll
C:\svil_11\Gestione_Associati\web.pbt_build\web\bin\RadTreeView.Net2.dll
C:\svil_11\Gestione_Associati\web.pbt_build\web\bin\web.dll
C:\svil_11\Gestione_Associati\web.pbt_build\web\bin\web.pdb
C:\svil_11\Gestione_Associati\web.pbt_build\web\images\ajax-loader.gif
C:\svil_11\Gestione_Associati\web.pbt_build\web\images\arrow_black.gif
C:\svil_11\Gestione_Associati\web.pbt_build\web\images\bg.gif
C:\svil_11\Gestione_Associati\web.pbt_build\web\images\Bgcolor.gif
C:\svil_11\Gestione_Associati\web.pbt_build\web\images\Bold.gif
C:\svil_11\Gestione_Associati\web.pbt_build\web\images\break.gif
C:\svil_11\Gestione_Associati\web.pbt_build\web\images\Bullist.gif
C:\svil_11\Gestione_Associati\web.pbt_build\web\images\Center.gif
C:\svil_11\Gestione_Associati\web.pbt_build\web\images\checkbox_1_2.jpg
C:\svil_11\Gestione_Associati\web.pbt_build\web\images\classic_checkbox_1_1_0.jpg
C:\svil_11\Gestione_Associati\web.pbt_build\web\images\classic_checkbox_1_1_1.jpg
C:\svil_11\Gestione_Associati\web.pbt_build\web\images\classic_checkbox_1_2_0.jpg
C:\svil_11\Gestione_Associati\web.pbt_build\web\images\classic_checkbox_1_2_1.jpg
C:\svil_11\Gestione_Associati\web.pbt_build\web\images\classic_checkbox_1_3_0.jpg
C:\svil_11\Gestione_Associati\web.pbt_build\web\images\classic_checkbox_1_3_1.jpg
C:\svil_11\Gestione_Associati\web.pbt_build\web\images\classic_checkbox_2_1_0.jpg
C:\svil_11\Gestione_Associati\web.pbt_build\web\images\classic_checkbox_2_1_1.jpg
C:\svil_11\Gestione_Associati\web.pbt_build\web\images\classic_checkbox_2_2_0.jpg
C:\svil_11\Gestione_Associati\web.pbt_build\web\images\classic_checkbox_2_2_1.jpg
C:\svil_11\Gestione_Associati\web.pbt_build\web\images\classic_checkbox_2_3_0.jpg
C:\svil_11\Gestione_Associati\web.pbt_build\web\images\classic_checkbox_2_3_1.jpg
C:\svil_11\Gestione_Associati\web.pbt_build\web\images\classic_close.gif
C:\svil_11\Gestione_Associati\web.pbt_build\web\images\classic_max.gif
C:\svil_11\Gestione_Associati\web.pbt_build\web\images\classic_min.gif
C:\svil_11\Gestione_Associati\web.pbt_build\web\images\classic_restore.gif
C:\svil_11\Gestione_Associati\web.pbt_build\web\images\classic_web_close.gif
C:\svil_11\Gestione_Associati\web.pbt_build\web\images\ClipboardPaste.gif
C:\svil_11\Gestione_Associati\web.pbt_build\web\images\close.gif
C:\svil_11\Gestione_Associati\web.pbt_build\web\images\Copy.gif
C:\svil_11\Gestione_Associati\web.pbt_build\web\images\Cut.gif
C:\svil_11\Gestione_Associati\web.pbt_build\web\images\Date.gif
C:\svil_11\Gestione_Associati\web.pbt_build\web\images\dddw.gif
C:\svil_11\Gestione_Associati\web.pbt_build\web\images\dddw1.gif
C:\svil_11\Gestione_Associati\web.pbt_build\web\images\def_top_left.PNG
C:\svil_11\Gestione_Associati\web.pbt_build\web\images\def_top_right.PNG
C:\svil_11\Gestione_Associati\web.pbt_build\web\images\disable_scr_down.PNG
C:\svil_11\Gestione_Associati\web.pbt_build\web\images\disable_scr_down_xp.png
C:\svil_11\Gestione_Associati\web.pbt_build\web\images\down.PNG
C:\svil_11\Gestione_Associati\web.pbt_build\web\images\downdisable.bmp
C:\svil_11\Gestione_Associati\web.pbt_build\web\images\downenable.bmp
C:\svil_11\Gestione_Associati\web.pbt_build\web\images\drive.gif
C:\svil_11\Gestione_Associati\web.pbt_build\web\images\editdisable.bmp
C:\svil_11\Gestione_Associati\web.pbt_build\web\images\editenable.bmp
C:\svil_11\Gestione_Associati\web.pbt_build\web\images\excl.GIF
C:\svil_11\Gestione_Associati\web.pbt_build\web\images\Fgcolor.gif
C:\svil_11\Gestione_Associati\web.pbt_build\web\images\filemanager.gif
C:\svil_11\Gestione_Associati\web.pbt_build\web\images\fndragno.cur
C:\svil_11\Gestione_Associati\web.pbt_build\web\images\folder.gif
C:\svil_11\Gestione_Associati\web.pbt_build\web\images\folderopen.gif
C:\svil_11\Gestione_Associati\web.pbt_build\web\images\gray.gif
C:\svil_11\Gestione_Associati\web.pbt_build\web\images\HSeparator.gif
C:\svil_11\Gestione_Associati\web.pbt_build\web\images\htrack.PNG
C:\svil_11\Gestione_Associati\web.pbt_build\web\images\h_thumb_back_ground_xp.bmp
C:\svil_11\Gestione_Associati\web.pbt_build\web\images\Image.gif
C:\svil_11\Gestione_Associati\web.pbt_build\web\images\Indent.gif
C:\svil_11\Gestione_Associati\web.pbt_build\web\images\info.GIF
C:\svil_11\Gestione_Associati\web.pbt_build\web\images\InsertTable.gif
C:\svil_11\Gestione_Associati\web.pbt_build\web\images\Italic.gif
C:\svil_11\Gestione_Associati\web.pbt_build\web\images\Left.gif
C:\svil_11\Gestione_Associati\web.pbt_build\web\images\left.png
C:\svil_11\Gestione_Associati\web.pbt_build\web\images\Link.gif
C:\svil_11\Gestione_Associati\web.pbt_build\web\images\mailprofilemgr.GIF
C:\svil_11\Gestione_Associati\web.pbt_build\web\images\max.gif
C:\svil_11\Gestione_Associati\web.pbt_build\web\images\min.gif
C:\svil_11\Gestione_Associati\web.pbt_build\web\images\mode.gif
C:\svil_11\Gestione_Associati\web.pbt_build\web\images\null.gif
C:\svil_11\Gestione_Associati\web.pbt_build\web\images\Numlist.gif
C:\svil_11\Gestione_Associati\web.pbt_build\web\images\Outdent.gif
C:\svil_11\Gestione_Associati\web.pbt_build\web\images\Paste.gif
C:\svil_11\Gestione_Associati\web.pbt_build\web\images\printer.gif
C:\svil_11\Gestione_Associati\web.pbt_build\web\images\printmanager.gif
C:\svil_11\Gestione_Associati\web.pbt_build\web\images\quest.GIF
C:\svil_11\Gestione_Associati\web.pbt_build\web\images\RadToolbarLeft_c.bmp
C:\svil_11\Gestione_Associati\web.pbt_build\web\images\removedisable.bmp
C:\svil_11\Gestione_Associati\web.pbt_build\web\images\removeenable.bmp
C:\svil_11\Gestione_Associati\web.pbt_build\web\images\restore.gif
C:\svil_11\Gestione_Associati\web.pbt_build\web\images\Right.gif
C:\svil_11\Gestione_Associati\web.pbt_build\web\images\right.PNG
C:\svil_11\Gestione_Associati\web.pbt_build\web\images\root.gif
C:\svil_11\Gestione_Associati\web.pbt_build\web\images\scr_down.PNG
C:\svil_11\Gestione_Associati\web.pbt_build\web\images\scr_down_xp.PNG
C:\svil_11\Gestione_Associati\web.pbt_build\web\images\scr_left.PNG
C:\svil_11\Gestione_Associati\web.pbt_build\web\images\scr_left_xp.PNG
C:\svil_11\Gestione_Associati\web.pbt_build\web\images\scr_right.PNG
C:\svil_11\Gestione_Associati\web.pbt_build\web\images\scr_right_xp.PNG
C:\svil_11\Gestione_Associati\web.pbt_build\web\images\scr_up.PNG
C:\svil_11\Gestione_Associati\web.pbt_build\web\images\scr_up_xp.PNG
C:\svil_11\Gestione_Associati\web.pbt_build\web\images\Show.gif
C:\svil_11\Gestione_Associati\web.pbt_build\web\images\Spacer.gif
C:\svil_11\Gestione_Associati\web.pbt_build\web\images\stop.GIF
C:\svil_11\Gestione_Associati\web.pbt_build\web\images\Table.gif
C:\svil_11\Gestione_Associati\web.pbt_build\web\images\tab_close_classic_normal.gif
C:\svil_11\Gestione_Associati\web.pbt_build\web\images\tab_close_xp_normal.gif
C:\svil_11\Gestione_Associati\web.pbt_build\web\images\tab_left.PNG
C:\svil_11\Gestione_Associati\web.pbt_build\web\images\tab_left_bottom.PNG
C:\svil_11\Gestione_Associati\web.pbt_build\web\images\tab_left_top.PNG
C:\svil_11\Gestione_Associati\web.pbt_build\web\images\tab_scr_down.PNG
C:\svil_11\Gestione_Associati\web.pbt_build\web\images\tab_scr_left.PNG
C:\svil_11\Gestione_Associati\web.pbt_build\web\images\tab_scr_right.PNG
C:\svil_11\Gestione_Associati\web.pbt_build\web\images\tab_scr_up.PNG
C:\svil_11\Gestione_Associati\web.pbt_build\web\images\tab_top.PNG
C:\svil_11\Gestione_Associati\web.pbt_build\web\images\tab_top_left.PNG
C:\svil_11\Gestione_Associati\web.pbt_build\web\images\tab_top_right.PNG
C:\svil_11\Gestione_Associati\web.pbt_build\web\images\thememanager.gif
C:\svil_11\Gestione_Associati\web.pbt_build\web\images\thumb.png
C:\svil_11\Gestione_Associati\web.pbt_build\web\images\thumb_mouse_down.png
C:\svil_11\Gestione_Associati\web.pbt_build\web\images\Underline.gif
C:\svil_11\Gestione_Associati\web.pbt_build\web\images\up.PNG
C:\svil_11\Gestione_Associati\web.pbt_build\web\images\uparrow.cur
C:\svil_11\Gestione_Associati\web.pbt_build\web\images\updisable.bmp
C:\svil_11\Gestione_Associati\web.pbt_build\web\images\upenable.bmp
C:\svil_11\Gestione_Associati\web.pbt_build\web\images\VSeparator.gif
C:\svil_11\Gestione_Associati\web.pbt_build\web\images\vtrack.PNG
C:\svil_11\Gestione_Associati\web.pbt_build\web\images\v_thumb_back_ground_xp.bmp
C:\svil_11\Gestione_Associati\web.pbt_build\web\images\xp_checkbox_1_1_0.jpg
C:\svil_11\Gestione_Associati\web.pbt_build\web\images\xp_checkbox_1_1_1.jpg
C:\svil_11\Gestione_Associati\web.pbt_build\web\images\xp_checkbox_1_2_0.jpg
C:\svil_11\Gestione_Associati\web.pbt_build\web\images\xp_checkbox_1_2_1.jpg
C:\svil_11\Gestione_Associati\web.pbt_build\web\images\xp_checkbox_1_3_0.jpg
C:\svil_11\Gestione_Associati\web.pbt_build\web\images\xp_checkbox_1_3_1.jpg
C:\svil_11\Gestione_Associati\web.pbt_build\web\images\xp_checkbox_2_1_0.jpg
C:\svil_11\Gestione_Associati\web.pbt_build\web\images\xp_checkbox_2_1_1.jpg
C:\svil_11\Gestione_Associati\web.pbt_build\web\images\xp_checkbox_2_2_0.jpg
C:\svil_11\Gestione_Associati\web.pbt_build\web\images\xp_checkbox_2_2_1.jpg
C:\svil_11\Gestione_Associati\web.pbt_build\web\images\xp_checkbox_2_3_0.jpg
C:\svil_11\Gestione_Associati\web.pbt_build\web\images\xp_checkbox_2_3_1.jpg
C:\svil_11\Gestione_Associati\web.pbt_build\web\images\xp_close.gif
C:\svil_11\Gestione_Associati\web.pbt_build\web\images\xp_max.gif
C:\svil_11\Gestione_Associati\web.pbt_build\web\images\xp_min.gif
C:\svil_11\Gestione_Associati\web.pbt_build\web\images\xp_restore.gif
C:\svil_11\Gestione_Associati\web.pbt_build\web\images\xp_titlebar.JPG
C:\svil_11\Gestione_Associati\web.pbt_build\web\images\xp_web_close.gif
C:\svil_11\Gestione_Associati\web.pbt_build\web\images\res\algnbot.bmp
C:\svil_11\Gestione_Associati\web.pbt_build\web\images\res\algncntr.bmp
C:\svil_11\Gestione_Associati\web.pbt_build\web\images\res\algnhcnt.bmp
C:\svil_11\Gestione_Associati\web.pbt_build\web\images\res\algnleft.bmp
C:\svil_11\Gestione_Associati\web.pbt_build\web\images\res\algnrght.bmp
C:\svil_11\Gestione_Associati\web.pbt_build\web\images\res\algntop.bmp
C:\svil_11\Gestione_Associati\web.pbt_build\web\images\res\appstarting.bmp
C:\svil_11\Gestione_Associati\web.pbt_build\web\images\res\area2d.ico
C:\svil_11\Gestione_Associati\web.pbt_build\web\images\res\area3d.ico
C:\svil_11\Gestione_Associati\web.pbt_build\web\images\res\bar2d.ico
C:\svil_11\Gestione_Associati\web.pbt_build\web\images\res\bar3d.ico
C:\svil_11\Gestione_Associati\web.pbt_build\web\images\res\bar3dobj.ico
C:\svil_11\Gestione_Associati\web.pbt_build\web\images\res\barst3do.ico
C:\svil_11\Gestione_Associati\web.pbt_build\web\images\res\barstack.ico
C:\svil_11\Gestione_Associati\web.pbt_build\web\images\res\col2d.ico
C:\svil_11\Gestione_Associati\web.pbt_build\web\images\res\col3d.ico
C:\svil_11\Gestione_Associati\web.pbt_build\web\images\res\col3dobj.ico
C:\svil_11\Gestione_Associati\web.pbt_build\web\images\res\colst3do.ico
C:\svil_11\Gestione_Associati\web.pbt_build\web\images\res\colstack.ico
C:\svil_11\Gestione_Associati\web.pbt_build\web\images\res\dtpmask.bmp
C:\svil_11\Gestione_Associati\web.pbt_build\web\images\res\dwsyntax.ico
C:\svil_11\Gestione_Associati\web.pbt_build\web\images\res\epgchkdd.bmp
C:\svil_11\Gestione_Associati\web.pbt_build\web\images\res\epgchked.bmp
C:\svil_11\Gestione_Associati\web.pbt_build\web\images\res\exclamation.ico
C:\svil_11\Gestione_Associati\web.pbt_build\web\images\res\fn0600.bmp
C:\svil_11\Gestione_Associati\web.pbt_build\web\images\res\fn0602.bmp
C:\svil_11\Gestione_Associati\web.pbt_build\web\images\res\fn0604.bmp
C:\svil_11\Gestione_Associati\web.pbt_build\web\images\res\fn0700.bmp
C:\svil_11\Gestione_Associati\web.pbt_build\web\images\res\fn0702.bmp
C:\svil_11\Gestione_Associati\web.pbt_build\web\images\res\fn0704.bmp
C:\svil_11\Gestione_Associati\web.pbt_build\web\images\res\fn1000.bmp
C:\svil_11\Gestione_Associati\web.pbt_build\web\images\res\fn1000.ico
C:\svil_11\Gestione_Associati\web.pbt_build\web\images\res\fn1002.bmp
C:\svil_11\Gestione_Associati\web.pbt_build\web\images\res\fn1002.ico
C:\svil_11\Gestione_Associati\web.pbt_build\web\images\res\fn1004.bmp
C:\svil_11\Gestione_Associati\web.pbt_build\web\images\res\fn1004.ico
C:\svil_11\Gestione_Associati\web.pbt_build\web\images\res\fn1006.bmp
C:\svil_11\Gestione_Associati\web.pbt_build\web\images\res\fn1006.ico
C:\svil_11\Gestione_Associati\web.pbt_build\web\images\res\fn1008.bmp
C:\svil_11\Gestione_Associati\web.pbt_build\web\images\res\fn1008.ico
C:\svil_11\Gestione_Associati\web.pbt_build\web\images\res\fn1010.bmp
C:\svil_11\Gestione_Associati\web.pbt_build\web\images\res\fn1012.bmp
C:\svil_11\Gestione_Associati\web.pbt_build\web\images\res\fn1014.bmp
C:\svil_11\Gestione_Associati\web.pbt_build\web\images\res\fn1014.ico
C:\svil_11\Gestione_Associati\web.pbt_build\web\images\res\fn1016.bmp
C:\svil_11\Gestione_Associati\web.pbt_build\web\images\res\fn1018.bmp
C:\svil_11\Gestione_Associati\web.pbt_build\web\images\res\fn1018.ico
C:\svil_11\Gestione_Associati\web.pbt_build\web\images\res\fn1020.bmp
C:\svil_11\Gestione_Associati\web.pbt_build\web\images\res\fn1020.ico
C:\svil_11\Gestione_Associati\web.pbt_build\web\images\res\fn1022.bmp
C:\svil_11\Gestione_Associati\web.pbt_build\web\images\res\fn1022.ico
C:\svil_11\Gestione_Associati\web.pbt_build\web\images\res\fn1024.bmp
C:\svil_11\Gestione_Associati\web.pbt_build\web\images\res\fn1026.bmp
C:\svil_11\Gestione_Associati\web.pbt_build\web\images\res\fn1026.ico
C:\svil_11\Gestione_Associati\web.pbt_build\web\images\res\fn1030.bmp
C:\svil_11\Gestione_Associati\web.pbt_build\web\images\res\fn1030.ico
C:\svil_11\Gestione_Associati\web.pbt_build\web\images\res\fn1032.bmp
C:\svil_11\Gestione_Associati\web.pbt_build\web\images\res\fn1032.ico
C:\svil_11\Gestione_Associati\web.pbt_build\web\images\res\fn1034.bmp
C:\svil_11\Gestione_Associati\web.pbt_build\web\images\res\fn1034.ico
C:\svil_11\Gestione_Associati\web.pbt_build\web\images\res\fn1036.bmp
C:\svil_11\Gestione_Associati\web.pbt_build\web\images\res\fn1038.bmp
C:\svil_11\Gestione_Associati\web.pbt_build\web\images\res\fn1040.bmp
C:\svil_11\Gestione_Associati\web.pbt_build\web\images\res\fn1042.bmp
C:\svil_11\Gestione_Associati\web.pbt_build\web\images\res\fn1044.bmp
C:\svil_11\Gestione_Associati\web.pbt_build\web\images\res\fn1048.bmp
C:\svil_11\Gestione_Associati\web.pbt_build\web\images\res\fn1050.bmp
C:\svil_11\Gestione_Associati\web.pbt_build\web\images\res\fn1052.bmp
C:\svil_11\Gestione_Associati\web.pbt_build\web\images\res\fn1052.ico
C:\svil_11\Gestione_Associati\web.pbt_build\web\images\res\fn1054.bmp
C:\svil_11\Gestione_Associati\web.pbt_build\web\images\res\fn1056.bmp
C:\svil_11\Gestione_Associati\web.pbt_build\web\images\res\fn1060.bmp
C:\svil_11\Gestione_Associati\web.pbt_build\web\images\res\fn1060.ico
C:\svil_11\Gestione_Associati\web.pbt_build\web\images\res\fn1062.bmp
C:\svil_11\Gestione_Associati\web.pbt_build\web\images\res\fn1064.bmp
C:\svil_11\Gestione_Associati\web.pbt_build\web\images\res\fn1064.ico
C:\svil_11\Gestione_Associati\web.pbt_build\web\images\res\fn1068.bmp
C:\svil_11\Gestione_Associati\web.pbt_build\web\images\res\fn1070.bmp
C:\svil_11\Gestione_Associati\web.pbt_build\web\images\res\fn1074.bmp
C:\svil_11\Gestione_Associati\web.pbt_build\web\images\res\fn1076.bmp
C:\svil_11\Gestione_Associati\web.pbt_build\web\images\res\fn1076.ico
C:\svil_11\Gestione_Associati\web.pbt_build\web\images\res\fn1078.bmp
C:\svil_11\Gestione_Associati\web.pbt_build\web\images\res\fn1080.bmp
C:\svil_11\Gestione_Associati\web.pbt_build\web\images\res\fn1082.bmp
C:\svil_11\Gestione_Associati\web.pbt_build\web\images\res\fn1084.bmp
C:\svil_11\Gestione_Associati\web.pbt_build\web\images\res\fn1086.bmp
C:\svil_11\Gestione_Associati\web.pbt_build\web\images\res\fn1088.bmp
C:\svil_11\Gestione_Associati\web.pbt_build\web\images\res\fn1090.bmp
C:\svil_11\Gestione_Associati\web.pbt_build\web\images\res\fn1092.bmp
C:\svil_11\Gestione_Associati\web.pbt_build\web\images\res\fn1094.bmp
C:\svil_11\Gestione_Associati\web.pbt_build\web\images\res\fn1096.bmp
C:\svil_11\Gestione_Associati\web.pbt_build\web\images\res\fn1098.bmp
C:\svil_11\Gestione_Associati\web.pbt_build\web\images\res\fn1100.bmp
C:\svil_11\Gestione_Associati\web.pbt_build\web\images\res\fn1100.ico
C:\svil_11\Gestione_Associati\web.pbt_build\web\images\res\fn1102.bmp
C:\svil_11\Gestione_Associati\web.pbt_build\web\images\res\fn1102.ico
C:\svil_11\Gestione_Associati\web.pbt_build\web\images\res\fn1104.bmp
C:\svil_11\Gestione_Associati\web.pbt_build\web\images\res\fn1106.bmp
C:\svil_11\Gestione_Associati\web.pbt_build\web\images\res\fn1112.bmp
C:\svil_11\Gestione_Associati\web.pbt_build\web\images\res\fn1116.bmp
C:\svil_11\Gestione_Associati\web.pbt_build\web\images\res\fn1118.bmp
C:\svil_11\Gestione_Associati\web.pbt_build\web\images\res\fn1118.ico
C:\svil_11\Gestione_Associati\web.pbt_build\web\images\res\fn1120.bmp
C:\svil_11\Gestione_Associati\web.pbt_build\web\images\res\fn1124.bmp
C:\svil_11\Gestione_Associati\web.pbt_build\web\images\res\fn1126.ico
C:\svil_11\Gestione_Associati\web.pbt_build\web\images\res\fn1128.bmp
C:\svil_11\Gestione_Associati\web.pbt_build\web\images\res\fn1130.bmp
C:\svil_11\Gestione_Associati\web.pbt_build\web\images\res\fn1132.bmp
C:\svil_11\Gestione_Associati\web.pbt_build\web\images\res\fn1134.bmp
C:\svil_11\Gestione_Associati\web.pbt_build\web\images\res\fn1136.bmp
C:\svil_11\Gestione_Associati\web.pbt_build\web\images\res\fn1138.bmp
C:\svil_11\Gestione_Associati\web.pbt_build\web\images\res\fn1140.bmp
C:\svil_11\Gestione_Associati\web.pbt_build\web\images\res\fn1142.bmp
C:\svil_11\Gestione_Associati\web.pbt_build\web\images\res\fn1144.bmp
C:\svil_11\Gestione_Associati\web.pbt_build\web\images\res\fn1146.bmp
C:\svil_11\Gestione_Associati\web.pbt_build\web\images\res\fn1148.bmp
C:\svil_11\Gestione_Associati\web.pbt_build\web\images\res\fn1156.bmp
C:\svil_11\Gestione_Associati\web.pbt_build\web\images\res\fn1158.bmp
C:\svil_11\Gestione_Associati\web.pbt_build\web\images\res\fn1160.bmp
C:\svil_11\Gestione_Associati\web.pbt_build\web\images\res\fn1258.bmp
C:\svil_11\Gestione_Associati\web.pbt_build\web\images\res\fn1260.bmp
C:\svil_11\Gestione_Associati\web.pbt_build\web\images\res\fn1262.bmp
C:\svil_11\Gestione_Associati\web.pbt_build\web\images\res\fn1264.bmp
C:\svil_11\Gestione_Associati\web.pbt_build\web\images\res\fn1266.bmp
C:\svil_11\Gestione_Associati\web.pbt_build\web\images\res\fn1268.bmp
C:\svil_11\Gestione_Associati\web.pbt_build\web\images\res\fn1270.bmp
C:\svil_11\Gestione_Associati\web.pbt_build\web\images\res\fn1272.bmp
C:\svil_11\Gestione_Associati\web.pbt_build\web\images\res\fn1274.bmp
C:\svil_11\Gestione_Associati\web.pbt_build\web\images\res\fn1276.bmp
C:\svil_11\Gestione_Associati\web.pbt_build\web\images\res\fn1278.bmp
C:\svil_11\Gestione_Associati\web.pbt_build\web\images\res\fn1290.bmp
C:\svil_11\Gestione_Associati\web.pbt_build\web\images\res\fn1292.bmp
C:\svil_11\Gestione_Associati\web.pbt_build\web\images\res\fn1294.bmp
C:\svil_11\Gestione_Associati\web.pbt_build\web\images\res\fn1296.bmp
C:\svil_11\Gestione_Associati\web.pbt_build\web\images\res\fn1298.bmp
C:\svil_11\Gestione_Associati\web.pbt_build\web\images\res\fn1300.bmp
C:\svil_11\Gestione_Associati\web.pbt_build\web\images\res\fn1302.bmp
C:\svil_11\Gestione_Associati\web.pbt_build\web\images\res\fn1304.bmp
C:\svil_11\Gestione_Associati\web.pbt_build\web\images\res\fn1306.bmp
C:\svil_11\Gestione_Associati\web.pbt_build\web\images\res\fn1308.bmp
C:\svil_11\Gestione_Associati\web.pbt_build\web\images\res\fn1316.bmp
C:\svil_11\Gestione_Associati\web.pbt_build\web\images\res\fn1318.bmp
C:\svil_11\Gestione_Associati\web.pbt_build\web\images\res\fn1322.bmp
C:\svil_11\Gestione_Associati\web.pbt_build\web\images\res\fn1324.bmp
C:\svil_11\Gestione_Associati\web.pbt_build\web\images\res\fn1326.bmp
C:\svil_11\Gestione_Associati\web.pbt_build\web\images\res\fn1328.bmp
C:\svil_11\Gestione_Associati\web.pbt_build\web\images\res\fn1330.bmp
C:\svil_11\Gestione_Associati\web.pbt_build\web\images\res\fn1332.bmp
C:\svil_11\Gestione_Associati\web.pbt_build\web\images\res\fn1334.bmp
C:\svil_11\Gestione_Associati\web.pbt_build\web\images\res\fn1336.bmp
C:\svil_11\Gestione_Associati\web.pbt_build\web\images\res\fn1338.bmp
C:\svil_11\Gestione_Associati\web.pbt_build\web\images\res\fn1340.bmp
C:\svil_11\Gestione_Associati\web.pbt_build\web\images\res\fn1342.bmp
C:\svil_11\Gestione_Associati\web.pbt_build\web\images\res\fn1344.bmp
C:\svil_11\Gestione_Associati\web.pbt_build\web\images\res\fn1346.bmp
C:\svil_11\Gestione_Associati\web.pbt_build\web\images\res\fn1348.bmp
C:\svil_11\Gestione_Associati\web.pbt_build\web\images\res\fn1350.bmp
C:\svil_11\Gestione_Associati\web.pbt_build\web\images\res\fn1352.bmp
C:\svil_11\Gestione_Associati\web.pbt_build\web\images\res\fn1354.bmp
C:\svil_11\Gestione_Associati\web.pbt_build\web\images\res\fn1356.bmp
C:\svil_11\Gestione_Associati\web.pbt_build\web\images\res\fn1358.bmp
C:\svil_11\Gestione_Associati\web.pbt_build\web\images\res\fn1360.bmp
C:\svil_11\Gestione_Associati\web.pbt_build\web\images\res\fn1362.bmp
C:\svil_11\Gestione_Associati\web.pbt_build\web\images\res\fn1364.bmp
C:\svil_11\Gestione_Associati\web.pbt_build\web\images\res\fn1366.bmp
C:\svil_11\Gestione_Associati\web.pbt_build\web\images\res\fn1368.bmp
C:\svil_11\Gestione_Associati\web.pbt_build\web\images\res\fn1370.bmp
C:\svil_11\Gestione_Associati\web.pbt_build\web\images\res\fn1372.bmp
C:\svil_11\Gestione_Associati\web.pbt_build\web\images\res\fn1374.bmp
C:\svil_11\Gestione_Associati\web.pbt_build\web\images\res\fn1386.bmp
C:\svil_11\Gestione_Associati\web.pbt_build\web\images\res\fn1388.bmp
C:\svil_11\Gestione_Associati\web.pbt_build\web\images\res\fn1390.bmp
C:\svil_11\Gestione_Associati\web.pbt_build\web\images\res\fn1392.bmp
C:\svil_11\Gestione_Associati\web.pbt_build\web\images\res\fn1394.bmp
C:\svil_11\Gestione_Associati\web.pbt_build\web\images\res\fn1396.bmp
C:\svil_11\Gestione_Associati\web.pbt_build\web\images\res\fn1398.bmp
C:\svil_11\Gestione_Associati\web.pbt_build\web\images\res\fn1400.bmp
C:\svil_11\Gestione_Associati\web.pbt_build\web\images\res\fn1402.bmp
C:\svil_11\Gestione_Associati\web.pbt_build\web\images\res\fn1404.bmp
C:\svil_11\Gestione_Associati\web.pbt_build\web\images\res\fn1406.bmp
C:\svil_11\Gestione_Associati\web.pbt_build\web\images\res\fn1408.bmp
C:\svil_11\Gestione_Associati\web.pbt_build\web\images\res\fn1410.bmp
C:\svil_11\Gestione_Associati\web.pbt_build\web\images\res\fn1412.bmp
C:\svil_11\Gestione_Associati\web.pbt_build\web\images\res\fn1414.bmp
C:\svil_11\Gestione_Associati\web.pbt_build\web\images\res\fn1416.bmp
C:\svil_11\Gestione_Associati\web.pbt_build\web\images\res\fn1418.bmp
C:\svil_11\Gestione_Associati\web.pbt_build\web\images\res\fn1420.bmp
C:\svil_11\Gestione_Associati\web.pbt_build\web\images\res\fn1422.bmp
C:\svil_11\Gestione_Associati\web.pbt_build\web\images\res\fn1432.bmp
C:\svil_11\Gestione_Associati\web.pbt_build\web\images\res\fn1436.bmp
C:\svil_11\Gestione_Associati\web.pbt_build\web\images\res\fn1438.bmp
C:\svil_11\Gestione_Associati\web.pbt_build\web\images\res\fn1440.bmp
C:\svil_11\Gestione_Associati\web.pbt_build\web\images\res\fn1442.bmp
C:\svil_11\Gestione_Associati\web.pbt_build\web\images\res\fn1444.bmp
C:\svil_11\Gestione_Associati\web.pbt_build\web\images\res\fn1446.bmp
C:\svil_11\Gestione_Associati\web.pbt_build\web\images\res\fn1448.bmp
C:\svil_11\Gestione_Associati\web.pbt_build\web\images\res\fn1450.bmp
C:\svil_11\Gestione_Associati\web.pbt_build\web\images\res\fn1452.bmp
C:\svil_11\Gestione_Associati\web.pbt_build\web\images\res\fn1454.bmp
C:\svil_11\Gestione_Associati\web.pbt_build\web\images\res\fn1456.bmp
C:\svil_11\Gestione_Associati\web.pbt_build\web\images\res\fn1458.bmp
C:\svil_11\Gestione_Associati\web.pbt_build\web\images\res\fn1460.bmp
C:\svil_11\Gestione_Associati\web.pbt_build\web\images\res\fn1462.bmp
C:\svil_11\Gestione_Associati\web.pbt_build\web\images\res\fn1464.bmp
C:\svil_11\Gestione_Associati\web.pbt_build\web\images\res\fn1466.bmp
C:\svil_11\Gestione_Associati\web.pbt_build\web\images\res\fn1468.bmp
C:\svil_11\Gestione_Associati\web.pbt_build\web\images\res\fn1470.bmp
C:\svil_11\Gestione_Associati\web.pbt_build\web\images\res\fn1472.bmp
C:\svil_11\Gestione_Associati\web.pbt_build\web\images\res\fn1474.bmp
C:\svil_11\Gestione_Associati\web.pbt_build\web\images\res\fn1476.bmp
C:\svil_11\Gestione_Associati\web.pbt_build\web\images\res\fn1478.bmp
C:\svil_11\Gestione_Associati\web.pbt_build\web\images\res\fn1480.bmp
C:\svil_11\Gestione_Associati\web.pbt_build\web\images\res\fn1482.bmp
C:\svil_11\Gestione_Associati\web.pbt_build\web\images\res\fn1484.bmp
C:\svil_11\Gestione_Associati\web.pbt_build\web\images\res\fn1486.bmp
C:\svil_11\Gestione_Associati\web.pbt_build\web\images\res\fn1488.bmp
C:\svil_11\Gestione_Associati\web.pbt_build\web\images\res\fn1490.bmp
C:\svil_11\Gestione_Associati\web.pbt_build\web\images\res\fn1492.bmp
C:\svil_11\Gestione_Associati\web.pbt_build\web\images\res\fn1496.bmp
C:\svil_11\Gestione_Associati\web.pbt_build\web\images\res\fn1497.bmp
C:\svil_11\Gestione_Associati\web.pbt_build\web\images\res\fn1498minusxp.bmp
C:\svil_11\Gestione_Associati\web.pbt_build\web\images\res\fn1499plusxp.bmp
C:\svil_11\Gestione_Associati\web.pbt_build\web\images\res\fn1546.bmp
C:\svil_11\Gestione_Associati\web.pbt_build\web\images\res\fn1548.bmp
C:\svil_11\Gestione_Associati\web.pbt_build\web\images\res\fn1550.bmp
C:\svil_11\Gestione_Associati\web.pbt_build\web\images\res\fn1552.bmp
C:\svil_11\Gestione_Associati\web.pbt_build\web\images\res\fn1610.bmp
C:\svil_11\Gestione_Associati\web.pbt_build\web\images\res\fn1610.ico
C:\svil_11\Gestione_Associati\web.pbt_build\web\images\res\fn1612.bmp
C:\svil_11\Gestione_Associati\web.pbt_build\web\images\res\fn1614.bmp
C:\svil_11\Gestione_Associati\web.pbt_build\web\images\res\fn1616.bmp
C:\svil_11\Gestione_Associati\web.pbt_build\web\images\res\fn1618.bmp
C:\svil_11\Gestione_Associati\web.pbt_build\web\images\res\fn1620.bmp
C:\svil_11\Gestione_Associati\web.pbt_build\web\images\res\fn1622.bmp
C:\svil_11\Gestione_Associati\web.pbt_build\web\images\res\fn1624.bmp
C:\svil_11\Gestione_Associati\web.pbt_build\web\images\res\fn1626.bmp
C:\svil_11\Gestione_Associati\web.pbt_build\web\images\res\fn1628.bmp
C:\svil_11\Gestione_Associati\web.pbt_build\web\images\res\fn1630.bmp
C:\svil_11\Gestione_Associati\web.pbt_build\web\images\res\fn1632.bmp
C:\svil_11\Gestione_Associati\web.pbt_build\web\images\res\fn1634.bmp
C:\svil_11\Gestione_Associati\web.pbt_build\web\images\res\fn1636.ico
C:\svil_11\Gestione_Associati\web.pbt_build\web\images\res\fn1638.ico
C:\svil_11\Gestione_Associati\web.pbt_build\web\images\res\fn1640.bmp
C:\svil_11\Gestione_Associati\web.pbt_build\web\images\res\fn1674.bmp
C:\svil_11\Gestione_Associati\web.pbt_build\web\images\res\fn1676.bmp
C:\svil_11\Gestione_Associati\web.pbt_build\web\images\res\fn1678.bmp
C:\svil_11\Gestione_Associati\web.pbt_build\web\images\res\fn1680.bmp
C:\svil_11\Gestione_Associati\web.pbt_build\web\images\res\fn1682.bmp
C:\svil_11\Gestione_Associati\web.pbt_build\web\images\res\fn1684.bmp
C:\svil_11\Gestione_Associati\web.pbt_build\web\images\res\fn1686.bmp
C:\svil_11\Gestione_Associati\web.pbt_build\web\images\res\fn1688.bmp
C:\svil_11\Gestione_Associati\web.pbt_build\web\images\res\fn1690.bmp
C:\svil_11\Gestione_Associati\web.pbt_build\web\images\res\fn1692.bmp
C:\svil_11\Gestione_Associati\web.pbt_build\web\images\res\fn1694.bmp
C:\svil_11\Gestione_Associati\web.pbt_build\web\images\res\fn1696.bmp
C:\svil_11\Gestione_Associati\web.pbt_build\web\images\res\fn1698.bmp
C:\svil_11\Gestione_Associati\web.pbt_build\web\images\res\fn1700.bmp
C:\svil_11\Gestione_Associati\web.pbt_build\web\images\res\fn1702.bmp
C:\svil_11\Gestione_Associati\web.pbt_build\web\images\res\fn1704.bmp
C:\svil_11\Gestione_Associati\web.pbt_build\web\images\res\fn1706.bmp
C:\svil_11\Gestione_Associati\web.pbt_build\web\images\res\fn1708.bmp
C:\svil_11\Gestione_Associati\web.pbt_build\web\images\res\fn1738.bmp
C:\svil_11\Gestione_Associati\web.pbt_build\web\images\res\fn1740.bmp
C:\svil_11\Gestione_Associati\web.pbt_build\web\images\res\fn1742.bmp
C:\svil_11\Gestione_Associati\web.pbt_build\web\images\res\fn1744.bmp
C:\svil_11\Gestione_Associati\web.pbt_build\web\images\res\fn1746.bmp
C:\svil_11\Gestione_Associati\web.pbt_build\web\images\res\fn1748.bmp
C:\svil_11\Gestione_Associati\web.pbt_build\web\images\res\fn1750.bmp
C:\svil_11\Gestione_Associati\web.pbt_build\web\images\res\fn1752.bmp
C:\svil_11\Gestione_Associati\web.pbt_build\web\images\res\fn1754.bmp
C:\svil_11\Gestione_Associati\web.pbt_build\web\images\res\fn1756.bmp
C:\svil_11\Gestione_Associati\web.pbt_build\web\images\res\fn1760.bmp
C:\svil_11\Gestione_Associati\web.pbt_build\web\images\res\fn1762.bmp
C:\svil_11\Gestione_Associati\web.pbt_build\web\images\res\fn1764.bmp
C:\svil_11\Gestione_Associati\web.pbt_build\web\images\res\fn1766.bmp
C:\svil_11\Gestione_Associati\web.pbt_build\web\images\res\fn1768.bmp
C:\svil_11\Gestione_Associati\web.pbt_build\web\images\res\fn1770.bmp
C:\svil_11\Gestione_Associati\web.pbt_build\web\images\res\fn1772.bmp
C:\svil_11\Gestione_Associati\web.pbt_build\web\images\res\fn1774.bmp
C:\svil_11\Gestione_Associati\web.pbt_build\web\images\res\fn1776.bmp
C:\svil_11\Gestione_Associati\web.pbt_build\web\images\res\fn1778.bmp
C:\svil_11\Gestione_Associati\web.pbt_build\web\images\res\fn1780.bmp
C:\svil_11\Gestione_Associati\web.pbt_build\web\images\res\fn1782.bmp
C:\svil_11\Gestione_Associati\web.pbt_build\web\images\res\fn1784.bmp
C:\svil_11\Gestione_Associati\web.pbt_build\web\images\res\fn1786.bmp
C:\svil_11\Gestione_Associati\web.pbt_build\web\images\res\fn1788.bmp
C:\svil_11\Gestione_Associati\web.pbt_build\web\images\res\fn1790.bmp
C:\svil_11\Gestione_Associati\web.pbt_build\web\images\res\fn1792.bmp
C:\svil_11\Gestione_Associati\web.pbt_build\web\images\res\fn1796.bmp
C:\svil_11\Gestione_Associati\web.pbt_build\web\images\res\fn1798.bmp
C:\svil_11\Gestione_Associati\web.pbt_build\web\images\res\fn1800.bmp
C:\svil_11\Gestione_Associati\web.pbt_build\web\images\res\fn1802.bmp
C:\svil_11\Gestione_Associati\web.pbt_build\web\images\res\fn1804.bmp
C:\svil_11\Gestione_Associati\web.pbt_build\web\images\res\fn1806.bmp
C:\svil_11\Gestione_Associati\web.pbt_build\web\images\res\fn1808.bmp
C:\svil_11\Gestione_Associati\web.pbt_build\web\images\res\fn1810.bmp
C:\svil_11\Gestione_Associati\web.pbt_build\web\images\res\fn1812.bmp
C:\svil_11\Gestione_Associati\web.pbt_build\web\images\res\fn1816.bmp
C:\svil_11\Gestione_Associati\web.pbt_build\web\images\res\fn1850.bmp
C:\svil_11\Gestione_Associati\web.pbt_build\web\images\res\fn1852.bmp
C:\svil_11\Gestione_Associati\web.pbt_build\web\images\res\fn1854.bmp
C:\svil_11\Gestione_Associati\web.pbt_build\web\images\res\fn1856.bmp
C:\svil_11\Gestione_Associati\web.pbt_build\web\images\res\fn1858.bmp
C:\svil_11\Gestione_Associati\web.pbt_build\web\images\res\fn1860.bmp
C:\svil_11\Gestione_Associati\web.pbt_build\web\images\res\fn1862.bmp
C:\svil_11\Gestione_Associati\web.pbt_build\web\images\res\fn1864.bmp
C:\svil_11\Gestione_Associati\web.pbt_build\web\images\res\fn1866.bmp
C:\svil_11\Gestione_Associati\web.pbt_build\web\images\res\fn1868.bmp
C:\svil_11\Gestione_Associati\web.pbt_build\web\images\res\fn1934.bmp
C:\svil_11\Gestione_Associati\web.pbt_build\web\images\res\fn1994.bmp
C:\svil_11\Gestione_Associati\web.pbt_build\web\images\res\fn1996.bmp
C:\svil_11\Gestione_Associati\web.pbt_build\web\images\res\fn1998.bmp
C:\svil_11\Gestione_Associati\web.pbt_build\web\images\res\fn2000.bmp
C:\svil_11\Gestione_Associati\web.pbt_build\web\images\res\fn2002.bmp
C:\svil_11\Gestione_Associati\web.pbt_build\web\images\res\fn2004.bmp
C:\svil_11\Gestione_Associati\web.pbt_build\web\images\res\fn2006.bmp
C:\svil_11\Gestione_Associati\web.pbt_build\web\images\res\fn2122.bmp
C:\svil_11\Gestione_Associati\web.pbt_build\web\images\res\fn2128.bmp
C:\svil_11\Gestione_Associati\web.pbt_build\web\images\res\fn2130.bmp
C:\svil_11\Gestione_Associati\web.pbt_build\web\images\res\fn2132.bmp
C:\svil_11\Gestione_Associati\web.pbt_build\web\images\res\fn2134.bmp
C:\svil_11\Gestione_Associati\web.pbt_build\web\images\res\fn2136.bmp
C:\svil_11\Gestione_Associati\web.pbt_build\web\images\res\fn2140.bmp
C:\svil_11\Gestione_Associati\web.pbt_build\web\images\res\fn2142.bmp
C:\svil_11\Gestione_Associati\web.pbt_build\web\images\res\fn2144.bmp
C:\svil_11\Gestione_Associati\web.pbt_build\web\images\res\fn2152.bmp
C:\svil_11\Gestione_Associati\web.pbt_build\web\images\res\fn2156.bmp
C:\svil_11\Gestione_Associati\web.pbt_build\web\images\res\fn2160.bmp
C:\svil_11\Gestione_Associati\web.pbt_build\web\images\res\fn2164.bmp
C:\svil_11\Gestione_Associati\web.pbt_build\web\images\res\fn2166.bmp
C:\svil_11\Gestione_Associati\web.pbt_build\web\images\res\fn2168.bmp
C:\svil_11\Gestione_Associati\web.pbt_build\web\images\res\fn2170.bmp
C:\svil_11\Gestione_Associati\web.pbt_build\web\images\res\fn2172.bmp
C:\svil_11\Gestione_Associati\web.pbt_build\web\images\res\fn2178.bmp
C:\svil_11\Gestione_Associati\web.pbt_build\web\images\res\fn2282.bmp
C:\svil_11\Gestione_Associati\web.pbt_build\web\images\res\fn2286.bmp
C:\svil_11\Gestione_Associati\web.pbt_build\web\images\res\fn2288.bmp
C:\svil_11\Gestione_Associati\web.pbt_build\web\images\res\fn2290.bmp
C:\svil_11\Gestione_Associati\web.pbt_build\web\images\res\fn2292.bmp
C:\svil_11\Gestione_Associati\web.pbt_build\web\images\res\fn2294.bmp
C:\svil_11\Gestione_Associati\web.pbt_build\web\images\res\fn2298.bmp
C:\svil_11\Gestione_Associati\web.pbt_build\web\images\res\fn2300.bmp
C:\svil_11\Gestione_Associati\web.pbt_build\web\images\res\fn2348.bmp
C:\svil_11\Gestione_Associati\web.pbt_build\web\images\res\fn2410.bmp
C:\svil_11\Gestione_Associati\web.pbt_build\web\images\res\fn2412.bmp
C:\svil_11\Gestione_Associati\web.pbt_build\web\images\res\fn2414.bmp
C:\svil_11\Gestione_Associati\web.pbt_build\web\images\res\fn2416.bmp
C:\svil_11\Gestione_Associati\web.pbt_build\web\images\res\fn2418.bmp
C:\svil_11\Gestione_Associati\web.pbt_build\web\images\res\fn2420.bmp
C:\svil_11\Gestione_Associati\web.pbt_build\web\images\res\fn2422.bmp
C:\svil_11\Gestione_Associati\web.pbt_build\web\images\res\fn2424.bmp
C:\svil_11\Gestione_Associati\web.pbt_build\web\images\res\fn2426.bmp
C:\svil_11\Gestione_Associati\web.pbt_build\web\images\res\fn2428.bmp
C:\svil_11\Gestione_Associati\web.pbt_build\web\images\res\fn2430.bmp
C:\svil_11\Gestione_Associati\web.pbt_build\web\images\res\fn2432.bmp
C:\svil_11\Gestione_Associati\web.pbt_build\web\images\res\fn2434.bmp
C:\svil_11\Gestione_Associati\web.pbt_build\web\images\res\fn2436.bmp
C:\svil_11\Gestione_Associati\web.pbt_build\web\images\res\fn2438.bmp
C:\svil_11\Gestione_Associati\web.pbt_build\web\images\res\fn2440.bmp
C:\svil_11\Gestione_Associati\web.pbt_build\web\images\res\fn2442.bmp
C:\svil_11\Gestione_Associati\web.pbt_build\web\images\res\fn2444.bmp
C:\svil_11\Gestione_Associati\web.pbt_build\web\images\res\fn2446.bmp
C:\svil_11\Gestione_Associati\web.pbt_build\web\images\res\fn2448.bmp
C:\svil_11\Gestione_Associati\web.pbt_build\web\images\res\fn2450.bmp
C:\svil_11\Gestione_Associati\web.pbt_build\web\images\res\fn2452.bmp
C:\svil_11\Gestione_Associati\web.pbt_build\web\images\res\fn2454.bmp
C:\svil_11\Gestione_Associati\web.pbt_build\web\images\res\fn2456.bmp
C:\svil_11\Gestione_Associati\web.pbt_build\web\images\res\fn2458.bmp
C:\svil_11\Gestione_Associati\web.pbt_build\web\images\res\fn2460.bmp
C:\svil_11\Gestione_Associati\web.pbt_build\web\images\res\fn2462.bmp
C:\svil_11\Gestione_Associati\web.pbt_build\web\images\res\fn2464.bmp
C:\svil_11\Gestione_Associati\web.pbt_build\web\images\res\fn2466.bmp
C:\svil_11\Gestione_Associati\web.pbt_build\web\images\res\fn2468.bmp
C:\svil_11\Gestione_Associati\web.pbt_build\web\images\res\fn2470.bmp
C:\svil_11\Gestione_Associati\web.pbt_build\web\images\res\fn2472.bmp
C:\svil_11\Gestione_Associati\web.pbt_build\web\images\res\fn2474.bmp
C:\svil_11\Gestione_Associati\web.pbt_build\web\images\res\fn2476.bmp
C:\svil_11\Gestione_Associati\web.pbt_build\web\images\res\fn2478.bmp
C:\svil_11\Gestione_Associati\web.pbt_build\web\images\res\fn2480.bmp
C:\svil_11\Gestione_Associati\web.pbt_build\web\images\res\fn2482.bmp
C:\svil_11\Gestione_Associati\web.pbt_build\web\images\res\fn2484.bmp
C:\svil_11\Gestione_Associati\web.pbt_build\web\images\res\fn2486.bmp
C:\svil_11\Gestione_Associati\web.pbt_build\web\images\res\fn2488.bmp
C:\svil_11\Gestione_Associati\web.pbt_build\web\images\res\fn2490.bmp
C:\svil_11\Gestione_Associati\web.pbt_build\web\images\res\fn2492.bmp
C:\svil_11\Gestione_Associati\web.pbt_build\web\images\res\fn2494.bmp
C:\svil_11\Gestione_Associati\web.pbt_build\web\images\res\fn2496.bmp
C:\svil_11\Gestione_Associati\web.pbt_build\web\images\res\fn2498.bmp
C:\svil_11\Gestione_Associati\web.pbt_build\web\images\res\fn2500.bmp
C:\svil_11\Gestione_Associati\web.pbt_build\web\images\res\fn2502.bmp
C:\svil_11\Gestione_Associati\web.pbt_build\web\images\res\fn2504.bmp
C:\svil_11\Gestione_Associati\web.pbt_build\web\images\res\fn2506.bmp
C:\svil_11\Gestione_Associati\web.pbt_build\web\images\res\fn2508.bmp
C:\svil_11\Gestione_Associati\web.pbt_build\web\images\res\fn2510.bmp
C:\svil_11\Gestione_Associati\web.pbt_build\web\images\res\fn2512.bmp
C:\svil_11\Gestione_Associati\web.pbt_build\web\images\res\fn2514.bmp
C:\svil_11\Gestione_Associati\web.pbt_build\web\images\res\fn2516.bmp
C:\svil_11\Gestione_Associati\web.pbt_build\web\images\res\fn2518.bmp
C:\svil_11\Gestione_Associati\web.pbt_build\web\images\res\fn2520.bmp
C:\svil_11\Gestione_Associati\web.pbt_build\web\images\res\fn2522.bmp
C:\svil_11\Gestione_Associati\web.pbt_build\web\images\res\fn2524.bmp
C:\svil_11\Gestione_Associati\web.pbt_build\web\images\res\fn2526.bmp
C:\svil_11\Gestione_Associati\web.pbt_build\web\images\res\fn2528.bmp
C:\svil_11\Gestione_Associati\web.pbt_build\web\images\res\fn2530.bmp
C:\svil_11\Gestione_Associati\web.pbt_build\web\images\res\fn2532.bmp
C:\svil_11\Gestione_Associati\web.pbt_build\web\images\res\fn2534.bmp
C:\svil_11\Gestione_Associati\web.pbt_build\web\images\res\fn2536.bmp
C:\svil_11\Gestione_Associati\web.pbt_build\web\images\res\fn2538.bmp
C:\svil_11\Gestione_Associati\web.pbt_build\web\images\res\fn2540.bmp
C:\svil_11\Gestione_Associati\web.pbt_build\web\images\res\fn2542.bmp
C:\svil_11\Gestione_Associati\web.pbt_build\web\images\res\fn2544.bmp
C:\svil_11\Gestione_Associati\web.pbt_build\web\images\res\fn2546.bmp
C:\svil_11\Gestione_Associati\web.pbt_build\web\images\res\fn2548.bmp
C:\svil_11\Gestione_Associati\web.pbt_build\web\images\res\fn2550.bmp
C:\svil_11\Gestione_Associati\web.pbt_build\web\images\res\fn2552.bmp
C:\svil_11\Gestione_Associati\web.pbt_build\web\images\res\fn2554.bmp
C:\svil_11\Gestione_Associati\web.pbt_build\web\images\res\fn2556.bmp
C:\svil_11\Gestione_Associati\web.pbt_build\web\images\res\fn2558.bmp
C:\svil_11\Gestione_Associati\web.pbt_build\web\images\res\fn2560.bmp
C:\svil_11\Gestione_Associati\web.pbt_build\web\images\res\fn2562.bmp
C:\svil_11\Gestione_Associati\web.pbt_build\web\images\res\fn2564.bmp
C:\svil_11\Gestione_Associati\web.pbt_build\web\images\res\fn2566.bmp
C:\svil_11\Gestione_Associati\web.pbt_build\web\images\res\fn2568.bmp
C:\svil_11\Gestione_Associati\web.pbt_build\web\images\res\fn2570.bmp
C:\svil_11\Gestione_Associati\web.pbt_build\web\images\res\fn2572.bmp
C:\svil_11\Gestione_Associati\web.pbt_build\web\images\res\fn2574.bmp
C:\svil_11\Gestione_Associati\web.pbt_build\web\images\res\fn2576.bmp
C:\svil_11\Gestione_Associati\web.pbt_build\web\images\res\fn2578.bmp
C:\svil_11\Gestione_Associati\web.pbt_build\web\images\res\fn2580.bmp
C:\svil_11\Gestione_Associati\web.pbt_build\web\images\res\fn2582.bmp
C:\svil_11\Gestione_Associati\web.pbt_build\web\images\res\fn2584.bmp
C:\svil_11\Gestione_Associati\web.pbt_build\web\images\res\fn2586.bmp
C:\svil_11\Gestione_Associati\web.pbt_build\web\images\res\fn2588.bmp
C:\svil_11\Gestione_Associati\web.pbt_build\web\images\res\fn2590.bmp
C:\svil_11\Gestione_Associati\web.pbt_build\web\images\res\fn2592.bmp
C:\svil_11\Gestione_Associati\web.pbt_build\web\images\res\fn2594.bmp
C:\svil_11\Gestione_Associati\web.pbt_build\web\images\res\fn2596.bmp
C:\svil_11\Gestione_Associati\web.pbt_build\web\images\res\fn2598.bmp
C:\svil_11\Gestione_Associati\web.pbt_build\web\images\res\fn2600.bmp
C:\svil_11\Gestione_Associati\web.pbt_build\web\images\res\fn2602.bmp
C:\svil_11\Gestione_Associati\web.pbt_build\web\images\res\fn2604.bmp
C:\svil_11\Gestione_Associati\web.pbt_build\web\images\res\fn2606.bmp
C:\svil_11\Gestione_Associati\web.pbt_build\web\images\res\fn2608.bmp
C:\svil_11\Gestione_Associati\web.pbt_build\web\images\res\fn2610.bmp
C:\svil_11\Gestione_Associati\web.pbt_build\web\images\res\fn2668.bmp
C:\svil_11\Gestione_Associati\web.pbt_build\web\images\res\fn2670.bmp
C:\svil_11\Gestione_Associati\web.pbt_build\web\images\res\fn2672.bmp
C:\svil_11\Gestione_Associati\web.pbt_build\web\images\res\fn2674.bmp
C:\svil_11\Gestione_Associati\web.pbt_build\web\images\res\fn2676.bmp
C:\svil_11\Gestione_Associati\web.pbt_build\web\images\res\fn2678.bmp
C:\svil_11\Gestione_Associati\web.pbt_build\web\images\res\fn2680.bmp
C:\svil_11\Gestione_Associati\web.pbt_build\web\images\res\fn2682.bmp
C:\svil_11\Gestione_Associati\web.pbt_build\web\images\res\fn2684.bmp
C:\svil_11\Gestione_Associati\web.pbt_build\web\images\res\fn2686.bmp
C:\svil_11\Gestione_Associati\web.pbt_build\web\images\res\fn2688.bmp
C:\svil_11\Gestione_Associati\web.pbt_build\web\images\res\fn2690.bmp
C:\svil_11\Gestione_Associati\web.pbt_build\web\images\res\fn2692.bmp
C:\svil_11\Gestione_Associati\web.pbt_build\web\images\res\fn2694.bmp
C:\svil_11\Gestione_Associati\web.pbt_build\web\images\res\fn2696.bmp
C:\svil_11\Gestione_Associati\web.pbt_build\web\images\res\fn2698.bmp
C:\svil_11\Gestione_Associati\web.pbt_build\web\images\res\fn2700.bmp
C:\svil_11\Gestione_Associati\web.pbt_build\web\images\res\fn2702.bmp
C:\svil_11\Gestione_Associati\web.pbt_build\web\images\res\fn2704.bmp
C:\svil_11\Gestione_Associati\web.pbt_build\web\images\res\fn2706.bmp
C:\svil_11\Gestione_Associati\web.pbt_build\web\images\res\fn2708.bmp
C:\svil_11\Gestione_Associati\web.pbt_build\web\images\res\fn2710.bmp
C:\svil_11\Gestione_Associati\web.pbt_build\web\images\res\fn2712.bmp
C:\svil_11\Gestione_Associati\web.pbt_build\web\images\res\fn2714.bmp
C:\svil_11\Gestione_Associati\web.pbt_build\web\images\res\fn2716.bmp
C:\svil_11\Gestione_Associati\web.pbt_build\web\images\res\fn2718.bmp
C:\svil_11\Gestione_Associati\web.pbt_build\web\images\res\fn2720.bmp
C:\svil_11\Gestione_Associati\web.pbt_build\web\images\res\fn2722.bmp
C:\svil_11\Gestione_Associati\web.pbt_build\web\images\res\fn2724.bmp
C:\svil_11\Gestione_Associati\web.pbt_build\web\images\res\fn2726.bmp
C:\svil_11\Gestione_Associati\web.pbt_build\web\images\res\fn2728.bmp
C:\svil_11\Gestione_Associati\web.pbt_build\web\images\res\fn2730.bmp
C:\svil_11\Gestione_Associati\web.pbt_build\web\images\res\fn2732.bmp
C:\svil_11\Gestione_Associati\web.pbt_build\web\images\res\fn2734.bmp
C:\svil_11\Gestione_Associati\web.pbt_build\web\images\res\fn2736.bmp
C:\svil_11\Gestione_Associati\web.pbt_build\web\images\res\fn2738.bmp
C:\svil_11\Gestione_Associati\web.pbt_build\web\images\res\fn2740.bmp
C:\svil_11\Gestione_Associati\web.pbt_build\web\images\res\fn2742.bmp
C:\svil_11\Gestione_Associati\web.pbt_build\web\images\res\fn2744.bmp
C:\svil_11\Gestione_Associati\web.pbt_build\web\images\res\fn2746.bmp
C:\svil_11\Gestione_Associati\web.pbt_build\web\images\res\fn2748.bmp
C:\svil_11\Gestione_Associati\web.pbt_build\web\images\res\fn2750.bmp
C:\svil_11\Gestione_Associati\web.pbt_build\web\images\res\fn2752.bmp
C:\svil_11\Gestione_Associati\web.pbt_build\web\images\res\fn2754.bmp
C:\svil_11\Gestione_Associati\web.pbt_build\web\images\res\fn2756.bmp
C:\svil_11\Gestione_Associati\web.pbt_build\web\images\res\fn2758.bmp
C:\svil_11\Gestione_Associati\web.pbt_build\web\images\res\fn2760.bmp
C:\svil_11\Gestione_Associati\web.pbt_build\web\images\res\fn2762.bmp
C:\svil_11\Gestione_Associati\web.pbt_build\web\images\res\fn2764.bmp
C:\svil_11\Gestione_Associati\web.pbt_build\web\images\res\fn2766.bmp
C:\svil_11\Gestione_Associati\web.pbt_build\web\images\res\fn2768.bmp
C:\svil_11\Gestione_Associati\web.pbt_build\web\images\res\fn2770.bmp
C:\svil_11\Gestione_Associati\web.pbt_build\web\images\res\fn2772.bmp
C:\svil_11\Gestione_Associati\web.pbt_build\web\images\res\fn2774.bmp
C:\svil_11\Gestione_Associati\web.pbt_build\web\images\res\fn2776.bmp
C:\svil_11\Gestione_Associati\web.pbt_build\web\images\res\fn2778.bmp
C:\svil_11\Gestione_Associati\web.pbt_build\web\images\res\fn2780.bmp
C:\svil_11\Gestione_Associati\web.pbt_build\web\images\res\fn2782.bmp
C:\svil_11\Gestione_Associati\web.pbt_build\web\images\res\fn2784.bmp
C:\svil_11\Gestione_Associati\web.pbt_build\web\images\res\fn2786.bmp
C:\svil_11\Gestione_Associati\web.pbt_build\web\images\res\fn2788.bmp
C:\svil_11\Gestione_Associati\web.pbt_build\web\images\res\fn2790.bmp
C:\svil_11\Gestione_Associati\web.pbt_build\web\images\res\fn2792.bmp
C:\svil_11\Gestione_Associati\web.pbt_build\web\images\res\fn2794.bmp
C:\svil_11\Gestione_Associati\web.pbt_build\web\images\res\fn2796.bmp
C:\svil_11\Gestione_Associati\web.pbt_build\web\images\res\fn2798.bmp
C:\svil_11\Gestione_Associati\web.pbt_build\web\images\res\fn2800.bmp
C:\svil_11\Gestione_Associati\web.pbt_build\web\images\res\fn2802.bmp
C:\svil_11\Gestione_Associati\web.pbt_build\web\images\res\fn2804.bmp
C:\svil_11\Gestione_Associati\web.pbt_build\web\images\res\fn2806.bmp
C:\svil_11\Gestione_Associati\web.pbt_build\web\images\res\fn2808.bmp
C:\svil_11\Gestione_Associati\web.pbt_build\web\images\res\fn2810.bmp
C:\svil_11\Gestione_Associati\web.pbt_build\web\images\res\fn2812.bmp
C:\svil_11\Gestione_Associati\web.pbt_build\web\images\res\fn2814.bmp
C:\svil_11\Gestione_Associati\web.pbt_build\web\images\res\fn2816.bmp
C:\svil_11\Gestione_Associati\web.pbt_build\web\images\res\fn2818.bmp
C:\svil_11\Gestione_Associati\web.pbt_build\web\images\res\fn2820.bmp
C:\svil_11\Gestione_Associati\web.pbt_build\web\images\res\fn2822.bmp
C:\svil_11\Gestione_Associati\web.pbt_build\web\images\res\fn2824.bmp
C:\svil_11\Gestione_Associati\web.pbt_build\web\images\res\fn2826.bmp
C:\svil_11\Gestione_Associati\web.pbt_build\web\images\res\fn2828.bmp
C:\svil_11\Gestione_Associati\web.pbt_build\web\images\res\fn2830.bmp
C:\svil_11\Gestione_Associati\web.pbt_build\web\images\res\fn2832.bmp
C:\svil_11\Gestione_Associati\web.pbt_build\web\images\res\fn2834.bmp
C:\svil_11\Gestione_Associati\web.pbt_build\web\images\res\fn2836.bmp
C:\svil_11\Gestione_Associati\web.pbt_build\web\images\res\fn2838.bmp
C:\svil_11\Gestione_Associati\web.pbt_build\web\images\res\fn2840.bmp
C:\svil_11\Gestione_Associati\web.pbt_build\web\images\res\fn2842.bmp
C:\svil_11\Gestione_Associati\web.pbt_build\web\images\res\fn2844.bmp
C:\svil_11\Gestione_Associati\web.pbt_build\web\images\res\fn2846.bmp
C:\svil_11\Gestione_Associati\web.pbt_build\web\images\res\fn2848.bmp
C:\svil_11\Gestione_Associati\web.pbt_build\web\images\res\fn2850.bmp
C:\svil_11\Gestione_Associati\web.pbt_build\web\images\res\fn2852.bmp
C:\svil_11\Gestione_Associati\web.pbt_build\web\images\res\fn2854.bmp
C:\svil_11\Gestione_Associati\web.pbt_build\web\images\res\fn2856.bmp
C:\svil_11\Gestione_Associati\web.pbt_build\web\images\res\fn2858.bmp
C:\svil_11\Gestione_Associati\web.pbt_build\web\images\res\fn2860.bmp
C:\svil_11\Gestione_Associati\web.pbt_build\web\images\res\fn2862.bmp
C:\svil_11\Gestione_Associati\web.pbt_build\web\images\res\fn2864.bmp
C:\svil_11\Gestione_Associati\web.pbt_build\web\images\res\fn2866.bmp
C:\svil_11\Gestione_Associati\web.pbt_build\web\images\res\fn2868.bmp
C:\svil_11\Gestione_Associati\web.pbt_build\web\images\res\fn2870.bmp
C:\svil_11\Gestione_Associati\web.pbt_build\web\images\res\fn2872.bmp
C:\svil_11\Gestione_Associati\web.pbt_build\web\images\res\fn2874.bmp
C:\svil_11\Gestione_Associati\web.pbt_build\web\images\res\fn2876.bmp
C:\svil_11\Gestione_Associati\web.pbt_build\web\images\res\fn2878.bmp
C:\svil_11\Gestione_Associati\web.pbt_build\web\images\res\fn2880.bmp
C:\svil_11\Gestione_Associati\web.pbt_build\web\images\res\fn2882.bmp
C:\svil_11\Gestione_Associati\web.pbt_build\web\images\res\fn2884.bmp
C:\svil_11\Gestione_Associati\web.pbt_build\web\images\res\fn2886.bmp
C:\svil_11\Gestione_Associati\web.pbt_build\web\images\res\fn2888.bmp
C:\svil_11\Gestione_Associati\web.pbt_build\web\images\res\fn2890.bmp
C:\svil_11\Gestione_Associati\web.pbt_build\web\images\res\fn2892.bmp
C:\svil_11\Gestione_Associati\web.pbt_build\web\images\res\fn2894.bmp
C:\svil_11\Gestione_Associati\web.pbt_build\web\images\res\fn2896.bmp
C:\svil_11\Gestione_Associati\web.pbt_build\web\images\res\fn2898.bmp
C:\svil_11\Gestione_Associati\web.pbt_build\web\images\res\fn2900.bmp
C:\svil_11\Gestione_Associati\web.pbt_build\web\images\res\fn2902.bmp
C:\svil_11\Gestione_Associati\web.pbt_build\web\images\res\fn2904.bmp
C:\svil_11\Gestione_Associati\web.pbt_build\web\images\res\fn2906.bmp
C:\svil_11\Gestione_Associati\web.pbt_build\web\images\res\fn2908.bmp
C:\svil_11\Gestione_Associati\web.pbt_build\web\images\res\fn2911.bmp
C:\svil_11\Gestione_Associati\web.pbt_build\web\images\res\fn2912.bmp
C:\svil_11\Gestione_Associati\web.pbt_build\web\images\res\fn2913.bmp
C:\svil_11\Gestione_Associati\web.pbt_build\web\images\res\fn2914.bmp
C:\svil_11\Gestione_Associati\web.pbt_build\web\images\res\fn2915.bmp
C:\svil_11\Gestione_Associati\web.pbt_build\web\images\res\fn2916.bmp
C:\svil_11\Gestione_Associati\web.pbt_build\web\images\res\fn2917.bmp
C:\svil_11\Gestione_Associati\web.pbt_build\web\images\res\fn2918.bmp
C:\svil_11\Gestione_Associati\web.pbt_build\web\images\res\fn2919.bmp
C:\svil_11\Gestione_Associati\web.pbt_build\web\images\res\fn2920.bmp
C:\svil_11\Gestione_Associati\web.pbt_build\web\images\res\fn2921.bmp
C:\svil_11\Gestione_Associati\web.pbt_build\web\images\res\fn2922.bmp
C:\svil_11\Gestione_Associati\web.pbt_build\web\images\res\fn2923.bmp
C:\svil_11\Gestione_Associati\web.pbt_build\web\images\res\fn2924.bmp
C:\svil_11\Gestione_Associati\web.pbt_build\web\images\res\fn2926.bmp
C:\svil_11\Gestione_Associati\web.pbt_build\web\images\res\fn2928.ico
C:\svil_11\Gestione_Associati\web.pbt_build\web\images\res\fn2930.ico
C:\svil_11\Gestione_Associati\web.pbt_build\web\images\res\fnappend.bmp
C:\svil_11\Gestione_Associati\web.pbt_build\web\images\res\fndddn.bmp
C:\svil_11\Gestione_Associati\web.pbt_build\web\images\res\fnddup.bmp
C:\svil_11\Gestione_Associati\web.pbt_build\web\images\res\fndither.bmp
C:\svil_11\Gestione_Associati\web.pbt_build\web\images\res\fndragno.ico
C:\svil_11\Gestione_Associati\web.pbt_build\web\images\res\fnhand.cur
C:\svil_11\Gestione_Associati\web.pbt_build\web\images\res\fnmask.bmp
C:\svil_11\Gestione_Associati\web.pbt_build\web\images\res\fnruler.bmp
C:\svil_11\Gestione_Associati\web.pbt_build\web\images\res\fntooldn.bmp
C:\svil_11\Gestione_Associati\web.pbt_build\web\images\res\fntoolup.bmp
C:\svil_11\Gestione_Associati\web.pbt_build\web\images\res\hourglass.bmp
C:\svil_11\Gestione_Associati\web.pbt_build\web\images\res\hyperlink.bmp
C:\svil_11\Gestione_Associati\web.pbt_build\web\images\res\icon.bmp
C:\svil_11\Gestione_Associati\web.pbt_build\web\images\res\information.ico
C:\svil_11\Gestione_Associati\web.pbt_build\web\images\res\jagcomp.bmp
C:\svil_11\Gestione_Associati\web.pbt_build\web\images\res\jagfldrs.bmp
C:\svil_11\Gestione_Associati\web.pbt_build\web\images\res\jagpack.bmp
C:\svil_11\Gestione_Associati\web.pbt_build\web\images\res\jagserv.bmp
C:\svil_11\Gestione_Associati\web.pbt_build\web\images\res\jpgchkdd.bmp
C:\svil_11\Gestione_Associati\web.pbt_build\web\images\res\jpgchked.bmp
C:\svil_11\Gestione_Associati\web.pbt_build\web\images\res\line2d.ico
C:\svil_11\Gestione_Associati\web.pbt_build\web\images\res\line3d.ico
C:\svil_11\Gestione_Associati\web.pbt_build\web\images\res\meta.bmp
C:\svil_11\Gestione_Associati\web.pbt_build\web\images\res\no.bmp
C:\svil_11\Gestione_Associati\web.pbt_build\web\images\res\owactvx.ico
C:\svil_11\Gestione_Associati\web.pbt_build\web\images\res\owapp.ico
C:\svil_11\Gestione_Associati\web.pbt_build\web\images\res\owappsrv.ico
C:\svil_11\Gestione_Associati\web.pbt_build\web\images\res\owapptpl.ico
C:\svil_11\Gestione_Associati\web.pbt_build\web\images\res\owauto.ico
C:\svil_11\Gestione_Associati\web.pbt_build\web\images\res\owcom.ico
C:\svil_11\Gestione_Associati\web.pbt_build\web\images\res\owjag.ico
C:\svil_11\Gestione_Associati\web.pbt_build\web\images\res\padata.bmp
C:\svil_11\Gestione_Associati\web.pbt_build\web\images\res\PB.exe.manifest
C:\svil_11\Gestione_Associati\web.pbt_build\web\images\res\pbcdrag.cur
C:\svil_11\Gestione_Associati\web.pbt_build\web\images\res\pbcross.bmp
C:\svil_11\Gestione_Associati\web.pbt_build\web\images\res\pbdpp.ico
C:\svil_11\Gestione_Associati\web.pbt_build\web\images\res\pbewizd.ico
C:\svil_11\Gestione_Associati\web.pbt_build\web\images\res\pbewize.ico
C:\svil_11\Gestione_Associati\web.pbt_build\web\images\res\pbewizm.ico
C:\svil_11\Gestione_Associati\web.pbt_build\web\images\res\pbewizq.ico
C:\svil_11\Gestione_Associati\web.pbt_build\web\images\res\pbewizv.ico
C:\svil_11\Gestione_Associati\web.pbt_build\web\images\res\pbhyp.ico
C:\svil_11\Gestione_Associati\web.pbt_build\web\images\res\pbprfont.bmp
C:\svil_11\Gestione_Associati\web.pbt_build\web\images\res\pbqcksel.ico
C:\svil_11\Gestione_Associati\web.pbt_build\web\images\res\pbqry.ico
C:\svil_11\Gestione_Associati\web.pbt_build\web\images\res\pbttfont.bmp
C:\svil_11\Gestione_Associati\web.pbt_build\web\images\res\pb_b_dn.bmp
C:\svil_11\Gestione_Associati\web.pbt_build\web\images\res\pb_b_up.bmp
C:\svil_11\Gestione_Associati\web.pbt_build\web\images\res\pb_c_dn.bmp
C:\svil_11\Gestione_Associati\web.pbt_build\web\images\res\pb_c_up.bmp
C:\svil_11\Gestione_Associati\web.pbt_build\web\images\res\pb_i_dn.bmp
C:\svil_11\Gestione_Associati\web.pbt_build\web\images\res\pb_i_up.bmp
C:\svil_11\Gestione_Associati\web.pbt_build\web\images\res\pb_l_dn.bmp
C:\svil_11\Gestione_Associati\web.pbt_build\web\images\res\pb_l_up.bmp
C:\svil_11\Gestione_Associati\web.pbt_build\web\images\res\pb_r_dn.bmp
C:\svil_11\Gestione_Associati\web.pbt_build\web\images\res\pb_r_up.bmp
C:\svil_11\Gestione_Associati\web.pbt_build\web\images\res\pb_u_dn.bmp
C:\svil_11\Gestione_Associati\web.pbt_build\web\images\res\pb_u_up.bmp
C:\svil_11\Gestione_Associati\web.pbt_build\web\images\res\pdtdata.bmp
C:\svil_11\Gestione_Associati\web.pbt_build\web\images\res\pdtes1.bmp
C:\svil_11\Gestione_Associati\web.pbt_build\web\images\res\pdtes10.bmp
C:\svil_11\Gestione_Associati\web.pbt_build\web\images\res\pdtes2.bmp
C:\svil_11\Gestione_Associati\web.pbt_build\web\images\res\pdtes3.bmp
C:\svil_11\Gestione_Associati\web.pbt_build\web\images\res\pdtes8.bmp
C:\svil_11\Gestione_Associati\web.pbt_build\web\images\res\pdtes9.bmp
C:\svil_11\Gestione_Associati\web.pbt_build\web\images\res\pdthand.bmp
C:\svil_11\Gestione_Associati\web.pbt_build\web\images\res\pdvcalc.bmp
C:\svil_11\Gestione_Associati\web.pbt_build\web\images\res\pdvcurs.ico
C:\svil_11\Gestione_Associati\web.pbt_build\web\images\res\pdvdcur.ico
C:\svil_11\Gestione_Associati\web.pbt_build\web\images\res\pdvdel.ico
C:\svil_11\Gestione_Associati\web.pbt_build\web\images\res\pdvdproc.ico
C:\svil_11\Gestione_Associati\web.pbt_build\web\images\res\pdvdrtn.bmp
C:\svil_11\Gestione_Associati\web.pbt_build\web\images\res\pdvfet.ico
C:\svil_11\Gestione_Associati\web.pbt_build\web\images\res\pdvfproc.ico
C:\svil_11\Gestione_Associati\web.pbt_build\web\images\res\pdvins.ico
C:\svil_11\Gestione_Associati\web.pbt_build\web\images\res\pdvjoin.cur
C:\svil_11\Gestione_Associati\web.pbt_build\web\images\res\pdvscrpt.bmp
C:\svil_11\Gestione_Associati\web.pbt_build\web\images\res\pdvsel.cur
C:\svil_11\Gestione_Associati\web.pbt_build\web\images\res\pdvsel.ico
C:\svil_11\Gestione_Associati\web.pbt_build\web\images\res\pdvucur.ico
C:\svil_11\Gestione_Associati\web.pbt_build\web\images\res\pdvupd.ico
C:\svil_11\Gestione_Associati\web.pbt_build\web\images\res\pdwcol.bmp
C:\svil_11\Gestione_Associati\web.pbt_build\web\images\res\pdwcross.ico
C:\svil_11\Gestione_Associati\web.pbt_build\web\images\res\pdwewiz.ico
C:\svil_11\Gestione_Associati\web.pbt_build\web\images\res\pdwexpr1.bmp
C:\svil_11\Gestione_Associati\web.pbt_build\web\images\res\pdwexpr2.bmp
C:\svil_11\Gestione_Associati\web.pbt_build\web\images\res\pdwform.ico
C:\svil_11\Gestione_Associati\web.pbt_build\web\images\res\pdwgrid.ico
C:\svil_11\Gestione_Associati\web.pbt_build\web\images\res\pdwgroup.ico
C:\svil_11\Gestione_Associati\web.pbt_build\web\images\res\pdwlabel.ico
C:\svil_11\Gestione_Associati\web.pbt_build\web\images\res\pdwnst.ico
C:\svil_11\Gestione_Associati\web.pbt_build\web\images\res\pdwnup.ico
C:\svil_11\Gestione_Associati\web.pbt_build\web\images\res\pdwole.ico
C:\svil_11\Gestione_Associati\web.pbt_build\web\images\res\pdwoval.bmp
C:\svil_11\Gestione_Associati\web.pbt_build\web\images\res\pdwrrect.bmp
C:\svil_11\Gestione_Associati\web.pbt_build\web\images\res\pdwrte.ico
C:\svil_11\Gestione_Associati\web.pbt_build\web\images\res\pdwscrpt.ico
C:\svil_11\Gestione_Associati\web.pbt_build\web\images\res\pdwsp.ico
C:\svil_11\Gestione_Associati\web.pbt_build\web\images\res\pdwsqls.ico
C:\svil_11\Gestione_Associati\web.pbt_build\web\images\res\pdwsqlsa.ico
C:\svil_11\Gestione_Associati\web.pbt_build\web\images\res\pdwtabl.ico
C:\svil_11\Gestione_Associati\web.pbt_build\web\images\res\pdwtree.ico
C:\svil_11\Gestione_Associati\web.pbt_build\web\images\res\pdx1.bmp
C:\svil_11\Gestione_Associati\web.pbt_build\web\images\res\pdx10.bmp
C:\svil_11\Gestione_Associati\web.pbt_build\web\images\res\pdx2.bmp
C:\svil_11\Gestione_Associati\web.pbt_build\web\images\res\pdx3.bmp
C:\svil_11\Gestione_Associati\web.pbt_build\web\images\res\pdx8.bmp
C:\svil_11\Gestione_Associati\web.pbt_build\web\images\res\pdx9.bmp
C:\svil_11\Gestione_Associati\web.pbt_build\web\images\res\pdxbut1.bmp
C:\svil_11\Gestione_Associati\web.pbt_build\web\images\res\pdxbut10.bmp
C:\svil_11\Gestione_Associati\web.pbt_build\web\images\res\pdxbut2.bmp
C:\svil_11\Gestione_Associati\web.pbt_build\web\images\res\pdxbut3.bmp
C:\svil_11\Gestione_Associati\web.pbt_build\web\images\res\pdxbut8.bmp
C:\svil_11\Gestione_Associati\web.pbt_build\web\images\res\pdxbut9.bmp
C:\svil_11\Gestione_Associati\web.pbt_build\web\images\res\pdxshare.bmp
C:\svil_11\Gestione_Associati\web.pbt_build\web\images\res\pgactvx.ico
C:\svil_11\Gestione_Associati\web.pbt_build\web\images\res\pgapptpl.ico
C:\svil_11\Gestione_Associati\web.pbt_build\web\images\res\pgauto.ico
C:\svil_11\Gestione_Associati\web.pbt_build\web\images\res\pgcom.ico
C:\svil_11\Gestione_Associati\web.pbt_build\web\images\res\pgejbpxy.ico
C:\svil_11\Gestione_Associati\web.pbt_build\web\images\res\pgjag.ico
C:\svil_11\Gestione_Associati\web.pbt_build\web\images\res\pgjagpxy.ico
C:\svil_11\Gestione_Associati\web.pbt_build\web\images\res\pgwsprxy.ico
C:\svil_11\Gestione_Associati\web.pbt_build\web\images\res\pie2d.ico
C:\svil_11\Gestione_Associati\web.pbt_build\web\images\res\pie3d.ico
C:\svil_11\Gestione_Associati\web.pbt_build\web\images\res\pjwsprxy.ico
C:\svil_11\Gestione_Associati\web.pbt_build\web\images\res\plappl.bmp
C:\svil_11\Gestione_Associati\web.pbt_build\web\images\res\pldatwin.bmp
C:\svil_11\Gestione_Associati\web.pbt_build\web\images\res\plfunc.bmp
C:\svil_11\Gestione_Associati\web.pbt_build\web\images\res\plmenu.bmp
C:\svil_11\Gestione_Associati\web.pbt_build\web\images\res\plstruct.bmp
C:\svil_11\Gestione_Associati\web.pbt_build\web\images\res\pludo.bmp
C:\svil_11\Gestione_Associati\web.pbt_build\web\images\res\plwindow.bmp
C:\svil_11\Gestione_Associati\web.pbt_build\web\images\res\pl_0pb00.bmp
C:\svil_11\Gestione_Associati\web.pbt_build\web\images\res\pl_0pb11.bmp
C:\svil_11\Gestione_Associati\web.pbt_build\web\images\res\pl_0pb12.bmp
C:\svil_11\Gestione_Associati\web.pbt_build\web\images\res\pl_0pb13.bmp
C:\svil_11\Gestione_Associati\web.pbt_build\web\images\res\pl_0pb14.bmp
C:\svil_11\Gestione_Associati\web.pbt_build\web\images\res\pl_0pb21.bmp
C:\svil_11\Gestione_Associati\web.pbt_build\web\images\res\pl_0pb22.bmp
C:\svil_11\Gestione_Associati\web.pbt_build\web\images\res\pl_0pb23.bmp
C:\svil_11\Gestione_Associati\web.pbt_build\web\images\res\pl_0pb24.bmp
C:\svil_11\Gestione_Associati\web.pbt_build\web\images\res\pl_0pb31.bmp
C:\svil_11\Gestione_Associati\web.pbt_build\web\images\res\pl_0pb32.bmp
C:\svil_11\Gestione_Associati\web.pbt_build\web\images\res\pl_0pb33.bmp
C:\svil_11\Gestione_Associati\web.pbt_build\web\images\res\pl_0pb34.bmp
C:\svil_11\Gestione_Associati\web.pbt_build\web\images\res\pl_0pb41.bmp
C:\svil_11\Gestione_Associati\web.pbt_build\web\images\res\pl_0pb42.bmp
C:\svil_11\Gestione_Associati\web.pbt_build\web\images\res\pl_0pb43.bmp
C:\svil_11\Gestione_Associati\web.pbt_build\web\images\res\pl_0pb44.bmp
C:\svil_11\Gestione_Associati\web.pbt_build\web\images\res\pl_0pt00.bmp
C:\svil_11\Gestione_Associati\web.pbt_build\web\images\res\pl_0pt11.bmp
C:\svil_11\Gestione_Associati\web.pbt_build\web\images\res\pl_0pt12.bmp
C:\svil_11\Gestione_Associati\web.pbt_build\web\images\res\pl_0pt13.bmp
C:\svil_11\Gestione_Associati\web.pbt_build\web\images\res\pl_0pt14.bmp
C:\svil_11\Gestione_Associati\web.pbt_build\web\images\res\pl_0pt21.bmp
C:\svil_11\Gestione_Associati\web.pbt_build\web\images\res\pl_0pt22.bmp
C:\svil_11\Gestione_Associati\web.pbt_build\web\images\res\pl_0pt23.bmp
C:\svil_11\Gestione_Associati\web.pbt_build\web\images\res\pl_0pt24.bmp
C:\svil_11\Gestione_Associati\web.pbt_build\web\images\res\pl_0pt31.bmp
C:\svil_11\Gestione_Associati\web.pbt_build\web\images\res\pl_0pt32.bmp
C:\svil_11\Gestione_Associati\web.pbt_build\web\images\res\pl_0pt33.bmp
C:\svil_11\Gestione_Associati\web.pbt_build\web\images\res\pl_0pt34.bmp
C:\svil_11\Gestione_Associati\web.pbt_build\web\images\res\pl_0pt41.bmp
C:\svil_11\Gestione_Associati\web.pbt_build\web\images\res\pl_0pt42.bmp
C:\svil_11\Gestione_Associati\web.pbt_build\web\images\res\pl_0pt43.bmp
C:\svil_11\Gestione_Associati\web.pbt_build\web\images\res\pl_0pt44.bmp
C:\svil_11\Gestione_Associati\web.pbt_build\web\images\res\pl_0pv00.bmp
C:\svil_11\Gestione_Associati\web.pbt_build\web\images\res\pl_0pv11.bmp
C:\svil_11\Gestione_Associati\web.pbt_build\web\images\res\pl_0pv12.bmp
C:\svil_11\Gestione_Associati\web.pbt_build\web\images\res\pl_0pv13.bmp
C:\svil_11\Gestione_Associati\web.pbt_build\web\images\res\pl_0pv14.bmp
C:\svil_11\Gestione_Associati\web.pbt_build\web\images\res\pl_0pv21.bmp
C:\svil_11\Gestione_Associati\web.pbt_build\web\images\res\pl_0pv22.bmp
C:\svil_11\Gestione_Associati\web.pbt_build\web\images\res\pl_0pv23.bmp
C:\svil_11\Gestione_Associati\web.pbt_build\web\images\res\pl_0pv24.bmp
C:\svil_11\Gestione_Associati\web.pbt_build\web\images\res\pl_0pv31.bmp
C:\svil_11\Gestione_Associati\web.pbt_build\web\images\res\pl_0pv32.bmp
C:\svil_11\Gestione_Associati\web.pbt_build\web\images\res\pl_0pv33.bmp
C:\svil_11\Gestione_Associati\web.pbt_build\web\images\res\pl_0pv34.bmp
C:\svil_11\Gestione_Associati\web.pbt_build\web\images\res\pl_0pv41.bmp
C:\svil_11\Gestione_Associati\web.pbt_build\web\images\res\pl_0pv42.bmp
C:\svil_11\Gestione_Associati\web.pbt_build\web\images\res\pl_0pv43.bmp
C:\svil_11\Gestione_Associati\web.pbt_build\web\images\res\pl_0pv44.bmp
C:\svil_11\Gestione_Associati\web.pbt_build\web\images\res\pl_blank.bmp
C:\svil_11\Gestione_Associati\web.pbt_build\web\images\res\pl_fold.bmp
C:\svil_11\Gestione_Associati\web.pbt_build\web\images\res\pl_ipb00.bmp
C:\svil_11\Gestione_Associati\web.pbt_build\web\images\res\pl_ipb11.bmp
C:\svil_11\Gestione_Associati\web.pbt_build\web\images\res\pl_ipb12.bmp
C:\svil_11\Gestione_Associati\web.pbt_build\web\images\res\pl_ipb13.bmp
C:\svil_11\Gestione_Associati\web.pbt_build\web\images\res\pl_ipb14.bmp
C:\svil_11\Gestione_Associati\web.pbt_build\web\images\res\pl_ipb21.bmp
C:\svil_11\Gestione_Associati\web.pbt_build\web\images\res\pl_ipb22.bmp
C:\svil_11\Gestione_Associati\web.pbt_build\web\images\res\pl_ipb23.bmp
C:\svil_11\Gestione_Associati\web.pbt_build\web\images\res\pl_ipb24.bmp
C:\svil_11\Gestione_Associati\web.pbt_build\web\images\res\pl_ipb31.bmp
C:\svil_11\Gestione_Associati\web.pbt_build\web\images\res\pl_ipb32.bmp
C:\svil_11\Gestione_Associati\web.pbt_build\web\images\res\pl_ipb33.bmp
C:\svil_11\Gestione_Associati\web.pbt_build\web\images\res\pl_ipb34.bmp
C:\svil_11\Gestione_Associati\web.pbt_build\web\images\res\pl_ipb41.bmp
C:\svil_11\Gestione_Associati\web.pbt_build\web\images\res\pl_ipb42.bmp
C:\svil_11\Gestione_Associati\web.pbt_build\web\images\res\pl_ipb43.bmp
C:\svil_11\Gestione_Associati\web.pbt_build\web\images\res\pl_ipb44.bmp
C:\svil_11\Gestione_Associati\web.pbt_build\web\images\res\pl_ipt00.bmp
C:\svil_11\Gestione_Associati\web.pbt_build\web\images\res\pl_ipt11.bmp
C:\svil_11\Gestione_Associati\web.pbt_build\web\images\res\pl_ipt12.bmp
C:\svil_11\Gestione_Associati\web.pbt_build\web\images\res\pl_ipt13.bmp
C:\svil_11\Gestione_Associati\web.pbt_build\web\images\res\pl_ipt14.bmp
C:\svil_11\Gestione_Associati\web.pbt_build\web\images\res\pl_ipt21.bmp
C:\svil_11\Gestione_Associati\web.pbt_build\web\images\res\pl_ipt22.bmp
C:\svil_11\Gestione_Associati\web.pbt_build\web\images\res\pl_ipt23.bmp
C:\svil_11\Gestione_Associati\web.pbt_build\web\images\res\pl_ipt24.bmp
C:\svil_11\Gestione_Associati\web.pbt_build\web\images\res\pl_ipt31.bmp
C:\svil_11\Gestione_Associati\web.pbt_build\web\images\res\pl_ipt32.bmp
C:\svil_11\Gestione_Associati\web.pbt_build\web\images\res\pl_ipt33.bmp
C:\svil_11\Gestione_Associati\web.pbt_build\web\images\res\pl_ipt34.bmp
C:\svil_11\Gestione_Associati\web.pbt_build\web\images\res\pl_ipt41.bmp
C:\svil_11\Gestione_Associati\web.pbt_build\web\images\res\pl_ipt42.bmp
C:\svil_11\Gestione_Associati\web.pbt_build\web\images\res\pl_ipt43.bmp
C:\svil_11\Gestione_Associati\web.pbt_build\web\images\res\pl_ipt44.bmp
C:\svil_11\Gestione_Associati\web.pbt_build\web\images\res\pl_ipv00.bmp
C:\svil_11\Gestione_Associati\web.pbt_build\web\images\res\pl_ipv11.bmp
C:\svil_11\Gestione_Associati\web.pbt_build\web\images\res\pl_ipv12.bmp
C:\svil_11\Gestione_Associati\web.pbt_build\web\images\res\pl_ipv13.bmp
C:\svil_11\Gestione_Associati\web.pbt_build\web\images\res\pl_ipv14.bmp
C:\svil_11\Gestione_Associati\web.pbt_build\web\images\res\pl_ipv21.bmp
C:\svil_11\Gestione_Associati\web.pbt_build\web\images\res\pl_ipv22.bmp
C:\svil_11\Gestione_Associati\web.pbt_build\web\images\res\pl_ipv23.bmp
C:\svil_11\Gestione_Associati\web.pbt_build\web\images\res\pl_ipv24.bmp
C:\svil_11\Gestione_Associati\web.pbt_build\web\images\res\pl_ipv31.bmp
C:\svil_11\Gestione_Associati\web.pbt_build\web\images\res\pl_ipv32.bmp
C:\svil_11\Gestione_Associati\web.pbt_build\web\images\res\pl_ipv33.bmp
C:\svil_11\Gestione_Associati\web.pbt_build\web\images\res\pl_ipv34.bmp
C:\svil_11\Gestione_Associati\web.pbt_build\web\images\res\pl_ipv41.bmp
C:\svil_11\Gestione_Associati\web.pbt_build\web\images\res\pl_ipv42.bmp
C:\svil_11\Gestione_Associati\web.pbt_build\web\images\res\pl_ipv43.bmp
C:\svil_11\Gestione_Associati\web.pbt_build\web\images\res\pl_ipv44.bmp
C:\svil_11\Gestione_Associati\web.pbt_build\web\images\res\pst_drag.cur
C:\svil_11\Gestione_Associati\web.pbt_build\web\images\res\pwactvx.ico
C:\svil_11\Gestione_Associati\web.pbt_build\web\images\res\pwapptpl.ico
C:\svil_11\Gestione_Associati\web.pbt_build\web\images\res\pwarrow.bmp
C:\svil_11\Gestione_Associati\web.pbt_build\web\images\res\pwauto.ico
C:\svil_11\Gestione_Associati\web.pbt_build\web\images\res\pwbmap.bmp
C:\svil_11\Gestione_Associati\web.pbt_build\web\images\res\pwcom.ico
C:\svil_11\Gestione_Associati\web.pbt_build\web\images\res\pwdebug.bmp
C:\svil_11\Gestione_Associati\web.pbt_build\web\images\res\pwejbpxy.ico
C:\svil_11\Gestione_Associati\web.pbt_build\web\images\res\pwjag.ico
C:\svil_11\Gestione_Associati\web.pbt_build\web\images\res\pwjagpxy.ico
C:\svil_11\Gestione_Associati\web.pbt_build\web\images\res\pwline.bmp
C:\svil_11\Gestione_Associati\web.pbt_build\web\images\res\pwrect.bmp
C:\svil_11\Gestione_Associati\web.pbt_build\web\images\res\pwrun.bmp
C:\svil_11\Gestione_Associati\web.pbt_build\web\images\res\pwtext.bmp
C:\svil_11\Gestione_Associati\web.pbt_build\web\images\res\pwwsprxy.ico
C:\svil_11\Gestione_Associati\web.pbt_build\web\images\res\question.ico
C:\svil_11\Gestione_Associati\web.pbt_build\web\images\res\rtc.resources
C:\svil_11\Gestione_Associati\web.pbt_build\web\images\res\rtc.resX
C:\svil_11\Gestione_Associati\web.pbt_build\web\images\res\scat2d.ico
C:\svil_11\Gestione_Associati\web.pbt_build\web\images\res\size.bmp
C:\svil_11\Gestione_Associati\web.pbt_build\web\images\res\sizenesw.bmp
C:\svil_11\Gestione_Associati\web.pbt_build\web\images\res\sizens.bmp
C:\svil_11\Gestione_Associati\web.pbt_build\web\images\res\sizenwse.bmp
C:\svil_11\Gestione_Associati\web.pbt_build\web\images\res\sizewe.bmp
C:\svil_11\Gestione_Associati\web.pbt_build\web\images\res\sizhght.bmp
C:\svil_11\Gestione_Associati\web.pbt_build\web\images\res\sizwidth.bmp
C:\svil_11\Gestione_Associati\web.pbt_build\web\images\res\spchorz.bmp
C:\svil_11\Gestione_Associati\web.pbt_build\web\images\res\spcvert.bmp
C:\svil_11\Gestione_Associati\web.pbt_build\web\images\res\stopsign.ico
C:\svil_11\Gestione_Associati\web.pbt_build\web\images\res\swactvx.ico
C:\svil_11\Gestione_Associati\web.pbt_build\web\images\res\swapp.ico
C:\svil_11\Gestione_Associati\web.pbt_build\web\images\res\swappsrv.ico
C:\svil_11\Gestione_Associati\web.pbt_build\web\images\res\swapptpl.ico
C:\svil_11\Gestione_Associati\web.pbt_build\web\images\res\swauto.ico
C:\svil_11\Gestione_Associati\web.pbt_build\web\images\res\swcom.ico
C:\svil_11\Gestione_Associati\web.pbt_build\web\images\res\swjag.ico
C:\svil_11\Gestione_Associati\web.pbt_build\web\images\res\uparrow.bmp
C:\svil_11\Gestione_Associati\web.pbt_build\web\images\res\winlogo.ico
C:\svil_11\Gestione_Associati\web.pbt_build\web\images\res\wpgchkdd.bmp
C:\svil_11\Gestione_Associati\web.pbt_build\web\images\res\wpgchked.bmp
C:\svil_11\Gestione_Associati\web.pbt_build\web\images\res\wpgfldrs.bmp
C:\svil_11\Gestione_Associati\web.pbt_build\web\images\res\wpgport.bmp
C:\svil_11\Gestione_Associati\web.pbt_build\web\images\res\wpgserv.bmp
C:\svil_11\Gestione_Associati\web.pbt_build\web\images\res\wpgsvc.bmp
C:\svil_11\Gestione_Associati\web.pbt_build\web\RadControls\LicenseFile.xml
C:\svil_11\Gestione_Associati\web.pbt_build\web\RadControls\Calendar\Images\arrow.gif
C:\svil_11\Gestione_Associati\web.pbt_build\web\RadControls\Calendar\Skins\PB\Calendar.css
C:\svil_11\Gestione_Associati\web.pbt_build\web\RadControls\Calendar\Skins\PB\RadTimePicker.css
C:\svil_11\Gestione_Associati\web.pbt_build\web\RadControls\Calendar\Skins\PB\Img\arrowLeft.gif
C:\svil_11\Gestione_Associati\web.pbt_build\web\RadControls\Calendar\Skins\PB\Img\arrowRight.gif
C:\svil_11\Gestione_Associati\web.pbt_build\web\RadControls\Calendar\Skins\PB\Img\calendarBg.gif
C:\svil_11\Gestione_Associati\web.pbt_build\web\RadControls\Calendar\Skins\PB\Img\clock.gif
C:\svil_11\Gestione_Associati\web.pbt_build\web\RadControls\Calendar\Skins\PB\Img\clockHover.gif
C:\svil_11\Gestione_Associati\web.pbt_build\web\RadControls\Calendar\Skins\PB\Img\ContextMenuInputBg.gif
C:\svil_11\Gestione_Associati\web.pbt_build\web\RadControls\Calendar\Skins\PB\Img\datePickerPopup.gif
C:\svil_11\Gestione_Associati\web.pbt_build\web\RadControls\Calendar\Skins\PB\Img\datePickerPopupHover.gif
C:\svil_11\Gestione_Associati\web.pbt_build\web\RadControls\Calendar\Skins\PB\Img\fastNavLeft.gif
C:\svil_11\Gestione_Associati\web.pbt_build\web\RadControls\Calendar\Skins\PB\Img\fastNavRight.gif
C:\svil_11\Gestione_Associati\web.pbt_build\web\RadControls\Calendar\Skins\PB\Img\HoverBg.gif
C:\svil_11\Gestione_Associati\web.pbt_build\web\RadControls\Calendar\Skins\PB\Img\MonthYearFastNavBtnBg.gif
C:\svil_11\Gestione_Associati\web.pbt_build\web\RadControls\Calendar\Skins\PB\Img\selectBg.gif
C:\svil_11\Gestione_Associati\web.pbt_build\web\RadControls\Calendar\Skins\PB\Img\TodayBg.gif
C:\svil_11\Gestione_Associati\web.pbt_build\web\RadControls\Input\Skins\Default\styles.css
C:\svil_11\Gestione_Associati\web.pbt_build\web\RadControls\Input\Skins\Default\Img\button.gif
C:\svil_11\Gestione_Associati\web.pbt_build\web\RadControls\Input\Skins\Default\Img\buttondown.gif
C:\svil_11\Gestione_Associati\web.pbt_build\web\RadControls\Input\Skins\Default\Img\buttonup.gif
C:\svil_11\Gestione_Associati\web.pbt_build\web\RadControls\Input\Skins\Default\Img\default.gif
C:\svil_11\Gestione_Associati\web.pbt_build\web\RadControls\Input\Skins\Default\Img\error.gif
C:\svil_11\Gestione_Associati\web.pbt_build\web\RadControls\Input\Skins\Default\Img\focus.gif
C:\svil_11\Gestione_Associati\web.pbt_build\web\RadControls\Input\Skins\Default\Img\over.gif
C:\svil_11\Gestione_Associati\web.pbt_build\web\RadControls\Menu\Scripts\4_3_2\menu.css
C:\svil_11\Gestione_Associati\web.pbt_build\web\RadControls\Menu\Skins\PBContemporary\styles.css
C:\svil_11\Gestione_Associati\web.pbt_build\web\RadControls\Menu\Skins\PBContemporary\Img\bottom.gif
C:\svil_11\Gestione_Associati\web.pbt_build\web\RadControls\Menu\Skins\PBContemporary\Img\GroupBkg.gif
C:\svil_11\Gestione_Associati\web.pbt_build\web\RadControls\Menu\Skins\PBContemporary\Img\groupImage.gif
C:\svil_11\Gestione_Associati\web.pbt_build\web\RadControls\Menu\Skins\PBContemporary\Img\groupImageRTL.gif
C:\svil_11\Gestione_Associati\web.pbt_build\web\RadControls\Menu\Skins\PBContemporary\Img\left.gif
C:\svil_11\Gestione_Associati\web.pbt_build\web\RadControls\Menu\Skins\PBContemporary\Img\right.gif
C:\svil_11\Gestione_Associati\web.pbt_build\web\RadControls\Menu\Skins\PBContemporary\Img\RootItemBkg.gif
C:\svil_11\Gestione_Associati\web.pbt_build\web\RadControls\Menu\Skins\PBContemporary\Img\RootItemFocusedBkg.gif
C:\svil_11\Gestione_Associati\web.pbt_build\web\RadControls\Menu\Skins\PBContemporary\Img\top.gif
C:\svil_11\Gestione_Associati\web.pbt_build\web\RadControls\Menu\Skins\PBTraditional\styles.css
C:\svil_11\Gestione_Associati\web.pbt_build\web\RadControls\Menu\Skins\PBTraditional\img\bottom.gif
C:\svil_11\Gestione_Associati\web.pbt_build\web\RadControls\Menu\Skins\PBTraditional\img\groupImage.gif
C:\svil_11\Gestione_Associati\web.pbt_build\web\RadControls\Menu\Skins\PBTraditional\img\invertedGroupImage.gif
C:\svil_11\Gestione_Associati\web.pbt_build\web\RadControls\Menu\Skins\PBTraditional\img\left.gif
C:\svil_11\Gestione_Associati\web.pbt_build\web\RadControls\Menu\Skins\PBTraditional\img\right.gif
C:\svil_11\Gestione_Associati\web.pbt_build\web\RadControls\Menu\Skins\PBTraditional\img\top.gif
C:\svil_11\Gestione_Associati\web.pbt_build\web\RadControls\Toolbar\Skins\PBContemporary\PBContemporary.css
C:\svil_11\Gestione_Associati\web.pbt_build\web\RadControls\Toolbar\Skins\PBContemporary\img\separator_h.gif
C:\svil_11\Gestione_Associati\web.pbt_build\web\RadControls\Toolbar\Skins\PBContemporary\img\toolbarLeft.bmp
C:\svil_11\Gestione_Associati\web.pbt_build\web\RadControls\Toolbar\Skins\PBContemporary\img\toolbarRight.bmp
C:\svil_11\Gestione_Associati\web.pbt_build\web\RadControls\Toolbar\Skins\PBTraditional\PBTraditional.css
C:\svil_11\Gestione_Associati\web.pbt_build\web\RadControls\Toolbar\Skins\PBTraditional\img\separator_h.gif
C:\svil_11\Gestione_Associati\web.pbt_build\web\RadControls\Toolbar\Skins\PBTraditional\img\toolbarLeft.bmp
C:\svil_11\Gestione_Associati\web.pbt_build\web\RadControls\Toolbar\Skins\PBTraditional\img\toolbarRight.bmp
C:\svil_11\Gestione_Associati\web.pbt_build\web\scripts\AppendRow.gif
C:\svil_11\Gestione_Associati\web.pbt_build\web\scripts\Cancel.gif
C:\svil_11\Gestione_Associati\web.pbt_build\web\scripts\DeleteRow.gif
C:\svil_11\Gestione_Associati\web.pbt_build\web\scripts\dwcommon.js
C:\svil_11\Gestione_Associati\web.pbt_build\web\scripts\dwdatetime.js
C:\svil_11\Gestione_Associati\web.pbt_build\web\scripts\dwnumber.js
C:\svil_11\Gestione_Associati\web.pbt_build\web\scripts\dwstring.js
C:\svil_11\Gestione_Associati\web.pbt_build\web\scripts\Filter.gif
C:\svil_11\Gestione_Associati\web.pbt_build\web\scripts\InsertRow.gif
C:\svil_11\Gestione_Associati\web.pbt_build\web\scripts\PageFirst.gif
C:\svil_11\Gestione_Associati\web.pbt_build\web\scripts\PageLast.gif
C:\svil_11\Gestione_Associati\web.pbt_build\web\scripts\PageNext.gif
C:\svil_11\Gestione_Associati\web.pbt_build\web\scripts\PagePrior.gif
C:\svil_11\Gestione_Associati\web.pbt_build\web\scripts\PBCheckBox.js
C:\svil_11\Gestione_Associati\web.pbt_build\web\scripts\PBCollections.js
C:\svil_11\Gestione_Associati\web.pbt_build\web\scripts\PBCommonUtil.js
C:\svil_11\Gestione_Associati\web.pbt_build\web\scripts\PBConst.js
C:\svil_11\Gestione_Associati\web.pbt_build\web\scripts\PBDataWindow.js
C:\svil_11\Gestione_Associati\web.pbt_build\web\scripts\PBDatePicker.js
C:\svil_11\Gestione_Associati\web.pbt_build\web\scripts\PBEditMask.js
C:\svil_11\Gestione_Associati\web.pbt_build\web\scripts\PBFile.js
C:\svil_11\Gestione_Associati\web.pbt_build\web\scripts\PBGraph.js
C:\svil_11\Gestione_Associati\web.pbt_build\web\scripts\PBListView.js
C:\svil_11\Gestione_Associati\web.pbt_build\web\scripts\PBMenu.htc
C:\svil_11\Gestione_Associati\web.pbt_build\web\scripts\PBPDFPrinting.js
C:\svil_11\Gestione_Associati\web.pbt_build\web\scripts\PBPicture.js
C:\svil_11\Gestione_Associati\web.pbt_build\web\scripts\PBPictureListBox.js
C:\svil_11\Gestione_Associati\web.pbt_build\web\scripts\PBProgressBar.js
C:\svil_11\Gestione_Associati\web.pbt_build\web\scripts\PBRichEdit.js
C:\svil_11\Gestione_Associati\web.pbt_build\web\scripts\PBScrollBar.js
C:\svil_11\Gestione_Associati\web.pbt_build\web\scripts\PBStatic.js
C:\svil_11\Gestione_Associati\web.pbt_build\web\scripts\PBTab.js
C:\svil_11\Gestione_Associati\web.pbt_build\web\scripts\PBTextBox.js
C:\svil_11\Gestione_Associati\web.pbt_build\web\scripts\PBTextBoxWithoutClipboard.js
C:\svil_11\Gestione_Associati\web.pbt_build\web\scripts\PBTreeView.js
C:\svil_11\Gestione_Associati\web.pbt_build\web\scripts\PBWindow.js
C:\svil_11\Gestione_Associati\web.pbt_build\web\scripts\Preview.gif
C:\svil_11\Gestione_Associati\web.pbt_build\web\scripts\Print2.gif
C:\svil_11\Gestione_Associati\web.pbt_build\web\scripts\QueryClear.gif
C:\svil_11\Gestione_Associati\web.pbt_build\web\scripts\QueryModeOn.gif
C:\svil_11\Gestione_Associati\web.pbt_build\web\scripts\QuerySortOn.gif
C:\svil_11\Gestione_Associati\web.pbt_build\web\scripts\Retrieve.gif
C:\svil_11\Gestione_Associati\web.pbt_build\web\scripts\Ruler.gif
C:\svil_11\Gestione_Associati\web.pbt_build\web\scripts\SaveRowsAs.gif
C:\svil_11\Gestione_Associati\web.pbt_build\web\scripts\Sort.gif
C:\svil_11\Gestione_Associati\web.pbt_build\web\scripts\Update.gif
1131 File copiati

C:\svil_11\Gestione_Associati\web.pbt_build>rd /S /Q "C:\svil_11\Gestione_Associati\web.pbt_build\web"  

C:\svil_11\Gestione_Associati\web.pbt_build>if not exist "c:\inetpub\wwwroot\web_root" mkdir "c:\inetpub\wwwroot\web_root"  

C:\svil_11\Gestione_Associati\web.pbt_build>xcopy /Y /E /D "C:\svil_11\Gestione_Associati\web.pbt_build\web_root" "c:\inetpub\wwwroot\web_root"  
C:\svil_11\Gestione_Associati\web.pbt_build\web_root\file\common\c\~pl_\Sybase.PowerBuilder.System.pbd
1 File copiati

C:\svil_11\Gestione_Associati\web.pbt_build>rd /S /Q "C:\svil_11\Gestione_Associati\web.pbt_build\web_root"  

C:\svil_11\Gestione_Associati\web.pbt_build>call "C:\svil_11\Gestione_Associati\web.pbt_build\pb79.tmp.bat"  

C:\svil_11\Gestione_Associati\web.pbt_build>net user ASPNET    
Nome utente                           ASPNET
Nome completo                         ASP.NET Machine Account
Commento                              Account used for running the ASP.NET worker process (aspnet_wp.exe)
Commento utente                       Account used for running the ASP.NET worker process (aspnet_wp.exe)
Codice del paese                      000 (Predefinito del sistema)
Account attivo                        S
Scadenza account                      Mai

Ultima impostazione password          9/8/2011 10:03 AM
Scadenza password                     Mai
Password cambiabile                   9/8/2011 10:03 AM
Password richiesta                    No
L'utente pu cambiare la password     No

Workstation consentite                Tutti
Script di accesso                     
Profilo utente                        
Home directory                        
Ultimo accesso                        8/31/2010 12:37 PM

Ore di accesso consentito             Tutti

Appartenenze al gruppo locale         *Users                
Appartenenze al gruppo globale        *Nessuno              
Esecuzione comando riuscita.


C:\svil_11\Gestione_Associati\web.pbt_build>cacls "c:\inetpub\wwwroot\web\temp" /t /e /c /g ASPNET:f    
dir elaborate: c:\inetpub\wwwroot\web\temp

C:\svil_11\Gestione_Associati\web.pbt_build>cacls "c:\inetpub\wwwroot\web_root" /t /e /c /g ASPNET:f    
dir elaborate: c:\inetpub\wwwroot\web_root
dir elaborate: c:\inetpub\wwwroot\web_root\file
dir elaborate: c:\inetpub\wwwroot\web_root\log
dir elaborate: c:\inetpub\wwwroot\web_root\mail
dir elaborate: c:\inetpub\wwwroot\web_root\print
dir elaborate: c:\inetpub\wwwroot\web_root\file\common
dir elaborate: c:\inetpub\wwwroot\web_root\file\icon
dir elaborate: c:\inetpub\wwwroot\web_root\file\session
dir elaborate: c:\inetpub\wwwroot\web_root\file\users
dir elaborate: c:\inetpub\wwwroot\web_root\file\common\C
dir elaborate: c:\inetpub\wwwroot\web_root\file\common\C\svil_11
dir elaborate: c:\inetpub\wwwroot\web_root\file\common\C\temp
dir elaborate: c:\inetpub\wwwroot\web_root\file\common\C\~pl_
dir elaborate: c:\inetpub\wwwroot\web_root\file\common\C\svil_11\Gestione_Associati
file elaborati: c:\inetpub\wwwroot\web_root\file\common\C\~pl_\Sybase.PowerBuilder.System.pbd
file elaborati: c:\inetpub\wwwroot\web_root\file\common\C\~pl_\web.pbd
dir elaborate: c:\inetpub\wwwroot\web_root\mail\session
dir elaborate: c:\inetpub\wwwroot\web_root\mail\users
dir elaborate: c:\inetpub\wwwroot\web_root\print\session
dir elaborate: c:\inetpub\wwwroot\web_root\print\users

C:\svil_11\Gestione_Associati\web.pbt_build>net localgroup IIS_WPG     
Errore di sistema 1376.

Il gruppo locale specificato non esiste.

IIS_WPG [IIS 6] was not found.

C:\svil_11\Gestione_Associati\web.pbt_build>goto groupstep_iis7     

C:\svil_11\Gestione_Associati\web.pbt_build>net localgroup IIS_IUSRS     
Errore di sistema 1376.

Il gruppo locale specificato non esiste.

IIS_IUSRS [IIS 7] was not found.

C:\svil_11\Gestione_Associati\web.pbt_build>goto end    

C:\svil_11\Gestione_Associati\web.pbt_build>del  "C:\svil_11\Gestione_Associati\web.pbt_build\pb79.tmp.bat" 
Impossibile trovare il file batch.

C:\svil_11\Gestione_Associati\web.pbt_build>del "C:\svil_11\Gestione_Associati\web.pbt_build\deploywebapptoserver.bat"  
Impossibile trovare il file batch.
Deploying PowerBuilder .NET assemblies succeeded.
